Archive member included to satisfy reference by file (symbol)

../src/ASF/thirdparty/wireless/services/common_hw_timer/sam0/lib\libsam0_lib_hw_timer.a(common_hw_timer.o)
                              src/ASF/thirdparty/wireless/services/common_hw_timer/sam0/hw_timer.o (tmr_ovf_callback)
c:/program files (x86)/atmel/studio/7.0/toolchain/arm/arm-gnu-toolchain/bin/../lib/gcc/arm-none-eabi/5.3.1/armv6-m\libgcc.a(_udivsi3.o)
                              src/console.o (__aeabi_uidiv)
c:/program files (x86)/atmel/studio/7.0/toolchain/arm/arm-gnu-toolchain/bin/../lib/gcc/arm-none-eabi/5.3.1/armv6-m\libgcc.a(_divsi3.o)
                              ../src/ASF/thirdparty/wireless/services/common_hw_timer/sam0/lib\libsam0_lib_hw_timer.a(common_hw_timer.o) (__aeabi_idiv)
c:/program files (x86)/atmel/studio/7.0/toolchain/arm/arm-gnu-toolchain/bin/../lib/gcc/arm-none-eabi/5.3.1/armv6-m\libgcc.a(_dvmd_tls.o)
                              c:/program files (x86)/atmel/studio/7.0/toolchain/arm/arm-gnu-toolchain/bin/../lib/gcc/arm-none-eabi/5.3.1/armv6-m\libgcc.a(_udivsi3.o) (__aeabi_idiv0)
c:/program files (x86)/atmel/studio/7.0/toolchain/arm/arm-gnu-toolchain/bin/../lib/gcc/arm-none-eabi/5.3.1/armv6-m\libgcc.a(_muldi3.o)
                              src/ASF/sam0/drivers/sercom/sercom.o (__aeabi_lmul)
c:/program files (x86)/atmel/studio/7.0/toolchain/arm/arm-gnu-toolchain/bin/../lib/gcc/arm-none-eabi/5.3.1/../../../../arm-none-eabi/lib/armv6-m\libc_nano.a(lib_a-exit.o)
                              c:/program files (x86)/atmel/studio/7.0/toolchain/arm/arm-gnu-toolchain/bin/../lib/gcc/arm-none-eabi/5.3.1/../../../../arm-none-eabi/lib/armv6-m/crt0.o (exit)
c:/program files (x86)/atmel/studio/7.0/toolchain/arm/arm-gnu-toolchain/bin/../lib/gcc/arm-none-eabi/5.3.1/../../../../arm-none-eabi/lib/armv6-m\libc_nano.a(lib_a-impure.o)
                              c:/program files (x86)/atmel/studio/7.0/toolchain/arm/arm-gnu-toolchain/bin/../lib/gcc/arm-none-eabi/5.3.1/../../../../arm-none-eabi/lib/armv6-m\libc_nano.a(lib_a-exit.o) (_global_impure_ptr)
c:/program files (x86)/atmel/studio/7.0/toolchain/arm/arm-gnu-toolchain/bin/../lib/gcc/arm-none-eabi/5.3.1/../../../../arm-none-eabi/lib/armv6-m\libc_nano.a(lib_a-init.o)
                              c:/program files (x86)/atmel/studio/7.0/toolchain/arm/arm-gnu-toolchain/bin/../lib/gcc/arm-none-eabi/5.3.1/../../../../arm-none-eabi/lib/armv6-m/crt0.o (__libc_init_array)
c:/program files (x86)/atmel/studio/7.0/toolchain/arm/arm-gnu-toolchain/bin/../lib/gcc/arm-none-eabi/5.3.1/../../../../arm-none-eabi/lib/armv6-m\libc_nano.a(lib_a-memcpy-stub.o)
                              src/security/security.o (memcpy)
c:/program files (x86)/atmel/studio/7.0/toolchain/arm/arm-gnu-toolchain/bin/../lib/gcc/arm-none-eabi/5.3.1/../../../../arm-none-eabi/lib/armv6-m\libc_nano.a(lib_a-memset.o)
                              c:/program files (x86)/atmel/studio/7.0/toolchain/arm/arm-gnu-toolchain/bin/../lib/gcc/arm-none-eabi/5.3.1/../../../../arm-none-eabi/lib/armv6-m/crt0.o (memset)
c:/program files (x86)/atmel/studio/7.0/toolchain/arm/arm-gnu-toolchain/bin/../lib/gcc/arm-none-eabi/5.3.1/../../../../arm-none-eabi/lib/armv6-m\libc_nano.a(lib_a-setbuf.o)
                              src/ASF/thirdparty/wireless/addons/sio2host/uart/sio2host.o (setbuf)
c:/program files (x86)/atmel/studio/7.0/toolchain/arm/arm-gnu-toolchain/bin/../lib/gcc/arm-none-eabi/5.3.1/../../../../arm-none-eabi/lib/armv6-m\libc_nano.a(lib_a-setvbuf.o)
                              c:/program files (x86)/atmel/studio/7.0/toolchain/arm/arm-gnu-toolchain/bin/../lib/gcc/arm-none-eabi/5.3.1/../../../../arm-none-eabi/lib/armv6-m\libc_nano.a(lib_a-setbuf.o) (setvbuf)
c:/program files (x86)/atmel/studio/7.0/toolchain/arm/arm-gnu-toolchain/bin/../lib/gcc/arm-none-eabi/5.3.1/../../../../arm-none-eabi/lib/armv6-m\libc_nano.a(lib_a-fflush.o)
                              c:/program files (x86)/atmel/studio/7.0/toolchain/arm/arm-gnu-toolchain/bin/../lib/gcc/arm-none-eabi/5.3.1/../../../../arm-none-eabi/lib/armv6-m\libc_nano.a(lib_a-setvbuf.o) (_fflush_r)
c:/program files (x86)/atmel/studio/7.0/toolchain/arm/arm-gnu-toolchain/bin/../lib/gcc/arm-none-eabi/5.3.1/../../../../arm-none-eabi/lib/armv6-m\libc_nano.a(lib_a-findfp.o)
                              c:/program files (x86)/atmel/studio/7.0/toolchain/arm/arm-gnu-toolchain/bin/../lib/gcc/arm-none-eabi/5.3.1/../../../../arm-none-eabi/lib/armv6-m\libc_nano.a(lib_a-setvbuf.o) (__sinit)
c:/program files (x86)/atmel/studio/7.0/toolchain/arm/arm-gnu-toolchain/bin/../lib/gcc/arm-none-eabi/5.3.1/../../../../arm-none-eabi/lib/armv6-m\libc_nano.a(lib_a-fwalk.o)
                              c:/program files (x86)/atmel/studio/7.0/toolchain/arm/arm-gnu-toolchain/bin/../lib/gcc/arm-none-eabi/5.3.1/../../../../arm-none-eabi/lib/armv6-m\libc_nano.a(lib_a-findfp.o) (_fwalk)
[...]
Memory Configuration

Name             Origin             Length             Attributes
rom              0x00000000         0x00040000         xr
ram              0x20000000         0x00008000         xrw
lpram            0x30000000         0x00002000         xrw
*default*        0x00000000         0xffffffff

Linker script and memory map

LOAD c:/program files (x86)/atmel/studio/7.0/toolchain/arm/arm-gnu-toolchain/bin/../lib/gcc/arm-none-eabi/5.3.1/armv6-m/crti.o
LOAD c:/program files (x86)/atmel/studio/7.0/toolchain/arm/arm-gnu-toolchain/bin/../lib/gcc/arm-none-eabi/5.3.1/armv6-m/crtbegin.o
LOAD c:/program files (x86)/atmel/studio/7.0/toolchain/arm/arm-gnu-toolchain/bin/../lib/gcc/arm-none-eabi/5.3.1/../../../../arm-none-eabi/lib/armv6-m/crt0.o
LOAD src/button.o
LOAD src/console.o
LOAD src/framework/driver/drv_miwi_at86rf212.o
LOAD src/framework/miwi/miwi_p2p_star.o
LOAD src/security/security.o
LOAD src/timer.o
LOAD src/ASF/common2/services/delay/sam0/systick_counter.o
LOAD src/ASF/common/utils/interrupt/interrupt_sam_nvic.o
LOAD src/ASF/sam0/boards/samr30_xplained_pro/board_init.o
LOAD src/ASF/sam0/drivers/extint/extint_callback.o
LOAD src/ASF/sam0/drivers/extint/extint_sam_l_c/extint.o
LOAD src/ASF/sam0/drivers/port/port.o
LOAD src/ASF/sam0/drivers/sercom/sercom.o
LOAD src/ASF/sam0/drivers/sercom/sercom_interrupt.o
LOAD src/ASF/sam0/drivers/sercom/spi/spi.o
LOAD src/ASF/sam0/drivers/sercom/usart/usart.o
LOAD src/ASF/sam0/drivers/sercom/usart/usart_interrupt.o
LOAD src/ASF/sam0/drivers/system/clock/clock_samr30/clock.o
LOAD src/ASF/sam0/drivers/system/clock/clock_samr30/gclk.o
LOAD src/ASF/sam0/drivers/system/interrupt/system_interrupt.o
LOAD src/ASF/sam0/drivers/system/pinmux/pinmux.o
LOAD src/ASF/sam0/drivers/system/system.o
LOAD src/ASF/sam0/drivers/tc/tc_interrupt.o
LOAD src/ASF/sam0/drivers/tc/tc_sam_l_c/tc.o
LOAD src/ASF/sam0/utils/cmsis/samr30/source/gcc/startup_samr30.o
LOAD src/ASF/sam0/utils/cmsis/samr30/source/system_samr30.o
LOAD src/ASF/sam0/utils/stdio/read.o
LOAD src/ASF/sam0/utils/stdio/write.o
LOAD src/ASF/sam0/utils/syscalls/gcc/syscalls.o
LOAD src/ASF/thirdparty/wireless/addons/sio2host/uart/sio2host.o
LOAD src/ASF/thirdparty/wireless/services/common_hw_timer/sam0/hw_timer.o
LOAD src/ASF/thirdparty/wireless/services/trx_access/trx_access.o
LOAD src/main.o
START GROUP
LOAD ../src/ASF/thirdparty/wireless/services/common_hw_timer/sam0/lib\libsam0_lib_hw_timer.a
LOAD ../src/ASF/thirdparty/CMSIS/Lib/GCC\libarm_cortexM0l_math.a
LOAD c:/program files (x86)/atmel/studio/7.0/toolchain/arm/arm-gnu-toolchain/bin/../lib/gcc/arm-none-eabi/5.3.1/../../../../arm-none-eabi/lib/armv6-m\libm.a
END GROUP
START GROUP
LOAD c:/program files (x86)/atmel/studio/7.0/toolchain/arm/arm-gnu-toolchain/bin/../lib/gcc/arm-none-eabi/5.3.1/armv6-m\libgcc.a
LOAD c:/program files (x86)/atmel/studio/7.0/toolchain/arm/arm-gnu-toolchain/bin/../lib/gcc/arm-none-eabi/5.3.1/../../../../arm-none-eabi/lib/armv6-m\libc_nano.a
END GROUP
START GROUP
LOAD c:/program files (x86)/atmel/studio/7.0/toolchain/arm/arm-gnu-toolchain/bin/../lib/gcc/arm-none-eabi/5.3.1/armv6-m\libgcc.a
LOAD c:/program files (x86)/atmel/studio/7.0/toolchain/arm/arm-gnu-toolchain/bin/../lib/gcc/arm-none-eabi/5.3.1/../../../../arm-none-eabi/lib/armv6-m\libc_nano.a
END GROUP
LOAD c:/program files (x86)/atmel/studio/7.0/toolchain/arm/arm-gnu-toolchain/bin/../lib/gcc/arm-none-eabi/5.3.1/armv6-m/crtend.o
LOAD c:/program files (x86)/atmel/studio/7.0/toolchain/arm/arm-gnu-toolchain/bin/../lib/gcc/arm-none-eabi/5.3.1/armv6-m/crtn.o
                0x00002000                STACK_SIZE = DEFINED (STACK_SIZE)?STACK_SIZE:DEFINED (__stack_size__)?__stack_size__:0x2000

.text           0x00000000     0x57b0
                0x00000000                . = ALIGN (0x4)
                0x00000000                _sfixed = .
 *(.vectors .vectors.*)
 .vectors       0x00000000       0xb4 src/ASF/sam0/utils/cmsis/samr30/source/gcc/startup_samr30.o
                0x00000000                exception_table
 *(.text .text.* .gnu.linkonce.t.*)
 .text          0x000000b4       0x60 c:/program files (x86)/atmel/studio/7.0/toolchain/arm/arm-gnu-toolchain/bin/../lib/gcc/arm-none-eabi/5.3.1/armv6-m/crtbegin.o
 .text.ButtonPressed
                0x00000114       0x64 src/button.o
                0x00000114                ButtonPressed
 .text.CONSOLE_PutString
                0x00000178       0x20 src/console.o
                0x00000178                CONSOLE_PutString
 .text.CONSOLE_PrintHex
                0x00000198       0x20 src/console.o
                0x00000198                CONSOLE_PrintHex
 .text.print_rx_message
                0x000001b8       0xac src/console.o
                0x000001b8                print_rx_message
 .text.phyTrxSetState
                0x00000264       0x3c src/framework/driver/drv_miwi_at86rf212.o
 .text.phySetRxState
                0x000002a0       0x2c src/framework/driver/drv_miwi_at86rf212.o
 .text.PHY_DataReq
                0x000002cc       0x4c src/framework/driver/drv_miwi_at86rf212.o
                0x000002cc                PHY_DataReq
 .text.PHY_RandomReq
                0x00000318       0x50 src/framework/driver/drv_miwi_at86rf212.o
                0x00000318                PHY_RandomReq
 .text.PHY_Init
                0x00000368       0x54 src/framework/driver/drv_miwi_at86rf212.o
                0x00000368                PHY_Init
 .text.PHY_SetChannel
                0x000003bc       0x28 src/framework/driver/drv_miwi_at86rf212.o
                0x000003bc                PHY_SetChannel
 .text.PHY_SetPanId
                0x000003e4       0x20 src/framework/driver/drv_miwi_at86rf212.o
                0x000003e4                PHY_SetPanId
 .text.PHY_SetShortAddr
                0x00000404       0x2c src/framework/driver/drv_miwi_at86rf212.o
                0x00000404                PHY_SetShortAddr
 .text.PHY_EncryptReq
                0x00000430       0x2c src/framework/driver/drv_miwi_at86rf212.o
                0x00000430                PHY_EncryptReq
 .text.MiMAC_SetAltAddress
                0x0000045c       0x3c src/framework/driver/drv_miwi_at86rf212.o
                0x0000045c                MiMAC_SetAltAddress
 .text.mic_generator
                0x00000498      0x134 src/framework/driver/drv_miwi_at86rf212.o
                0x00000498                mic_generator
 .text.DataEncrypt
                0x000005cc      0x11c src/framework/driver/drv_miwi_at86rf212.o
                0x000005cc                DataEncrypt
 .text.validate_mic
                0x000006e8       0x40 src/framework/driver/drv_miwi_at86rf212.o
                0x000006e8                validate_mic
 .text.DataDecrypt
                0x00000728      0x13c src/framework/driver/drv_miwi_at86rf212.o
                0x00000728                DataDecrypt
 .text.MiMAC_SetChannel
                0x00000864       0x24 src/framework/driver/drv_miwi_at86rf212.o
                0x00000864                MiMAC_SetChannel
 .text.MiMAC_SendPacket
                0x00000888      0x308 src/framework/driver/drv_miwi_at86rf212.o
                0x00000888                MiMAC_SendPacket
 .text.PHY_SetIEEEAddr
                0x00000b90       0x20 src/framework/driver/drv_miwi_at86rf212.o
                0x00000b90                PHY_SetIEEEAddr
 .text.MiMAC_Init
                0x00000bb0       0x7c src/framework/driver/drv_miwi_at86rf212.o
                0x00000bb0                MiMAC_Init
 .text.MiMAC_DiscardPacket
                0x00000c2c       0x1c src/framework/driver/drv_miwi_at86rf212.o
                0x00000c2c                MiMAC_DiscardPacket
 .text.MiMAC_ReceivedPacket
                0x00000c48      0x4a0 src/framework/driver/drv_miwi_at86rf212.o
                0x00000c48                MiMAC_ReceivedPacket
 .text.PHY_PacketReceieved
                0x000010e8      0x114 src/framework/driver/drv_miwi_at86rf212.o
                0x000010e8                PHY_PacketReceieved
 .text.Total_Connections
                0x000011fc       0x24 src/framework/miwi/miwi_p2p_star.o
                0x000011fc                Total_Connections
 .text.SendPacket
                0x00001220       0x78 src/framework/miwi/miwi_p2p_star.o
                0x00001220                SendPacket
 .text.MiApp_BroadcastPacket
                0x00001298       0x20 src/framework/miwi/miwi_p2p_star.o
                0x00001298                MiApp_BroadcastPacket
 .text.MiApp_UnicastAddress
                0x000012b8       0x20 src/framework/miwi/miwi_p2p_star.o
                0x000012b8                MiApp_UnicastAddress
 .text.MiApp_UnicastConnection
                0x000012d8       0x34 src/framework/miwi/miwi_p2p_star.o
                0x000012d8                MiApp_UnicastConnection
 .text.isSameAddress
                0x0000130c       0x2c src/framework/miwi/miwi_p2p_star.o
                0x0000130c                isSameAddress
 .text.MiApp_StartConnection
                0x00001338       0x34 src/framework/miwi/miwi_p2p_star.o
                0x00001338                MiApp_StartConnection
 .text.MiApp_DiscardMessage
                0x0000136c       0x1c src/framework/miwi/miwi_p2p_star.o
                0x0000136c                MiApp_DiscardMessage
 .text.MiApp_SetChannel
                0x00001388       0x1c src/framework/miwi/miwi_p2p_star.o
                0x00001388                MiApp_SetChannel
 .text.MiApp_ProtocolInit
                0x000013a4      0x130 src/framework/miwi/miwi_p2p_star.o
                0x000013a4                MiApp_ProtocolInit
 .text.AddConnection
                0x000014d4       0xf0 src/framework/miwi/miwi_p2p_star.o
                0x000014d4                AddConnection
 .text.P2PTasks
                0x000015c4      0x34c src/framework/miwi/miwi_p2p_star.o
                0x000015c4                P2PTasks
 .text.MiApp_MessageAvailable
                0x00001910       0x18 src/framework/miwi/miwi_p2p_star.o
                0x00001910                MiApp_MessageAvailable
 .text.MiApp_EstablishConnection
                0x00001928       0xfc src/framework/miwi/miwi_p2p_star.o
                0x00001928                MiApp_EstablishConnection
 .text.MiApp_ConnectionMode
                0x00001a24       0x20 src/framework/miwi/miwi_p2p_star.o
                0x00001a24                MiApp_ConnectionMode
 .text.sal_aes_wrrd
                0x00001a44       0x6c src/security/security.o
                0x00001a44                sal_aes_wrrd
 .text.sal_aes_setup
                0x00001ab0      0x138 src/security/security.o
                0x00001ab0                sal_aes_setup
 .text.sal_aes_read
                0x00001be8       0x14 src/security/security.o
                0x00001be8                sal_aes_read
 .text.configure_tc
                0x00001bfc       0xa0 src/timer.o
                0x00001bfc                configure_tc
 .text.MiWi_TickGet
                0x00001c9c       0x14 src/timer.o
                0x00001c9c                MiWi_TickGet
 .text.delay_init
                0x00001cb0       0x40 src/ASF/common2/services/delay/sam0/systick_counter.o
                0x00001cb0                delay_init
 .text.delay_cycles_us
                0x00001cf0       0x2c src/ASF/common2/services/delay/sam0/systick_counter.o
                0x00001cf0                delay_cycles_us
 .text.cpu_irq_enter_critical
                0x00001d1c       0x40 src/ASF/common/utils/interrupt/interrupt_sam_nvic.o
                0x00001d1c                cpu_irq_enter_critical
 .text.cpu_irq_leave_critical
                0x00001d5c       0x30 src/ASF/common/utils/interrupt/interrupt_sam_nvic.o
                0x00001d5c                cpu_irq_leave_critical
 .text.system_board_init
                0x00001d8c       0xe8 src/ASF/sam0/boards/samr30_xplained_pro/board_init.o
                0x00001d8c                board_init
                0x00001d8c                system_board_init
 .text.extint_register_callback
                0x00001e74       0x2c src/ASF/sam0/drivers/extint/extint_callback.o
                0x00001e74                extint_register_callback
 .text.extint_chan_enable_callback
                0x00001ea0       0x20 src/ASF/sam0/drivers/extint/extint_callback.o
                0x00001ea0                extint_chan_enable_callback
 .text.extint_chan_disable_callback
                0x00001ec0       0x20 src/ASF/sam0/drivers/extint/extint_callback.o
                0x00001ec0                extint_chan_disable_callback
 .text.EIC_Handler
                0x00001ee0       0x68 src/ASF/sam0/drivers/extint/extint_callback.o
                0x00001ee0                EIC_Handler
 .text._extint_enable
                0x00001f48       0x20 src/ASF/sam0/drivers/extint/extint_sam_l_c/extint.o
 .text._extint_disable
                0x00001f68       0x20 src/ASF/sam0/drivers/extint/extint_sam_l_c/extint.o
 .text._system_extint_init
                0x00001f88       0x68 src/ASF/sam0/drivers/extint/extint_sam_l_c/extint.o
                0x00001f88                _system_extint_init
 .text.extint_chan_get_config_defaults
                0x00001ff0       0x14 src/ASF/sam0/drivers/extint/extint_sam_l_c/extint.o
                0x00001ff0                extint_chan_get_config_defaults
 .text.extint_chan_set_config
                0x00002004       0x88 src/ASF/sam0/drivers/extint/extint_sam_l_c/extint.o
                0x00002004                extint_chan_set_config
 .text.port_pin_set_config
                0x0000208c       0x24 src/ASF/sam0/drivers/port/port.o
                0x0000208c                port_pin_set_config
 .text._sercom_get_sync_baud_val
                0x000020b0       0x28 src/ASF/sam0/drivers/sercom/sercom.o
                0x000020b0                _sercom_get_sync_baud_val
 .text._sercom_get_async_baud_val
                0x000020d8      0x1c8 src/ASF/sam0/drivers/sercom/sercom.o
                0x000020d8                _sercom_get_async_baud_val
 .text.sercom_set_gclk_generator
                0x000022a0       0x4c src/ASF/sam0/drivers/sercom/sercom.o
                0x000022a0                sercom_set_gclk_generator
 .text._sercom_get_default_pad
                0x000022ec      0x184 src/ASF/sam0/drivers/sercom/sercom.o
                0x000022ec                _sercom_get_default_pad
 .text._sercom_get_sercom_inst_index
                0x00002470       0x3c src/ASF/sam0/drivers/sercom/sercom.o
                0x00002470                _sercom_get_sercom_inst_index
 .text._sercom_default_handler
                0x000024ac        0x4 src/ASF/sam0/drivers/sercom/sercom_interrupt.o
 .text._sercom_set_handler
                0x000024b0       0x3c src/ASF/sam0/drivers/sercom/sercom_interrupt.o
                0x000024b0                _sercom_set_handler
 .text._sercom_get_interrupt_vector
                0x000024ec       0x2c src/ASF/sam0/drivers/sercom/sercom_interrupt.o
                0x000024ec                _sercom_get_interrupt_vector
 .text.SERCOM0_Handler
                0x00002518       0x10 src/ASF/sam0/drivers/sercom/sercom_interrupt.o
                0x00002518                SERCOM0_Handler
 .text.SERCOM1_Handler
                0x00002528       0x10 src/ASF/sam0/drivers/sercom/sercom_interrupt.o
                0x00002528                SERCOM1_Handler
 .text.SERCOM2_Handler
                0x00002538       0x10 src/ASF/sam0/drivers/sercom/sercom_interrupt.o
                0x00002538                SERCOM2_Handler
 .text.SERCOM3_Handler
                0x00002548       0x10 src/ASF/sam0/drivers/sercom/sercom_interrupt.o
                0x00002548                SERCOM3_Handler
 .text.SERCOM4_Handler
                0x00002558       0x10 src/ASF/sam0/drivers/sercom/sercom_interrupt.o
                0x00002558                SERCOM4_Handler
 .text.SERCOM5_Handler
                0x00002568       0x10 src/ASF/sam0/drivers/sercom/sercom_interrupt.o
                0x00002568                SERCOM5_Handler
 .text.spi_init
                0x00002578      0x2c8 src/ASF/sam0/drivers/sercom/spi/spi.o
                0x00002578                spi_init
 .text.spi_select_slave
                0x00002840       0xf0 src/ASF/sam0/drivers/sercom/spi/spi.o
                0x00002840                spi_select_slave
 .text.usart_init
                0x00002930      0x364 src/ASF/sam0/drivers/sercom/usart/usart.o
                0x00002930                usart_init
 .text.usart_write_wait
                0x00002c94       0x2c src/ASF/sam0/drivers/sercom/usart/usart.o
                0x00002c94                usart_write_wait
 .text.usart_read_wait
                0x00002cc0       0x70 src/ASF/sam0/drivers/sercom/usart/usart.o
                0x00002cc0                usart_read_wait
 .text.usart_write_buffer_wait
                0x00002d30       0xb8 src/ASF/sam0/drivers/sercom/usart/usart.o
                0x00002d30                usart_write_buffer_wait
 .text.usart_read_buffer_wait
                0x00002de8       0x94 src/ASF/sam0/drivers/sercom/usart/usart.o
                0x00002de8                usart_read_buffer_wait
 .text._usart_interrupt_handler
                0x00002e7c      0x18c src/ASF/sam0/drivers/sercom/usart/usart_interrupt.o
                0x00002e7c                _usart_interrupt_handler
 .text.system_clock_source_get_hz
                0x00003008       0x94 src/ASF/sam0/drivers/system/clock/clock_samr30/clock.o
                0x00003008                system_clock_source_get_hz
 .text.system_clock_source_osc16m_set_config
                0x0000309c       0x38 src/ASF/sam0/drivers/system/clock/clock_samr30/clock.o
                0x0000309c                system_clock_source_osc16m_set_config
 .text.system_clock_source_osc32k_set_config
                0x000030d4       0x88 src/ASF/sam0/drivers/system/clock/clock_samr30/clock.o
                0x000030d4                system_clock_source_osc32k_set_config
 .text.system_clock_source_enable
                0x0000315c       0xbc src/ASF/sam0/drivers/system/clock/clock_samr30/clock.o
                0x0000315c                system_clock_source_enable
 .text.system_clock_source_disable
                0x00003218       0x80 src/ASF/sam0/drivers/system/clock/clock_samr30/clock.o
                0x00003218                system_clock_source_disable
 .text.system_clock_init
                0x00003298      0x170 src/ASF/sam0/drivers/system/clock/clock_samr30/clock.o
                0x00003298                system_clock_init
 .text.system_gclk_init
                0x00003408       0x24 src/ASF/sam0/drivers/system/clock/clock_samr30/gclk.o
                0x00003408                system_gclk_init
 .text.system_gclk_gen_set_config
                0x0000342c       0xac src/ASF/sam0/drivers/system/clock/clock_samr30/gclk.o
                0x0000342c                system_gclk_gen_set_config
 .text.system_gclk_gen_enable
                0x000034d8       0x40 src/ASF/sam0/drivers/system/clock/clock_samr30/gclk.o
                0x000034d8                system_gclk_gen_enable
 .text.system_gclk_gen_get_hz
                0x00003518       0x6c src/ASF/sam0/drivers/system/clock/clock_samr30/gclk.o
                0x00003518                system_gclk_gen_get_hz
 .text.system_gclk_chan_enable
                0x00003584       0x38 src/ASF/sam0/drivers/system/clock/clock_samr30/gclk.o
                0x00003584                system_gclk_chan_enable
 .text.system_gclk_chan_disable
                0x000035bc       0x38 src/ASF/sam0/drivers/system/clock/clock_samr30/gclk.o
                0x000035bc                system_gclk_chan_disable
 .text.system_gclk_chan_set_config
                0x000035f4       0x24 src/ASF/sam0/drivers/system/clock/clock_samr30/gclk.o
                0x000035f4                system_gclk_chan_set_config
 .text.system_gclk_chan_get_hz
                0x00003618       0x30 src/ASF/sam0/drivers/system/clock/clock_samr30/gclk.o
                0x00003618                system_gclk_chan_get_hz
 .text._system_pinmux_config
                0x00003648       0xa8 src/ASF/sam0/drivers/system/pinmux/pinmux.o
 .text.system_pinmux_pin_set_config
                0x000036f0       0x30 src/ASF/sam0/drivers/system/pinmux/pinmux.o
                0x000036f0                system_pinmux_pin_set_config
 .text._system_dummy_init
                0x00003720        0x4 src/ASF/sam0/drivers/system/system.o
                0x00003720                _system_events_init
                0x00003720                _system_dummy_init
                0x00003720                _system_divas_init
 .text.system_init
                0x00003724       0x2c src/ASF/sam0/drivers/system/system.o
                0x00003724                system_init
 .text._tc_interrupt_handler
                0x00003750       0x5c src/ASF/sam0/drivers/tc/tc_interrupt.o
                0x00003750                _tc_interrupt_handler
 .text.TC0_Handler
                0x000037ac       0x10 src/ASF/sam0/drivers/tc/tc_interrupt.o
                0x000037ac                TC0_Handler
 .text.TC1_Handler
                0x000037bc       0x10 src/ASF/sam0/drivers/tc/tc_interrupt.o
                0x000037bc                TC1_Handler
 .text.TC4_Handler
                0x000037cc       0x10 src/ASF/sam0/drivers/tc/tc_interrupt.o
                0x000037cc                TC4_Handler
 .text._tc_get_inst_index
                0x000037dc       0x38 src/ASF/sam0/drivers/tc/tc_sam_l_c/tc.o
                0x000037dc                _tc_get_inst_index
 .text.tc_init  0x00003814      0x2d8 src/ASF/sam0/drivers/tc/tc_sam_l_c/tc.o
                0x00003814                tc_init
 .text.tc_set_count_value
                0x00003aec       0x34 src/ASF/sam0/drivers/tc/tc_sam_l_c/tc.o
                0x00003aec                tc_set_count_value
 .text.tc_get_count_value
                0x00003b20       0x40 src/ASF/sam0/drivers/tc/tc_sam_l_c/tc.o
                0x00003b20                tc_get_count_value
 .text.tc_reset
                0x00003b60       0x3c src/ASF/sam0/drivers/tc/tc_sam_l_c/tc.o
                0x00003b60                tc_reset
 .text.Dummy_Handler
                0x00003b9c        0x4 src/ASF/sam0/utils/cmsis/samr30/source/gcc/startup_samr30.o
                0x00003b9c                DMAC_Handler
                0x00003b9c                HardFault_Handler
                0x00003b9c                AC_Handler
                0x00003b9c                SysTick_Handler
                0x00003b9c                PendSV_Handler
                0x00003b9c                NMI_Handler
                0x00003b9c                ADC_Handler
                0x00003b9c                TCC1_Handler
                0x00003b9c                TCC0_Handler
                0x00003b9c                RTC_Handler
                0x00003b9c                WDT_Handler
                0x00003b9c                USB_Handler
                0x00003b9c                Dummy_Handler
                0x00003b9c                SVC_Handler
                0x00003b9c                TCC2_Handler
                0x00003b9c                EVSYS_Handler
                0x00003b9c                NVMCTRL_Handler
                0x00003b9c                SYSTEM_Handler
                0x00003b9c                PTC_Handler
 .text.Reset_Handler
                0x00003ba0       0xa8 src/ASF/sam0/utils/cmsis/samr30/source/gcc/startup_samr30.o
                0x00003ba0                Reset_Handler
 .text._read    0x00003c48       0x40 src/ASF/sam0/utils/stdio/read.o
                0x00003c48                _read
 .text._write   0x00003c88       0x50 src/ASF/sam0/utils/stdio/write.o
                0x00003c88                _write
 .text._sbrk    0x00003cd8       0x24 src/ASF/sam0/utils/syscalls/gcc/syscalls.o
                0x00003cd8                _sbrk
 .text._close   0x00003cfc        0x8 src/ASF/sam0/utils/syscalls/gcc/syscalls.o
                0x00003cfc                _close
 .text._fstat   0x00003d04        0xc src/ASF/sam0/utils/syscalls/gcc/syscalls.o
                0x00003d04                _fstat
 .text._lseek   0x00003d10        0x4 src/ASF/sam0/utils/syscalls/gcc/syscalls.o
                0x00003d10                _lseek
 .text.usart_serial_getchar
                0x00003d14       0x2c src/ASF/thirdparty/wireless/addons/sio2host/uart/sio2host.o
 .text.usart_serial_putchar
                0x00003d40       0x18 src/ASF/thirdparty/wireless/addons/sio2host/uart/sio2host.o
 .text.USART_HOST_ISR_VECT
                0x00003d58       0x60 src/ASF/thirdparty/wireless/addons/sio2host/uart/sio2host.o
                0x00003d58                USART_HOST_ISR_VECT
 .text.sio2host_init
                0x00003db8      0x14c src/ASF/thirdparty/wireless/addons/sio2host/uart/sio2host.o
                0x00003db8                sio2host_init
 .text.sio2host_tx
                0x00003f04       0x2c src/ASF/thirdparty/wireless/addons/sio2host/uart/sio2host.o
                0x00003f04                sio2host_tx
 .text.sio2host_putchar
                0x00003f30       0x1c src/ASF/thirdparty/wireless/addons/sio2host/uart/sio2host.o
                0x00003f30                sio2host_putchar
 .text.AT86RFX_ISR
                0x00003f4c       0x18 src/ASF/thirdparty/wireless/services/trx_access/trx_access.o
                0x00003f4c                AT86RFX_ISR
 .text.trx_spi_init
                0x00003f64      0x11c src/ASF/thirdparty/wireless/services/trx_access/trx_access.o
                0x00003f64                trx_spi_init
 .text.PhyReset
                0x00004080       0x30 src/ASF/thirdparty/wireless/services/trx_access/trx_access.o
                0x00004080                PhyReset
 .text.trx_reg_read
                0x000040b0       0xfc src/ASF/thirdparty/wireless/services/trx_access/trx_access.o
                0x000040b0                trx_reg_read
 .text.trx_reg_write
                0x000041ac      0x100 src/ASF/thirdparty/wireless/services/trx_access/trx_access.o
                0x000041ac                trx_reg_write
 .text.trx_frame_read
                0x000042ac      0x130 src/ASF/thirdparty/wireless/services/trx_access/trx_access.o
                0x000042ac                trx_frame_read
 .text.trx_frame_write
                0x000043dc      0x11c src/ASF/thirdparty/wireless/services/trx_access/trx_access.o
                0x000043dc                trx_frame_write
 .text.trx_sram_write
                0x000044f8      0x168 src/ASF/thirdparty/wireless/services/trx_access/trx_access.o
                0x000044f8                trx_sram_write
 .text.trx_sram_read
                0x00004660      0x188 src/ASF/thirdparty/wireless/services/trx_access/trx_access.o
                0x00004660                trx_sram_read
 .text.trx_aes_wrrd
                0x000047e8      0x208 src/ASF/thirdparty/wireless/services/trx_access/trx_access.o
                0x000047e8                trx_aes_wrrd
 .text.main     0x000049f0      0x190 src/main.o
                0x000049f0                main
 .text          0x00004b80      0x114 c:/program files (x86)/atmel/studio/7.0/toolchain/arm/arm-gnu-toolchain/bin/../lib/gcc/arm-none-eabi/5.3.1/armv6-m\libgcc.a(_udivsi3.o)
                0x00004b80                __aeabi_uidiv
                0x00004b80                __udivsi3
                0x00004c8c                __aeabi_uidivmod
 .text          0x00004c94        0x4 c:/program files (x86)/atmel/studio/7.0/toolchain/arm/arm-gnu-toolchain/bin/../lib/gcc/arm-none-eabi/5.3.1/armv6-m\libgcc.a(_dvmd_tls.o)
                0x00004c94                __aeabi_idiv0
                0x00004c94                __aeabi_ldiv0
 .text          0x00004c98       0x58 c:/program files (x86)/atmel/studio/7.0/toolchain/arm/arm-gnu-toolchain/bin/../lib/gcc/arm-none-eabi/5.3.1/armv6-m\libgcc.a(_muldi3.o)
                0x00004c98                __muldi3
                0x00004c98                __aeabi_lmul
 .text.__libc_init_array
                0x00004cf0       0x4c c:/program files (x86)/atmel/studio/7.0/toolchain/arm/arm-gnu-toolchain/bin/../lib/gcc/arm-none-eabi/5.3.1/../../../../arm-none-eabi/lib/armv6-m\libc_nano.a(lib_a-init.o)
                0x00004cf0                __libc_init_array
 .text.memcpy   0x00004d3c       0x12 c:/program files (x86)/atmel/studio/7.0/toolchain/arm/arm-gnu-toolchain/bin/../lib/gcc/arm-none-eabi/5.3.1/../../../../arm-none-eabi/lib/armv6-m\libc_nano.a(lib_a-memcpy-stub.o)
                0x00004d3c                memcpy
 .text.memset   0x00004d4e       0x10 c:/program files (x86)/atmel/studio/7.0/toolchain/arm/arm-gnu-toolchain/bin/../lib/gcc/arm-none-eabi/5.3.1/../../../../arm-none-eabi/lib/armv6-m\libc_nano.a(lib_a-memset.o)
                0x00004d4e                memset
 .text.setbuf   0x00004d5e       0x12 c:/program files (x86)/atmel/studio/7.0/toolchain/arm/arm-gnu-toolchain/bin/../lib/gcc/arm-none-eabi/5.3.1/../../../../arm-none-eabi/lib/armv6-m\libc_nano.a(lib_a-setbuf.o)
                0x00004d5e                setbuf
 .text.setvbuf  0x00004d70      0x160 c:/program files (x86)/atmel/studio/7.0/toolchain/arm/arm-gnu-toolchain/bin/../lib/gcc/arm-none-eabi/5.3.1/../../../../arm-none-eabi/lib/armv6-m\libc_nano.a(lib_a-setvbuf.o)
                0x00004d70                setvbuf
 .text.__sflush_r
                0x00004ed0      0x10c c:/program files (x86)/atmel/studio/7.0/toolchain/arm/arm-gnu-toolchain/bin/../lib/gcc/arm-none-eabi/5.3.1/../../../../arm-none-eabi/lib/armv6-m\libc_nano.a(lib_a-fflush.o)
                0x00004ed0                __sflush_r
 .text._fflush_r
                0x00004fdc       0x58 c:/program files (x86)/atmel/studio/7.0/toolchain/arm/arm-gnu-toolchain/bin/../lib/gcc/arm-none-eabi/5.3.1/../../../../arm-none-eabi/lib/armv6-m\libc_nano.a(lib_a-fflush.o)
                0x00004fdc                _fflush_r
 .text._cleanup_r
                0x00005034       0x10 c:/program files (x86)/atmel/studio/7.0/toolchain/arm/arm-gnu-toolchain/bin/../lib/gcc/arm-none-eabi/5.3.1/../../../../arm-none-eabi/lib/armv6-m\libc_nano.a(lib_a-findfp.o)
                0x00005034                _cleanup_r
 .text.std.isra.0
                0x00005044       0x48 c:/program files (x86)/atmel/studio/7.0/toolchain/arm/arm-gnu-toolchain/bin/../lib/gcc/arm-none-eabi/5.3.1/../../../../arm-none-eabi/lib/armv6-m\libc_nano.a(lib_a-findfp.o)
 .text.__sfmoreglue
                0x0000508c       0x2c c:/program files (x86)/atmel/studio/7.0/toolchain/arm/arm-gnu-toolchain/bin/../lib/gcc/arm-none-eabi/5.3.1/../../../../arm-none-eabi/lib/armv6-m\libc_nano.a(lib_a-findfp.o)
                0x0000508c                __sfmoreglue
 .text.__sinit  0x000050b8       0x68 c:/program files (x86)/atmel/studio/7.0/toolchain/arm/arm-gnu-toolchain/bin/../lib/gcc/arm-none-eabi/5.3.1/../../../../arm-none-eabi/lib/armv6-m\libc_nano.a(lib_a-findfp.o)
                0x000050b8                __sinit
 .text.__sfp    0x00005120       0x7c c:/program files (x86)/atmel/studio/7.0/toolchain/arm/arm-gnu-toolchain/bin/../lib/gcc/arm-none-eabi/5.3.1/../../../../arm-none-eabi/lib/armv6-m\libc_nano.a(lib_a-findfp.o)
                0x00005120                __sfp
 .text._fwalk_reent
                0x0000519c       0x42 c:/program files (x86)/atmel/studio/7.0/toolchain/arm/arm-gnu-toolchain/bin/../lib/gcc/arm-none-eabi/5.3.1/../../../../arm-none-eabi/lib/armv6-m\libc_nano.a(lib_a-fwalk.o)
                0x0000519c                _fwalk_reent
 *fill*         0x000051de        0x2 
 .text.__swhatbuf_r
                0x000051e0       0x4c c:/program files (x86)/atmel/studio/7.0/toolchain/arm/arm-gnu-toolchain/bin/../lib/gcc/arm-none-eabi/5.3.1/../../../../arm-none-eabi/lib/armv6-m\libc_nano.a(lib_a-makebuf.o)
                0x000051e0                __swhatbuf_r
 .text.malloc   0x0000522c       0x14 c:/program files (x86)/atmel/studio/7.0/toolchain/arm/arm-gnu-toolchain/bin/../lib/gcc/arm-none-eabi/5.3.1/../../../../arm-none-eabi/lib/armv6-m\libc_nano.a(lib_a-malloc.o)
                0x0000522c                malloc
 .text._free_r  0x00005240       0x8c c:/program files (x86)/atmel/studio/7.0/toolchain/arm/arm-gnu-toolchain/bin/../lib/gcc/arm-none-eabi/5.3.1/../../../../arm-none-eabi/lib/armv6-m\libc_nano.a(lib_a-nano-freer.o)
                0x00005240                _free_r
 .text._malloc_r
                0x000052cc       0xac c:/program files (x86)/atmel/studio/7.0/toolchain/arm/arm-gnu-toolchain/bin/../lib/gcc/arm-none-eabi/5.3.1/../../../../arm-none-eabi/lib/armv6-m\libc_nano.a(lib_a-nano-mallocr.o)
                0x000052cc                _malloc_r
 .text._sbrk_r  0x00005378       0x24 c:/program files (x86)/atmel/studio/7.0/toolchain/arm/arm-gnu-toolchain/bin/../lib/gcc/arm-none-eabi/5.3.1/../../../../arm-none-eabi/lib/armv6-m\libc_nano.a(lib_a-sbrkr.o)
                0x00005378                _sbrk_r
 .text.__sread  0x0000539c       0x28 c:/program files (x86)/atmel/studio/7.0/toolchain/arm/arm-gnu-toolchain/bin/../lib/gcc/arm-none-eabi/5.3.1/../../../../arm-none-eabi/lib/armv6-m\libc_nano.a(lib_a-stdio.o)
                0x0000539c                __sread
 .text.__swrite
                0x000053c4       0x38 c:/program files (x86)/atmel/studio/7.0/toolchain/arm/arm-gnu-toolchain/bin/../lib/gcc/arm-none-eabi/5.3.1/../../../../arm-none-eabi/lib/armv6-m\libc_nano.a(lib_a-stdio.o)
                0x000053c4                __swrite
 .text.__sseek  0x000053fc       0x2c c:/program files (x86)/atmel/studio/7.0/toolchain/arm/arm-gnu-toolchain/bin/../lib/gcc/arm-none-eabi/5.3.1/../../../../arm-none-eabi/lib/armv6-m\libc_nano.a(lib_a-stdio.o)
                0x000053fc                __sseek
 .text.__sclose
                0x00005428        0xc c:/program files (x86)/atmel/studio/7.0/toolchain/arm/arm-gnu-toolchain/bin/../lib/gcc/arm-none-eabi/5.3.1/../../../../arm-none-eabi/lib/armv6-m\libc_nano.a(lib_a-stdio.o)
                0x00005428                __sclose
 .text._write_r
                0x00005434       0x28 c:/program files (x86)/atmel/studio/7.0/toolchain/arm/arm-gnu-toolchain/bin/../lib/gcc/arm-none-eabi/5.3.1/../../../../arm-none-eabi/lib/armv6-m\libc_nano.a(lib_a-writer.o)
                0x00005434                _write_r
 .text._close_r
                0x0000545c       0x24 c:/program files (x86)/atmel/studio/7.0/toolchain/arm/arm-gnu-toolchain/bin/../lib/gcc/arm-none-eabi/5.3.1/../../../../arm-none-eabi/lib/armv6-m\libc_nano.a(lib_a-closer.o)
                0x0000545c                _close_r
 .text._fstat_r
                0x00005480       0x24 c:/program files (x86)/atmel/studio/7.0/toolchain/arm/arm-gnu-toolchain/bin/../lib/gcc/arm-none-eabi/5.3.1/../../../../arm-none-eabi/lib/armv6-m\libc_nano.a(lib_a-fstatr.o)
                0x00005480                _fstat_r
 .text._lseek_r
                0x000054a4       0x28 c:/program files (x86)/atmel/studio/7.0/toolchain/arm/arm-gnu-toolchain/bin/../lib/gcc/arm-none-eabi/5.3.1/../../../../arm-none-eabi/lib/armv6-m\libc_nano.a(lib_a-lseekr.o)
                0x000054a4                _lseek_r
 .text._read_r  0x000054cc       0x28 c:/program files (x86)/atmel/studio/7.0/toolchain/arm/arm-gnu-toolchain/bin/../lib/gcc/arm-none-eabi/5.3.1/../../../../arm-none-eabi/lib/armv6-m\libc_nano.a(lib_a-readr.o)
                0x000054cc                _read_r
 *(.glue_7t)
 .glue_7t       0x000054f4        0x0 linker stubs
 *(.glue_7)
 .glue_7        0x000054f4        0x0 linker stubs
 *(.rodata .rodata* .gnu.linkonce.r.*)
 .rodata.str1.4
                0x000054f4       0x3c src/console.o
                                 0x3b (size before relaxing)
 .rodata.P2PTasks
                0x00005530       0x5c src/framework/miwi/miwi_p2p_star.o
 .rodata        0x0000558c       0x18 src/ASF/sam0/drivers/sercom/sercom.o
 .rodata        0x000055a4        0x6 src/ASF/sam0/drivers/sercom/sercom_interrupt.o
 *fill*         0x000055aa        0x2 
 .rodata.system_clock_source_get_hz
                0x000055ac       0x24 src/ASF/sam0/drivers/system/clock/clock_samr30/clock.o
 .rodata.system_clock_source_enable
                0x000055d0       0x24 src/ASF/sam0/drivers/system/clock/clock_samr30/clock.o
 .rodata.system_clock_source_disable
                0x000055f4       0x24 src/ASF/sam0/drivers/system/clock/clock_samr30/clock.o
 .rodata.tc_init
                0x00005618       0x28 src/ASF/sam0/drivers/tc/tc_sam_l_c/tc.o
 .rodata        0x00005640       0x28 src/ASF/sam0/drivers/tc/tc_sam_l_c/tc.o
 .rodata.DE     0x00005668       0x42 src/main.o
                0x00005668                DE
 *fill*         0x000056aa        0x2 
 .rodata.MiWi_Data
                0x000056ac       0x7e src/main.o
                0x000056ac                MiWi_Data
 .rodata.str1.1
                0x0000572a        0x2 c:/program files (x86)/atmel/studio/7.0/toolchain/arm/arm-gnu-toolchain/bin/../lib/gcc/arm-none-eabi/5.3.1/../../../../arm-none-eabi/lib/armv6-m\libc_nano.a(lib_a-impure.o)
 .rodata._global_impure_ptr
                0x0000572c        0x4 c:/program files (x86)/atmel/studio/7.0/toolchain/arm/arm-gnu-toolchain/bin/../lib/gcc/arm-none-eabi/5.3.1/../../../../arm-none-eabi/lib/armv6-m\libc_nano.a(lib_a-impure.o)
                0x0000572c                _global_impure_ptr
 .rodata.__sf_fake_stdin
                0x00005730       0x20 c:/program files (x86)/atmel/studio/7.0/toolchain/arm/arm-gnu-toolchain/bin/../lib/gcc/arm-none-eabi/5.3.1/../../../../arm-none-eabi/lib/armv6-m\libc_nano.a(lib_a-findfp.o)
                0x00005730                __sf_fake_stdin
 .rodata.__sf_fake_stdout
                0x00005750       0x20 c:/program files (x86)/atmel/studio/7.0/toolchain/arm/arm-gnu-toolchain/bin/../lib/gcc/arm-none-eabi/5.3.1/../../../../arm-none-eabi/lib/armv6-m\libc_nano.a(lib_a-findfp.o)
                0x00005750                __sf_fake_stdout
 .rodata.__sf_fake_stderr
                0x00005770       0x20 c:/program files (x86)/atmel/studio/7.0/toolchain/arm/arm-gnu-toolchain/bin/../lib/gcc/arm-none-eabi/5.3.1/../../../../arm-none-eabi/lib/armv6-m\libc_nano.a(lib_a-findfp.o)
                0x00005770                __sf_fake_stderr
 *(.ARM.extab* .gnu.linkonce.armextab.*)
                0x00005790                . = ALIGN (0x4)
 *(.init)
 .init          0x00005790        0x4 c:/program files (x86)/atmel/studio/7.0/toolchain/arm/arm-gnu-toolchain/bin/../lib/gcc/arm-none-eabi/5.3.1/armv6-m/crti.o
                0x00005790                _init
 .init          0x00005794        0x8 c:/program files (x86)/atmel/studio/7.0/toolchain/arm/arm-gnu-toolchain/bin/../lib/gcc/arm-none-eabi/5.3.1/armv6-m/crtn.o
                0x0000579c                . = ALIGN (0x4)
                0x0000579c                __preinit_array_start = .
 *(.preinit_array)
                0x0000579c                __preinit_array_end = .
                0x0000579c                . = ALIGN (0x4)
                0x0000579c                __init_array_start = .
 *(SORT(.init_array.*))
 *(.init_array)
 .init_array    0x0000579c        0x4 c:/program files (x86)/atmel/studio/7.0/toolchain/arm/arm-gnu-toolchain/bin/../lib/gcc/arm-none-eabi/5.3.1/armv6-m/crtbegin.o
                0x000057a0                __init_array_end = .
                0x000057a0                . = ALIGN (0x4)
 *crtbegin.o(.ctors)
 *(EXCLUDE_FILE(*crtend.o) .ctors)
 *(SORT(.ctors.*))
 *crtend.o(.ctors)
                0x000057a0                . = ALIGN (0x4)
 *(.fini)
 .fini          0x000057a0        0x4 c:/program files (x86)/atmel/studio/7.0/toolchain/arm/arm-gnu-toolchain/bin/../lib/gcc/arm-none-eabi/5.3.1/armv6-m/crti.o
                0x000057a0                _fini
 .fini          0x000057a4        0x8 c:/program files (x86)/atmel/studio/7.0/toolchain/arm/arm-gnu-toolchain/bin/../lib/gcc/arm-none-eabi/5.3.1/armv6-m/crtn.o
                0x000057ac                . = ALIGN (0x4)
                0x000057ac                __fini_array_start = .
 *(.fini_array)
 .fini_array    0x000057ac        0x4 c:/program files (x86)/atmel/studio/7.0/toolchain/arm/arm-gnu-toolchain/bin/../lib/gcc/arm-none-eabi/5.3.1/armv6-m/crtbegin.o
 *(SORT(.fini_array.*))
                0x000057b0                __fini_array_end = .
 *crtbegin.o(.dtors)
 *(EXCLUDE_FILE(*crtend.o) .dtors)
 *(SORT(.dtors.*))
 *crtend.o(.dtors)
                0x000057b0                . = ALIGN (0x4)
                0x000057b0                _efixed = .
                [!provide]                PROVIDE (__exidx_start, .)

.vfp11_veneer   0x000057b0        0x0
 .vfp11_veneer  0x000057b0        0x0 linker stubs

.v4_bx          0x000057b0        0x0
 .v4_bx         0x000057b0        0x0 linker stubs

.iplt           0x000057b0        0x0
 .iplt          0x000057b0        0x0 c:/program files (x86)/atmel/studio/7.0/toolchain/arm/arm-gnu-toolchain/bin/../lib/gcc/arm-none-eabi/5.3.1/armv6-m/crtbegin.o

.eh_frame       0x000057b0        0x0
 .eh_frame      0x000057b0        0x0 c:/program files (x86)/atmel/studio/7.0/toolchain/arm/arm-gnu-toolchain/bin/../lib/gcc/arm-none-eabi/5.3.1/armv6-m/crtbegin.o

.rel.dyn        0x000057b0        0x0
 .rel.iplt      0x000057b0        0x0 c:/program files (x86)/atmel/studio/7.0/toolchain/arm/arm-gnu-toolchain/bin/../lib/gcc/arm-none-eabi/5.3.1/armv6-m/crtbegin.o

.jcr            0x000057b0        0x0
 .jcr           0x000057b0        0x0 c:/program files (x86)/atmel/studio/7.0/toolchain/arm/arm-gnu-toolchain/bin/../lib/gcc/arm-none-eabi/5.3.1/armv6-m/crtbegin.o

.igot.plt       0x000057b0        0x0
 .igot.plt      0x000057b0        0x0 c:/program files (x86)/atmel/studio/7.0/toolchain/arm/arm-gnu-toolchain/bin/../lib/gcc/arm-none-eabi/5.3.1/armv6-m/crtbegin.o

.ARM.exidx
 *(.ARM.exidx* .gnu.linkonce.armexidx.*)
                [!provide]                PROVIDE (__exidx_end, .)
                0x000057b0                . = ALIGN (0x4)
                0x000057b0                _etext = .

.relocate       0x20000000       0x94 load address 0x000057b0
                0x20000000                . = ALIGN (0x4)
                0x20000000                _srelocate = .
 *(.ramfunc .ramfunc.*)
 *(.data .data.*)
 .data.CharacterArray
                0x20000000       0x10 src/console.o
                0x20000000                CharacterArray
 .data.mySecurityKey
                0x20000010       0x10 src/framework/driver/drv_miwi_at86rf212.o
                0x20000010                mySecurityKey
 .data.BankIndex
                0x20000020        0x1 src/framework/driver/drv_miwi_at86rf212.o
                0x20000020                BankIndex
 .data.ConnMode
                0x20000021        0x1 src/framework/miwi/miwi_p2p_star.o
                0x20000021                ConnMode
 .data.last_dir
                0x20000022        0x1 src/security/security.o
 *fill*         0x20000023        0x1 
 .data.cycles_per_us
                0x20000024        0x4 src/ASF/common2/services/delay/sam0/systick_counter.o
 .data.cycles_per_ms
                0x20000028        0x4 src/ASF/common2/services/delay/sam0/systick_counter.o
 .data.g_interrupt_enabled
                0x2000002c        0x1 src/ASF/common/utils/interrupt/interrupt_sam_nvic.o
                0x2000002c                g_interrupt_enabled
 *fill*         0x2000002d        0x3 
 .data.impure_data
                0x20000030       0x60 c:/program files (x86)/atmel/studio/7.0/toolchain/arm/arm-gnu-toolchain/bin/../lib/gcc/arm-none-eabi/5.3.1/../../../../arm-none-eabi/lib/armv6-m\libc_nano.a(lib_a-impure.o)
 .data._impure_ptr
                0x20000090        0x4 c:/program files (x86)/atmel/studio/7.0/toolchain/arm/arm-gnu-toolchain/bin/../lib/gcc/arm-none-eabi/5.3.1/../../../../arm-none-eabi/lib/armv6-m\libc_nano.a(lib_a-impure.o)
                0x20000090                _impure_ptr
                0x20000094                . = ALIGN (0x4)
                0x20000094                _erelocate = .

.lpram          0x30000000        0x0
                0x30000000                . = ALIGN (0x8)
                0x30000000                _slpram = .
 *(.lpram .lpram.*)
                0x30000000                . = ALIGN (0x8)
                0x30000000                _elpram = .

.bss            0x20000094      0x554 load address 0x00005844
                0x20000094                . = ALIGN (0x4)
                0x20000094                _sbss = .
                0x20000094                _szero = .
 *(.bss .bss.*)
 .bss           0x20000094       0x1c c:/program files (x86)/atmel/studio/7.0/toolchain/arm/arm-gnu-toolchain/bin/../lib/gcc/arm-none-eabi/5.3.1/armv6-m/crtbegin.o
 .bss.phyState  0x200000b0        0x1 src/framework/driver/drv_miwi_at86rf212.o
 .bss.phyRxState
                0x200000b1        0x1 src/framework/driver/drv_miwi_at86rf212.o
 *fill*         0x200000b2        0x2 
 .bss.phyRxBuffer
                0x200000b4       0x80 src/framework/driver/drv_miwi_at86rf212.o
 .bss.failureCounter
                0x20000134        0x2 src/framework/driver/drv_miwi_at86rf212.o
                0x20000134                failureCounter
 .bss.currentChannel
                0x20000136        0x1 src/framework/miwi/miwi_p2p_star.o
                0x20000136                currentChannel
 .bss.dec_initialized
                0x20000137        0x1 src/security/security.o
 .bss.dec_key   0x20000138       0x10 src/security/security.o
 .bss.enc_key   0x20000148       0x10 src/security/security.o
 .bss.aes_buf   0x20000158       0x12 src/security/security.o
 .bss.setup_flag
                0x2000016a        0x1 src/security/security.o
 *fill*         0x2000016b        0x1 
 .bss.cpu_irq_critical_section_counter
                0x2000016c        0x4 src/ASF/common/utils/interrupt/interrupt_sam_nvic.o
 .bss.cpu_irq_prev_interrupt_state
                0x20000170        0x1 src/ASF/common/utils/interrupt/interrupt_sam_nvic.o
 *fill*         0x20000171        0x3 
 .bss._sercom_config
                0x20000174        0x2 src/ASF/sam0/drivers/sercom/sercom.o
 .bss._handler_table_initialized
                0x20000176        0x1 src/ASF/sam0/drivers/sercom/sercom_interrupt.o
 *fill*         0x20000177        0x1 
 .bss._sercom_interrupt_handlers
                0x20000178       0x18 src/ASF/sam0/drivers/sercom/sercom_interrupt.o
 .bss._system_clock_inst
                0x20000190       0x18 src/ASF/sam0/drivers/system/clock/clock_samr30/clock.o
 .bss.heap.5286
                0x200001a8        0x4 src/ASF/sam0/utils/syscalls/gcc/syscalls.o
 .bss.serial_rx_buf
                0x200001ac       0x9c src/ASF/thirdparty/wireless/addons/sio2host/uart/sio2host.o
 .bss.host_uart_module
                0x20000248       0x34 src/ASF/thirdparty/wireless/addons/sio2host/uart/sio2host.o
 .bss.serial_rx_buf_tail
                0x2000027c        0x1 src/ASF/thirdparty/wireless/addons/sio2host/uart/sio2host.o
 *fill*         0x2000027d        0x3 
 .bss.__malloc_sbrk_start
                0x20000280        0x4 c:/program files (x86)/atmel/studio/7.0/toolchain/arm/arm-gnu-toolchain/bin/../lib/gcc/arm-none-eabi/5.3.1/../../../../arm-none-eabi/lib/armv6-m\libc_nano.a(lib_a-nano-mallocr.o)
                0x20000280                __malloc_sbrk_start
 .bss.__malloc_free_list
                0x20000284        0x4 c:/program files (x86)/atmel/studio/7.0/toolchain/arm/arm-gnu-toolchain/bin/../lib/gcc/arm-none-eabi/5.3.1/../../../../arm-none-eabi/lib/armv6-m\libc_nano.a(lib_a-nano-mallocr.o)
                0x20000284                __malloc_free_list
 *(COMMON)
 COMMON         0x20000288        0xc src/button.o
                0x20000288                PUSH_BUTTON_pressed
                0x20000289                PUSH_OLED_BUTTON_1
                0x2000028a                PUSH_OLED_BUTTON_2
                0x2000028b                PUSH_BUTTON_SW0
                0x2000028c                PUSH_OLED_BUTTON_3
                0x20000290                PUSH_BUTTON_press_time
 COMMON         0x20000294      0x101 src/framework/driver/drv_miwi_at86rf212.o
                0x20000294                IEEESeqNum
                0x20000295                Received_LQI_Val
                0x20000298                myNetworkAddress
                0x2000029c                calculated_mic_values
                0x200002a0                MACInitParams
                0x200002a8                InitVect_in
                0x200002b8                CTR_mic
                0x200002c8                Received_RSSI_Val
                0x200002cc                final_mic_value
                0x200002dc                RxBuffer
                0x20000378                OutgoingFrameCounter
                0x2000037c                CBC_mic
                0x2000038c                received_mic_values
                0x20000390                MAC_PANID
                0x20000392                MACCurrentChannel
                0x20000394                trx_status
 *fill*         0x20000395        0x3 
 COMMON         0x20000398      0x16c src/framework/miwi/miwi_p2p_star.o
                0x20000398                LatestConnection
                0x2000039c                ConnectionTable
                0x20000450                MACRxPacket
                0x20000464                P2PCapacityInfo
                0x20000468                myPANID
                0x2000046a                temp_bit
                0x2000046b                conn_size
                0x2000046c                IncomingFrameCounter
                0x200004bc                MyindexinPC
                0x200004c0                P2PStatus
                0x200004c1                TxData
                0x200004c4                TxBuffer
                0x200004ec                myLongAddress
                0x200004f4                rxMessage
 COMMON         0x20000504       0x1c src/timer.o
                0x20000504                tc_instance
 COMMON         0x20000520        0x1 src/ASF/sam0/drivers/extint/extint_callback.o
                0x20000520                _current_channel
 *fill*         0x20000521        0x3 
 COMMON         0x20000524       0x40 src/ASF/sam0/drivers/extint/extint_sam_l_c/extint.o
                0x20000524                _extint_dev
 COMMON         0x20000564       0x18 src/ASF/sam0/drivers/sercom/sercom_interrupt.o
                0x20000564                _sercom_instances
 COMMON         0x2000057c        0xc src/ASF/sam0/drivers/tc/tc_interrupt.o
                0x2000057c                _tc_instances
 COMMON         0x20000588        0x4 src/ASF/sam0/utils/stdio/read.o
                0x20000588                ptr_get
 COMMON         0x2000058c        0x8 src/ASF/sam0/utils/stdio/write.o
                0x2000058c                ptr_put
                0x20000590                stdio_base
 COMMON         0x20000594       0x50 src/ASF/thirdparty/wireless/services/trx_access/trx_access.o
                0x20000594                dummy_read
                0x20000598                slave_dev_config
                0x2000059c                slave
                0x200005a0                config
                0x200005d8                master
 COMMON         0x200005e4        0x4 c:/program files (x86)/atmel/studio/7.0/toolchain/arm/arm-gnu-toolchain/bin/../lib/gcc/arm-none-eabi/5.3.1/../../../../arm-none-eabi/lib/armv6-m\libc_nano.a(lib_a-reent.o)
                0x200005e4                errno
                0x200005e8                . = ALIGN (0x4)
                0x200005e8                _ebss = .
                0x200005e8                _ezero = .

.stack          0x200005e8     0x2000 load address 0x00005d98
                0x200005e8                . = ALIGN (0x8)
                0x200005e8                _sstack = .
                0x200025e8                . = (. + STACK_SIZE)
 *fill*         0x200005e8     0x2000 
                0x200025e8                . = ALIGN (0x8)
                0x200025e8                _estack = .
                0x200025e8                . = ALIGN (0x4)
                0x200025e8                _end = .
OUTPUT(Example_Project.elf elf32-littlearm)

.ARM.attributes
                0x00000000       0x28
 .ARM.attributes
                0x00000000       0x1e c:/program files (x86)/atmel/studio/7.0/toolchain/arm/arm-gnu-toolchain/bin/../lib/gcc/arm-none-eabi/5.3.1/armv6-m/crti.o
 .ARM.attributes
                0x0000001e       0x2c c:/program files (x86)/atmel/studio/7.0/toolchain/arm/arm-gnu-toolchain/bin/../lib/gcc/arm-none-eabi/5.3.1/armv6-m/crtbegin.o
 .ARM.attributes
                0x0000004a       0x32 src/button.o
 .ARM.attributes
                0x0000007c       0x32 src/console.o
 .ARM.attributes
                0x000000ae       0x32 src/framework/driver/drv_miwi_at86rf212.o
 .ARM.attributes
                0x000000e0       0x32 src/framework/miwi/miwi_p2p_star.o
 .ARM.attributes
                0x00000112       0x32 src/security/security.o
 .ARM.attributes
                0x00000144       0x32 src/timer.o
 .ARM.attributes
                0x00000176       0x32 src/ASF/common2/services/delay/sam0/systick_counter.o
 .ARM.attributes
                0x000001a8       0x32 src/ASF/common/utils/interrupt/interrupt_sam_nvic.o
 .ARM.attributes
                0x000001da       0x32 src/ASF/sam0/boards/samr30_xplained_pro/board_init.o
 .ARM.attributes
                0x0000020c       0x32 src/ASF/sam0/drivers/extint/extint_callback.o
 .ARM.attributes
                0x0000023e       0x32 src/ASF/sam0/drivers/extint/extint_sam_l_c/extint.o
 .ARM.attributes
                0x00000270       0x32 src/ASF/sam0/drivers/port/port.o
 .ARM.attributes
                0x000002a2       0x32 src/ASF/sam0/drivers/sercom/sercom.o
 .ARM.attributes
                0x000002d4       0x32 src/ASF/sam0/drivers/sercom/sercom_interrupt.o
 .ARM.attributes
                0x00000306       0x32 src/ASF/sam0/drivers/sercom/spi/spi.o
 .ARM.attributes
                0x00000338       0x32 src/ASF/sam0/drivers/sercom/usart/usart.o
 .ARM.attributes
                0x0000036a       0x32 src/ASF/sam0/drivers/sercom/usart/usart_interrupt.o
 .ARM.attributes
                0x0000039c       0x32 src/ASF/sam0/drivers/system/clock/clock_samr30/clock.o
 .ARM.attributes
                0x000003ce       0x32 src/ASF/sam0/drivers/system/clock/clock_samr30/gclk.o
 .ARM.attributes
                0x00000400       0x32 src/ASF/sam0/drivers/system/pinmux/pinmux.o
 .ARM.attributes
                0x00000432       0x32 src/ASF/sam0/drivers/system/system.o
 .ARM.attributes
                0x00000464       0x32 src/ASF/sam0/drivers/tc/tc_interrupt.o
 .ARM.attributes
                0x00000496       0x32 src/ASF/sam0/drivers/tc/tc_sam_l_c/tc.o
 .ARM.attributes
                0x000004c8       0x32 src/ASF/sam0/utils/cmsis/samr30/source/gcc/startup_samr30.o
 .ARM.attributes
                0x000004fa       0x32 src/ASF/sam0/utils/stdio/read.o
 .ARM.attributes
                0x0000052c       0x32 src/ASF/sam0/utils/stdio/write.o
 .ARM.attributes
                0x0000055e       0x32 src/ASF/sam0/utils/syscalls/gcc/syscalls.o
 .ARM.attributes
                0x00000590       0x32 src/ASF/thirdparty/wireless/addons/sio2host/uart/sio2host.o
 .ARM.attributes
                0x000005c2       0x32 src/ASF/thirdparty/wireless/services/trx_access/trx_access.o
 .ARM.attributes
                0x000005f4       0x32 src/main.o
 .ARM.attributes
                0x00000626       0x1e c:/program files (x86)/atmel/studio/7.0/toolchain/arm/arm-gnu-toolchain/bin/../lib/gcc/arm-none-eabi/5.3.1/armv6-m\libgcc.a(_udivsi3.o)
 .ARM.attributes
                0x00000644       0x1e c:/program files (x86)/atmel/studio/7.0/toolchain/arm/arm-gnu-toolchain/bin/../lib/gcc/arm-none-eabi/5.3.1/armv6-m\libgcc.a(_dvmd_tls.o)
 .ARM.attributes
                0x00000662       0x2c c:/program files (x86)/atmel/studio/7.0/toolchain/arm/arm-gnu-toolchain/bin/../lib/gcc/arm-none-eabi/5.3.1/armv6-m\libgcc.a(_muldi3.o)
 .ARM.attributes
                0x0000068e       0x2c c:/program files (x86)/atmel/studio/7.0/toolchain/arm/arm-gnu-toolchain/bin/../lib/gcc/arm-none-eabi/5.3.1/../../../../arm-none-eabi/lib/armv6-m\libc_nano.a(lib_a-impure.o)
 .ARM.attributes
                0x000006ba       0x2c c:/program files (x86)/atmel/studio/7.0/toolchain/arm/arm-gnu-toolchain/bin/../lib/gcc/arm-none-eabi/5.3.1/../../../../arm-none-eabi/lib/armv6-m\libc_nano.a(lib_a-init.o)
 .ARM.attributes
                0x000006e6       0x2c c:/program files (x86)/atmel/studio/7.0/toolchain/arm/arm-gnu-toolchain/bin/../lib/gcc/arm-none-eabi/5.3.1/../../../../arm-none-eabi/lib/armv6-m\libc_nano.a(lib_a-memcpy-stub.o)
 .ARM.attributes
                0x00000712       0x2c c:/program files (x86)/atmel/studio/7.0/toolchain/arm/arm-gnu-toolchain/bin/../lib/gcc/arm-none-eabi/5.3.1/../../../../arm-none-eabi/lib/armv6-m\libc_nano.a(lib_a-memset.o)
 .ARM.attributes
                0x0000073e       0x2c c:/program files (x86)/atmel/studio/7.0/toolchain/arm/arm-gnu-toolchain/bin/../lib/gcc/arm-none-eabi/5.3.1/../../../../arm-none-eabi/lib/armv6-m\libc_nano.a(lib_a-setbuf.o)
 .ARM.attributes
                0x0000076a       0x2c c:/program files (x86)/atmel/studio/7.0/toolchain/arm/arm-gnu-toolchain/bin/../lib/gcc/arm-none-eabi/5.3.1/../../../../arm-none-eabi/lib/armv6-m\libc_nano.a(lib_a-setvbuf.o)
 .ARM.attributes
                0x00000796       0x2c c:/program files (x86)/atmel/studio/7.0/toolchain/arm/arm-gnu-toolchain/bin/../lib/gcc/arm-none-eabi/5.3.1/../../../../arm-none-eabi/lib/armv6-m\libc_nano.a(lib_a-fflush.o)
 .ARM.attributes
                0x000007c2       0x2c c:/program files (x86)/atmel/studio/7.0/toolchain/arm/arm-gnu-toolchain/bin/../lib/gcc/arm-none-eabi/5.3.1/../../../../arm-none-eabi/lib/armv6-m\libc_nano.a(lib_a-findfp.o)
 .ARM.attributes
                0x000007ee       0x2c c:/program files (x86)/atmel/studio/7.0/toolchain/arm/arm-gnu-toolchain/bin/../lib/gcc/arm-none-eabi/5.3.1/../../../../arm-none-eabi/lib/armv6-m\libc_nano.a(lib_a-fwalk.o)
 .ARM.attributes
                0x0000081a       0x2c c:/program files (x86)/atmel/studio/7.0/toolchain/arm/arm-gnu-toolchain/bin/../lib/gcc/arm-none-eabi/5.3.1/../../../../arm-none-eabi/lib/armv6-m\libc_nano.a(lib_a-makebuf.o)
 .ARM.attributes
                0x00000846       0x2c c:/program files (x86)/atmel/studio/7.0/toolchain/arm/arm-gnu-toolchain/bin/../lib/gcc/arm-none-eabi/5.3.1/../../../../arm-none-eabi/lib/armv6-m\libc_nano.a(lib_a-malloc.o)
 .ARM.attributes
                0x00000872       0x2c c:/program files (x86)/atmel/studio/7.0/toolchain/arm/arm-gnu-toolchain/bin/../lib/gcc/arm-none-eabi/5.3.1/../../../../arm-none-eabi/lib/armv6-m\libc_nano.a(lib_a-nano-freer.o)
 .ARM.attributes
                0x0000089e       0x2c c:/program files (x86)/atmel/studio/7.0/toolchain/arm/arm-gnu-toolchain/bin/../lib/gcc/arm-none-eabi/5.3.1/../../../../arm-none-eabi/lib/armv6-m\libc_nano.a(lib_a-nano-mallocr.o)
 .ARM.attributes
                0x000008ca       0x2c c:/program files (x86)/atmel/studio/7.0/toolchain/arm/arm-gnu-toolchain/bin/../lib/gcc/arm-none-eabi/5.3.1/../../../../arm-none-eabi/lib/armv6-m\libc_nano.a(lib_a-sbrkr.o)
 .ARM.attributes
                0x000008f6       0x2c c:/program files (x86)/atmel/studio/7.0/toolchain/arm/arm-gnu-toolchain/bin/../lib/gcc/arm-none-eabi/5.3.1/../../../../arm-none-eabi/lib/armv6-m\libc_nano.a(lib_a-stdio.o)
 .ARM.attributes
                0x00000922       0x2c c:/program files (x86)/atmel/studio/7.0/toolchain/arm/arm-gnu-toolchain/bin/../lib/gcc/arm-none-eabi/5.3.1/../../../../arm-none-eabi/lib/armv6-m\libc_nano.a(lib_a-writer.o)
 .ARM.attributes
                0x0000094e       0x2c c:/program files (x86)/atmel/studio/7.0/toolchain/arm/arm-gnu-toolchain/bin/../lib/gcc/arm-none-eabi/5.3.1/../../../../arm-none-eabi/lib/armv6-m\libc_nano.a(lib_a-closer.o)
 .ARM.attributes
                0x0000097a       0x2c c:/program files (x86)/atmel/studio/7.0/toolchain/arm/arm-gnu-toolchain/bin/../lib/gcc/arm-none-eabi/5.3.1/../../../../arm-none-eabi/lib/armv6-m\libc_nano.a(lib_a-fstatr.o)
 .ARM.attributes
                0x000009a6       0x2c c:/program files (x86)/atmel/studio/7.0/toolchain/arm/arm-gnu-toolchain/bin/../lib/gcc/arm-none-eabi/5.3.1/../../../../arm-none-eabi/lib/armv6-m\libc_nano.a(lib_a-lseekr.o)
 .ARM.attributes
                0x000009d2       0x2c c:/program files (x86)/atmel/studio/7.0/toolchain/arm/arm-gnu-toolchain/bin/../lib/gcc/arm-none-eabi/5.3.1/../../../../arm-none-eabi/lib/armv6-m\libc_nano.a(lib_a-readr.o)
 .ARM.attributes
                0x000009fe       0x2c c:/program files (x86)/atmel/studio/7.0/toolchain/arm/arm-gnu-toolchain/bin/../lib/gcc/arm-none-eabi/5.3.1/../../../../arm-none-eabi/lib/armv6-m\libc_nano.a(lib_a-reent.o)
 .ARM.attributes
                0x00000a2a       0x1e c:/program files (x86)/atmel/studio/7.0/toolchain/arm/arm-gnu-toolchain/bin/../lib/gcc/arm-none-eabi/5.3.1/armv6-m/crtn.o

.comment        0x00000000       0x59
 .comment       0x00000000       0x59 src/button.o
                                 0x5a (size before relaxing)
 .comment       0x00000059       0x5a src/console.o
 .comment       0x00000059       0x5a src/framework/driver/drv_miwi_at86rf212.o
 .comment       0x00000059       0x5a src/framework/miwi/miwi_p2p_star.o
 .comment       0x00000059       0x5a src/security/security.o
 .comment       0x00000059       0x5a src/timer.o
 .comment       0x00000059       0x5a src/ASF/common2/services/delay/sam0/systick_counter.o
 .comment       0x00000059       0x5a src/ASF/common/utils/interrupt/interrupt_sam_nvic.o
 .comment       0x00000059       0x5a src/ASF/sam0/boards/samr30_xplained_pro/board_init.o
 .comment       0x00000059       0x5a src/ASF/sam0/drivers/extint/extint_callback.o
 .comment       0x00000059       0x5a src/ASF/sam0/drivers/extint/extint_sam_l_c/extint.o
 .comment       0x00000059       0x5a src/ASF/sam0/drivers/port/port.o
 .comment       0x00000059       0x5a src/ASF/sam0/drivers/sercom/sercom.o
 .comment       0x00000059       0x5a src/ASF/sam0/drivers/sercom/sercom_interrupt.o
 .comment       0x00000059       0x5a src/ASF/sam0/drivers/sercom/spi/spi.o
 .comment       0x00000059       0x5a src/ASF/sam0/drivers/sercom/usart/usart.o
 .comment       0x00000059       0x5a src/ASF/sam0/drivers/sercom/usart/usart_interrupt.o
 .comment       0x00000059       0x5a src/ASF/sam0/drivers/system/clock/clock_samr30/clock.o
 .comment       0x00000059       0x5a src/ASF/sam0/drivers/system/clock/clock_samr30/gclk.o
 .comment       0x00000059       0x5a src/ASF/sam0/drivers/system/pinmux/pinmux.o
 .comment       0x00000059       0x5a src/ASF/sam0/drivers/system/system.o
 .comment       0x00000059       0x5a src/ASF/sam0/drivers/tc/tc_interrupt.o
 .comment       0x00000059       0x5a src/ASF/sam0/drivers/tc/tc_sam_l_c/tc.o
 .comment       0x00000059       0x5a src/ASF/sam0/utils/cmsis/samr30/source/gcc/startup_samr30.o
 .comment       0x00000059       0x5a src/ASF/sam0/utils/stdio/read.o
 .comment       0x00000059       0x5a src/ASF/sam0/utils/stdio/write.o
 .comment       0x00000059       0x5a src/ASF/sam0/utils/syscalls/gcc/syscalls.o
 .comment       0x00000059       0x5a src/ASF/thirdparty/wireless/addons/sio2host/uart/sio2host.o
 .comment       0x00000059       0x5a src/ASF/thirdparty/wireless/services/trx_access/trx_access.o
 .comment       0x00000059       0x5a src/main.o

.debug_info     0x00000000    0x33aaa
 .debug_info    0x00000000     0x1589 src/button.o
 .debug_info    0x00001589      0x45c src/console.o
 .debug_info    0x000019e5     0x243a src/framework/driver/drv_miwi_at86rf212.o
 .debug_info    0x00003e1f     0x1c17 src/framework/miwi/miwi_p2p_star.o
 .debug_info    0x00005a36      0x521 src/security/security.o
 .debug_info    0x00005f57     0x23fb src/timer.o
 .debug_info    0x00008352      0x26b src/ASF/common2/services/delay/sam0/systick_counter.o
 .debug_info    0x000085bd      0x1ea src/ASF/common/utils/interrupt/interrupt_sam_nvic.o
 .debug_info    0x000087a7     0x15c6 src/ASF/sam0/boards/samr30_xplained_pro/board_init.o
 .debug_info    0x00009d6d      0xb0e src/ASF/sam0/drivers/extint/extint_callback.o
 .debug_info    0x0000a87b     0x1ab9 src/ASF/sam0/drivers/extint/extint_sam_l_c/extint.o
 .debug_info    0x0000c334      0xa7d src/ASF/sam0/drivers/port/port.o
 .debug_info    0x0000cdb1     0x2527 src/ASF/sam0/drivers/sercom/sercom.o
 .debug_info    0x0000f2d8     0x22f1 src/ASF/sam0/drivers/sercom/sercom_interrupt.o
 .debug_info    0x000115c9     0x5543 src/ASF/sam0/drivers/sercom/spi/spi.o
 .debug_info    0x00016b0c     0x4206 src/ASF/sam0/drivers/sercom/usart/usart.o
 .debug_info    0x0001ad12     0x2777 src/ASF/sam0/drivers/sercom/usart/usart_interrupt.o
 .debug_info    0x0001d489     0x3ae4 src/ASF/sam0/drivers/system/clock/clock_samr30/clock.o
 .debug_info    0x00020f6d     0x1409 src/ASF/sam0/drivers/system/clock/clock_samr30/gclk.o
 .debug_info    0x00022376      0xbde src/ASF/sam0/drivers/system/pinmux/pinmux.o
 .debug_info    0x00022f54      0x17c src/ASF/sam0/drivers/system/system.o
 .debug_info    0x000230d0     0x15a8 src/ASF/sam0/drivers/tc/tc_interrupt.o
 .debug_info    0x00024678     0x2982 src/ASF/sam0/drivers/tc/tc_sam_l_c/tc.o
 .debug_info    0x00026ffa      0x9f2 src/ASF/sam0/utils/cmsis/samr30/source/gcc/startup_samr30.o
 .debug_info    0x000279ec      0x1c4 src/ASF/sam0/utils/stdio/read.o
 .debug_info    0x00027bb0      0x1c1 src/ASF/sam0/utils/stdio/write.o
 .debug_info    0x00027d71      0x40f src/ASF/sam0/utils/syscalls/gcc/syscalls.o
 .debug_info    0x00028180     0x39c6 src/ASF/thirdparty/wireless/addons/sio2host/uart/sio2host.o
 .debug_info    0x0002bb46     0x6769 src/ASF/thirdparty/wireless/services/trx_access/trx_access.o
 .debug_info    0x000322af     0x17fb src/main.o

.debug_abbrev   0x00000000     0x52c9
 .debug_abbrev  0x00000000      0x2fd src/button.o
 .debug_abbrev  0x000002fd      0x1e4 src/console.o
 .debug_abbrev  0x000004e1      0x4c7 src/framework/driver/drv_miwi_at86rf212.o
 .debug_abbrev  0x000009a8      0x3ef src/framework/miwi/miwi_p2p_star.o
 .debug_abbrev  0x00000d97      0x173 src/security/security.o
 .debug_abbrev  0x00000f0a      0x37d src/timer.o
 .debug_abbrev  0x00001287      0x13e src/ASF/common2/services/delay/sam0/systick_counter.o
 .debug_abbrev  0x000013c5       0xf6 src/ASF/common/utils/interrupt/interrupt_sam_nvic.o
 .debug_abbrev  0x000014bb      0x239 src/ASF/sam0/boards/samr30_xplained_pro/board_init.o
 .debug_abbrev  0x000016f4      0x28c src/ASF/sam0/drivers/extint/extint_callback.o
 .debug_abbrev  0x00001980      0x3cb src/ASF/sam0/drivers/extint/extint_sam_l_c/extint.o
 .debug_abbrev  0x00001d4b      0x1dc src/ASF/sam0/drivers/port/port.o
 .debug_abbrev  0x00001f27      0x308 src/ASF/sam0/drivers/sercom/sercom.o
 .debug_abbrev  0x0000222f      0x237 src/ASF/sam0/drivers/sercom/sercom_interrupt.o
 .debug_abbrev  0x00002466      0x453 src/ASF/sam0/drivers/sercom/spi/spi.o
 .debug_abbrev  0x000028b9      0x3f8 src/ASF/sam0/drivers/sercom/usart/usart.o
 .debug_abbrev  0x00002cb1      0x37f src/ASF/sam0/drivers/sercom/usart/usart_interrupt.o
 .debug_abbrev  0x00003030      0x40b src/ASF/sam0/drivers/system/clock/clock_samr30/clock.o
 .debug_abbrev  0x0000343b      0x362 src/ASF/sam0/drivers/system/clock/clock_samr30/gclk.o
 .debug_abbrev  0x0000379d      0x2d2 src/ASF/sam0/drivers/system/pinmux/pinmux.o
 .debug_abbrev  0x00003a6f       0xbb src/ASF/sam0/drivers/system/system.o
 .debug_abbrev  0x00003b2a      0x266 src/ASF/sam0/drivers/tc/tc_interrupt.o
 .debug_abbrev  0x00003d90      0x398 src/ASF/sam0/drivers/tc/tc_sam_l_c/tc.o
 .debug_abbrev  0x00004128      0x1c4 src/ASF/sam0/utils/cmsis/samr30/source/gcc/startup_samr30.o
 .debug_abbrev  0x000042ec      0x10a src/ASF/sam0/utils/stdio/read.o
 .debug_abbrev  0x000043f6       0xf7 src/ASF/sam0/utils/stdio/write.o
 .debug_abbrev  0x000044ed      0x13e src/ASF/sam0/utils/syscalls/gcc/syscalls.o
 .debug_abbrev  0x0000462b      0x447 src/ASF/thirdparty/wireless/addons/sio2host/uart/sio2host.o
 .debug_abbrev  0x00004a72      0x4fb src/ASF/thirdparty/wireless/services/trx_access/trx_access.o
 .debug_abbrev  0x00004f6d      0x35c src/main.o

.debug_loc      0x00000000     0xd6dd
 .debug_loc     0x00000000       0xb2 src/button.o
 .debug_loc     0x000000b2      0x19f src/console.o
 .debug_loc     0x00000251     0x2038 src/framework/driver/drv_miwi_at86rf212.o
 .debug_loc     0x00002289      0xa67 src/framework/miwi/miwi_p2p_star.o
 .debug_loc     0x00002cf0      0x21a src/security/security.o
 .debug_loc     0x00002f0a      0x16a src/timer.o
 .debug_loc     0x00003074       0xe4 src/ASF/common2/services/delay/sam0/systick_counter.o
 .debug_loc     0x00003158      0x235 src/ASF/sam0/boards/samr30_xplained_pro/board_init.o
 .debug_loc     0x0000338d      0x219 src/ASF/sam0/drivers/extint/extint_callback.o
 .debug_loc     0x000035a6      0x510 src/ASF/sam0/drivers/extint/extint_sam_l_c/extint.o
 .debug_loc     0x00003ab6      0x13d src/ASF/sam0/drivers/port/port.o
 .debug_loc     0x00003bf3      0x9ae src/ASF/sam0/drivers/sercom/sercom.o
 .debug_loc     0x000045a1      0x16c src/ASF/sam0/drivers/sercom/sercom_interrupt.o
 .debug_loc     0x0000470d     0x1805 src/ASF/sam0/drivers/sercom/spi/spi.o
 .debug_loc     0x00005f12      0xcaa src/ASF/sam0/drivers/sercom/usart/usart.o
 .debug_loc     0x00006bbc      0x5bb src/ASF/sam0/drivers/sercom/usart/usart_interrupt.o
 .debug_loc     0x00007177      0xdda src/ASF/sam0/drivers/system/clock/clock_samr30/clock.o
 .debug_loc     0x00007f51      0x504 src/ASF/sam0/drivers/system/clock/clock_samr30/gclk.o
 .debug_loc     0x00008455      0x37a src/ASF/sam0/drivers/system/pinmux/pinmux.o
 .debug_loc     0x000087cf       0x20 src/ASF/sam0/drivers/system/system.o
 .debug_loc     0x000087ef      0x15c src/ASF/sam0/drivers/tc/tc_interrupt.o
 .debug_loc     0x0000894b     0x1020 src/ASF/sam0/drivers/tc/tc_sam_l_c/tc.o
 .debug_loc     0x0000996b       0x20 src/ASF/sam0/utils/cmsis/samr30/source/gcc/startup_samr30.o
 .debug_loc     0x0000998b       0xf0 src/ASF/sam0/utils/stdio/read.o
 .debug_loc     0x00009a7b      0x130 src/ASF/sam0/utils/stdio/write.o
 .debug_loc     0x00009bab       0xd1 src/ASF/sam0/utils/syscalls/gcc/syscalls.o
 .debug_loc     0x00009c7c      0x5de src/ASF/thirdparty/wireless/addons/sio2host/uart/sio2host.o
 .debug_loc     0x0000a25a     0x3242 src/ASF/thirdparty/wireless/services/trx_access/trx_access.o
 .debug_loc     0x0000d49c      0x241 src/main.o

.debug_aranges  0x00000000      0x928
 .debug_aranges
                0x00000000       0x20 src/button.o
 .debug_aranges
                0x00000020       0x38 src/console.o
 .debug_aranges
                0x00000058       0xf8 src/framework/driver/drv_miwi_at86rf212.o
 .debug_aranges
                0x00000150       0xa0 src/framework/miwi/miwi_p2p_star.o
 .debug_aranges
                0x000001f0       0x48 src/security/security.o
 .debug_aranges
                0x00000238       0x38 src/timer.o
 .debug_aranges
                0x00000270       0x30 src/ASF/common2/services/delay/sam0/systick_counter.o
 .debug_aranges
                0x000002a0       0x28 src/ASF/common/utils/interrupt/interrupt_sam_nvic.o
 .debug_aranges
                0x000002c8       0x20 src/ASF/sam0/boards/samr30_xplained_pro/board_init.o
 .debug_aranges
                0x000002e8       0x48 src/ASF/sam0/drivers/extint/extint_callback.o
 .debug_aranges
                0x00000330       0x58 src/ASF/sam0/drivers/extint/extint_sam_l_c/extint.o
 .debug_aranges
                0x00000388       0x28 src/ASF/sam0/drivers/port/port.o
 .debug_aranges
                0x000003b0       0x40 src/ASF/sam0/drivers/sercom/sercom.o
 .debug_aranges
                0x000003f0       0x60 src/ASF/sam0/drivers/sercom/sercom_interrupt.o
 .debug_aranges
                0x00000450       0x58 src/ASF/sam0/drivers/sercom/spi/spi.o
 .debug_aranges
                0x000004a8       0x40 src/ASF/sam0/drivers/sercom/usart/usart.o
 .debug_aranges
                0x000004e8       0x70 src/ASF/sam0/drivers/sercom/usart/usart_interrupt.o
 .debug_aranges
                0x00000558       0x80 src/ASF/sam0/drivers/system/clock/clock_samr30/clock.o
 .debug_aranges
                0x000005d8       0x80 src/ASF/sam0/drivers/system/clock/clock_samr30/gclk.o
 .debug_aranges
                0x00000658       0x40 src/ASF/sam0/drivers/system/pinmux/pinmux.o
 .debug_aranges
                0x00000698       0x28 src/ASF/sam0/drivers/system/system.o
 .debug_aranges
                0x000006c0       0x48 src/ASF/sam0/drivers/tc/tc_interrupt.o
 .debug_aranges
                0x00000708       0x58 src/ASF/sam0/drivers/tc/tc_sam_l_c/tc.o
 .debug_aranges
                0x00000760       0x28 src/ASF/sam0/utils/cmsis/samr30/source/gcc/startup_samr30.o
 .debug_aranges
                0x00000788       0x20 src/ASF/sam0/utils/stdio/read.o
 .debug_aranges
                0x000007a8       0x20 src/ASF/sam0/utils/stdio/write.o
 .debug_aranges
                0x000007c8       0x60 src/ASF/sam0/utils/syscalls/gcc/syscalls.o
 .debug_aranges
                0x00000828       0x60 src/ASF/thirdparty/wireless/addons/sio2host/uart/sio2host.o
 .debug_aranges
                0x00000888       0x80 src/ASF/thirdparty/wireless/services/trx_access/trx_access.o
 .debug_aranges
                0x00000908       0x20 src/main.o

.debug_ranges   0x00000000      0xdb8
 .debug_ranges  0x00000000       0x28 src/button.o
 .debug_ranges  0x00000028       0x28 src/console.o
 .debug_ranges  0x00000050      0x1c0 src/framework/driver/drv_miwi_at86rf212.o
 .debug_ranges  0x00000210       0xc0 src/framework/miwi/miwi_p2p_star.o
 .debug_ranges  0x000002d0       0x38 src/security/security.o
 .debug_ranges  0x00000308       0x28 src/timer.o
 .debug_ranges  0x00000330       0x50 src/ASF/common2/services/delay/sam0/systick_counter.o
 .debug_ranges  0x00000380       0x18 src/ASF/common/utils/interrupt/interrupt_sam_nvic.o
 .debug_ranges  0x00000398       0x10 src/ASF/sam0/boards/samr30_xplained_pro/board_init.o
 .debug_ranges  0x000003a8       0x60 src/ASF/sam0/drivers/extint/extint_callback.o
 .debug_ranges  0x00000408       0x60 src/ASF/sam0/drivers/extint/extint_sam_l_c/extint.o
 .debug_ranges  0x00000468       0x18 src/ASF/sam0/drivers/port/port.o
 .debug_ranges  0x00000480       0x48 src/ASF/sam0/drivers/sercom/sercom.o
 .debug_ranges  0x000004c8       0x50 src/ASF/sam0/drivers/sercom/sercom_interrupt.o
 .debug_ranges  0x00000518      0x1c0 src/ASF/sam0/drivers/sercom/spi/spi.o
 .debug_ranges  0x000006d8       0xe0 src/ASF/sam0/drivers/sercom/usart/usart.o
 .debug_ranges  0x000007b8       0x60 src/ASF/sam0/drivers/sercom/usart/usart_interrupt.o
 .debug_ranges  0x00000818       0x88 src/ASF/sam0/drivers/system/clock/clock_samr30/clock.o
 .debug_ranges  0x000008a0       0xe8 src/ASF/sam0/drivers/system/clock/clock_samr30/gclk.o
 .debug_ranges  0x00000988       0x30 src/ASF/sam0/drivers/system/pinmux/pinmux.o
 .debug_ranges  0x000009b8       0x18 src/ASF/sam0/drivers/system/system.o
 .debug_ranges  0x000009d0       0x38 src/ASF/sam0/drivers/tc/tc_interrupt.o
 .debug_ranges  0x00000a08       0x60 src/ASF/sam0/drivers/tc/tc_sam_l_c/tc.o
 .debug_ranges  0x00000a68       0x18 src/ASF/sam0/utils/cmsis/samr30/source/gcc/startup_samr30.o
 .debug_ranges  0x00000a80       0x10 src/ASF/sam0/utils/stdio/read.o
 .debug_ranges  0x00000a90       0x10 src/ASF/sam0/utils/stdio/write.o
 .debug_ranges  0x00000aa0       0x50 src/ASF/sam0/utils/syscalls/gcc/syscalls.o
 .debug_ranges  0x00000af0       0x50 src/ASF/thirdparty/wireless/addons/sio2host/uart/sio2host.o
 .debug_ranges  0x00000b40      0x268 src/ASF/thirdparty/wireless/services/trx_access/trx_access.o
 .debug_ranges  0x00000da8       0x10 src/main.o

.debug_macro    0x00000000    0x2299f
 .debug_macro   0x00000000      0x72a src/button.o
 .debug_macro   0x0000072a      0x892 src/button.o
 .debug_macro   0x00000fbc      0x16d src/button.o
 .debug_macro   0x00001129      0x652 src/button.o
 .debug_macro   0x0000177b       0x22 src/button.o
 .debug_macro   0x0000179d       0x87 src/button.o
 .debug_macro   0x00001824       0x44 src/button.o
 .debug_macro   0x00001868       0xfd src/button.o
 .debug_macro   0x00001965       0x22 src/button.o
 .debug_macro   0x00001987      0x1df src/button.o
 .debug_macro   0x00001b66       0x10 src/button.o
 .debug_macro   0x00001b76       0x76 src/button.o
 .debug_macro   0x00001bec       0x16 src/button.o
 .debug_macro   0x00001c02      0x6e5 src/button.o
 .debug_macro   0x000022e7      0xde2 src/button.o
 .debug_macro   0x000030c9       0x22 src/button.o
 .debug_macro   0x000030eb       0x40 src/button.o
 .debug_macro   0x0000312b       0x3a src/button.o
 .debug_macro   0x00003165       0x1f src/button.o
 .debug_macro   0x00003184      0x250 src/button.o
 .debug_macro   0x000033d4      0x71a src/button.o
 .debug_macro   0x00003aee      0x8fb src/button.o
 .debug_macro   0x000043e9      0x226 src/button.o
 .debug_macro   0x0000460f      0xe20 src/button.o
 .debug_macro   0x0000542f      0x5b8 src/button.o
 .debug_macro   0x000059e7      0x5c3 src/button.o
 .debug_macro   0x00005faa      0x832 src/button.o
 .debug_macro   0x000067dc      0x297 src/button.o
 .debug_macro   0x00006a73      0x598 src/button.o
 .debug_macro   0x0000700b      0x225 src/button.o
 .debug_macro   0x00007230      0x733 src/button.o
 .debug_macro   0x00007963      0x719 src/button.o
 .debug_macro   0x0000807c      0x293 src/button.o
 .debug_macro   0x0000830f      0x65a src/button.o
 .debug_macro   0x00008969      0x2c7 src/button.o
 .debug_macro   0x00008c30      0x3c4 src/button.o
 .debug_macro   0x00008ff4      0x1ae src/button.o
 .debug_macro   0x000091a2     0x1263 src/button.o
 .debug_macro   0x0000a405       0x88 src/button.o
 .debug_macro   0x0000a48d      0xf4e src/button.o
 .debug_macro   0x0000b3db      0x873 src/button.o
 .debug_macro   0x0000bc4e      0xa39 src/button.o
 .debug_macro   0x0000c687      0x8bc src/button.o
 .debug_macro   0x0000cf43     0x19cc src/button.o
 .debug_macro   0x0000e90f     0x13e8 src/button.o
 .debug_macro   0x0000fcf7      0x378 src/button.o
 .debug_macro   0x0001006f       0x7c src/button.o
 .debug_macro   0x000100eb       0xac src/button.o
 .debug_macro   0x00010197       0x4c src/button.o
 .debug_macro   0x000101e3       0xdc src/button.o
 .debug_macro   0x000102bf       0xb2 src/button.o
 .debug_macro   0x00010371       0x64 src/button.o
 .debug_macro   0x000103d5      0x5d5 src/button.o
 .debug_macro   0x000109aa      0x1ab src/button.o
 .debug_macro   0x00010b55       0x70 src/button.o
 .debug_macro   0x00010bc5       0xa0 src/button.o
 .debug_macro   0x00010c65       0xc4 src/button.o
 .debug_macro   0x00010d29       0xa0 src/button.o
 .debug_macro   0x00010dc9       0x40 src/button.o
 .debug_macro   0x00010e09       0x7c src/button.o
 .debug_macro   0x00010e85       0x40 src/button.o
 .debug_macro   0x00010ec5      0x1e5 src/button.o
 .debug_macro   0x000110aa       0x34 src/button.o
 .debug_macro   0x000110de       0xee src/button.o
 .debug_macro   0x000111cc       0x16 src/button.o
 .debug_macro   0x000111e2      0x136 src/button.o
 .debug_macro   0x00011318      0x136 src/button.o
 .debug_macro   0x0001144e      0x136 src/button.o
 .debug_macro   0x00011584      0x136 src/button.o
 .debug_macro   0x000116ba      0x136 src/button.o
 .debug_macro   0x000117f0      0x136 src/button.o
 .debug_macro   0x00011926       0x5e src/button.o
 .debug_macro   0x00011984      0x1a6 src/button.o
 .debug_macro   0x00011b2a       0xfa src/button.o
 .debug_macro   0x00011c24       0xfa src/button.o
 .debug_macro   0x00011d1e       0xfa src/button.o
 .debug_macro   0x00011e18      0x124 src/button.o
 .debug_macro   0x00011f3c       0xfa src/button.o
 .debug_macro   0x00012036       0xee src/button.o
 .debug_macro   0x00012124      0x40f src/button.o
 .debug_macro   0x00012533       0x3a src/button.o
 .debug_macro   0x0001256d      0x3bc src/button.o
 .debug_macro   0x00012929     0x1c8b src/button.o
 .debug_macro   0x000145b4       0x90 src/button.o
 .debug_macro   0x00014644       0x52 src/button.o
 .debug_macro   0x00014696       0x35 src/button.o
 .debug_macro   0x000146cb       0x9c src/button.o
 .debug_macro   0x00014767       0x16 src/button.o
 .debug_macro   0x0001477d       0x35 src/button.o
 .debug_macro   0x000147b2      0x330 src/button.o
 .debug_macro   0x00014ae2       0x10 src/button.o
 .debug_macro   0x00014af2       0x52 src/button.o
 .debug_macro   0x00014b44       0x16 src/button.o
 .debug_macro   0x00014b5a       0x43 src/button.o
 .debug_macro   0x00014b9d      0x187 src/button.o
 .debug_macro   0x00014d24       0x22 src/button.o
 .debug_macro   0x00014d46       0x3a src/button.o
 .debug_macro   0x00014d80       0x10 src/button.o
 .debug_macro   0x00014d90       0x40 src/button.o
 .debug_macro   0x00014dd0       0x6c src/button.o
 .debug_macro   0x00014e3c       0x16 src/button.o
 .debug_macro   0x00014e52      0x182 src/button.o
 .debug_macro   0x00014fd4       0x16 src/button.o
 .debug_macro   0x00014fea       0x16 src/button.o
 .debug_macro   0x00015000       0x29 src/button.o
 .debug_macro   0x00015029       0x51 src/button.o
 .debug_macro   0x0001507a       0x3f src/button.o
 .debug_macro   0x000150b9      0x3df src/button.o
 .debug_macro   0x00015498       0x16 src/button.o
 .debug_macro   0x000154ae       0x16 src/button.o
 .debug_macro   0x000154c4       0x18 src/button.o
 .debug_macro   0x000154dc       0x12 src/button.o
 .debug_macro   0x000154ee      0x2bf src/button.o
 .debug_macro   0x000157ad       0x16 src/button.o
 .debug_macro   0x000157c3      0x782 src/button.o
 .debug_macro   0x00015f45       0x26 src/button.o
 .debug_macro   0x00015f6b       0x2e src/button.o
 .debug_macro   0x00015f99       0xb2 src/button.o
 .debug_macro   0x0001604b       0x10 src/button.o
 .debug_macro   0x0001605b       0x16 src/button.o
 .debug_macro   0x00016071       0x1c src/button.o
 .debug_macro   0x0001608d       0x35 src/button.o
 .debug_macro   0x000160c2       0x49 src/button.o
 .debug_macro   0x0001610b       0xab src/button.o
 .debug_macro   0x000161b6       0xc3 src/button.o
 .debug_macro   0x00016279       0x10 src/button.o
 .debug_macro   0x00016289       0x58 src/button.o
 .debug_macro   0x000162e1       0x8c src/button.o
 .debug_macro   0x0001636d       0x4c src/button.o
 .debug_macro   0x000163b9       0x1c src/button.o
 .debug_macro   0x000163d5      0xb10 src/button.o
 .debug_macro   0x00016ee5       0x6c src/button.o
 .debug_macro   0x00016f51       0x89 src/button.o
 .debug_macro   0x00016fda       0xd8 src/button.o
 .debug_macro   0x000170b2      0x5a8 src/console.o
 .debug_macro   0x0001765a       0x46 src/console.o
 .debug_macro   0x000176a0       0x1d src/console.o
 .debug_macro   0x000176bd      0x66b src/framework/driver/drv_miwi_at86rf212.o
 .debug_macro   0x00017d28       0x4c src/framework/driver/drv_miwi_at86rf212.o
 .debug_macro   0x00017d74       0x8d src/framework/driver/drv_miwi_at86rf212.o
 .debug_macro   0x00017e01       0x4a src/framework/driver/drv_miwi_at86rf212.o
 .debug_macro   0x00017e4b       0x10 src/framework/driver/drv_miwi_at86rf212.o
 .debug_macro   0x00017e5b       0x1c src/framework/driver/drv_miwi_at86rf212.o
 .debug_macro   0x00017e77       0x20 src/framework/driver/drv_miwi_at86rf212.o
 .debug_macro   0x00017e97       0x18 src/framework/driver/drv_miwi_at86rf212.o
 .debug_macro   0x00017eaf       0x8b src/framework/driver/drv_miwi_at86rf212.o
 .debug_macro   0x00017f3a       0xaa src/framework/driver/drv_miwi_at86rf212.o
 .debug_macro   0x00017fe4      0x710 src/framework/miwi/miwi_p2p_star.o
 .debug_macro   0x000186f4       0x16 src/framework/miwi/miwi_p2p_star.o
 .debug_macro   0x0001870a      0xb16 src/framework/miwi/miwi_p2p_star.o
 .debug_macro   0x00019220      0x60a src/security/security.o
 .debug_macro   0x0001982a      0x6c2 src/timer.o
 .debug_macro   0x00019eec      0x54b src/ASF/common2/services/delay/sam0/systick_counter.o
 .debug_macro   0x0001a437      0x50f src/ASF/common/utils/interrupt/interrupt_sam_nvic.o
 .debug_macro   0x0001a946      0x54a src/ASF/sam0/boards/samr30_xplained_pro/board_init.o
 .debug_macro   0x0001ae90      0x534 src/ASF/sam0/drivers/extint/extint_callback.o
 .debug_macro   0x0001b3c4      0x590 src/ASF/sam0/drivers/extint/extint_sam_l_c/extint.o
 .debug_macro   0x0001b954       0x10 src/ASF/sam0/drivers/extint/extint_sam_l_c/extint.o
 .debug_macro   0x0001b964      0x529 src/ASF/sam0/drivers/port/port.o
 .debug_macro   0x0001be8d      0x59e src/ASF/sam0/drivers/sercom/sercom.o
 .debug_macro   0x0001c42b      0x59b src/ASF/sam0/drivers/sercom/sercom_interrupt.o
 .debug_macro   0x0001c9c6      0x5c9 src/ASF/sam0/drivers/sercom/spi/spi.o
 .debug_macro   0x0001cf8f      0x5af src/ASF/sam0/drivers/sercom/usart/usart.o
 .debug_macro   0x0001d53e       0x51 src/ASF/sam0/drivers/sercom/usart/usart.o
 .debug_macro   0x0001d58f      0x5af src/ASF/sam0/drivers/sercom/usart/usart_interrupt.o
 .debug_macro   0x0001db3e      0x576 src/ASF/sam0/drivers/system/clock/clock_samr30/clock.o
 .debug_macro   0x0001e0b4      0x2a2 src/ASF/sam0/drivers/system/clock/clock_samr30/clock.o
 .debug_macro   0x0001e356      0x546 src/ASF/sam0/drivers/system/clock/clock_samr30/gclk.o
 .debug_macro   0x0001e89c      0x51f src/ASF/sam0/drivers/system/pinmux/pinmux.o
 .debug_macro   0x0001edbb       0x12 src/ASF/sam0/drivers/system/pinmux/pinmux.o
 .debug_macro   0x0001edcd      0x554 src/ASF/sam0/drivers/system/system.o
 .debug_macro   0x0001f321      0x57e src/ASF/sam0/drivers/tc/tc_interrupt.o
 .debug_macro   0x0001f89f       0x43 src/ASF/sam0/drivers/tc/tc_interrupt.o
 .debug_macro   0x0001f8e2       0x66 src/ASF/sam0/drivers/tc/tc_interrupt.o
 .debug_macro   0x0001f948      0x57b src/ASF/sam0/drivers/tc/tc_sam_l_c/tc.o
 .debug_macro   0x0001fec3      0x321 src/ASF/sam0/utils/cmsis/samr30/source/gcc/startup_samr30.o
 .debug_macro   0x000201e4       0x3a src/ASF/sam0/utils/cmsis/samr30/source/gcc/startup_samr30.o
 .debug_macro   0x0002021e      0x50f src/ASF/sam0/utils/stdio/read.o
 .debug_macro   0x0002072d      0x50f src/ASF/sam0/utils/stdio/write.o
 .debug_macro   0x00020c3c      0x19c src/ASF/sam0/utils/syscalls/gcc/syscalls.o
 .debug_macro   0x00020dd8       0x97 src/ASF/sam0/utils/syscalls/gcc/syscalls.o
 .debug_macro   0x00020e6f       0xf6 src/ASF/sam0/utils/syscalls/gcc/syscalls.o
 .debug_macro   0x00020f65       0x52 src/ASF/sam0/utils/syscalls/gcc/syscalls.o
 .debug_macro   0x00020fb7       0x16 src/ASF/sam0/utils/syscalls/gcc/syscalls.o
 .debug_macro   0x00020fcd       0x10 src/ASF/sam0/utils/syscalls/gcc/syscalls.o
 .debug_macro   0x00020fdd       0x41 src/ASF/sam0/utils/syscalls/gcc/syscalls.o
 .debug_macro   0x0002101e      0x122 src/ASF/sam0/utils/syscalls/gcc/syscalls.o
 .debug_macro   0x00021140      0x6ae src/ASF/thirdparty/wireless/addons/sio2host/uart/sio2host.o
 .debug_macro   0x000217ee       0x40 src/ASF/thirdparty/wireless/addons/sio2host/uart/sio2host.o
 .debug_macro   0x0002182e      0x732 src/ASF/thirdparty/wireless/services/trx_access/trx_access.o
 .debug_macro   0x00021f60      0x2b9 src/ASF/thirdparty/wireless/services/trx_access/trx_access.o
 .debug_macro   0x00022219       0x1c src/ASF/thirdparty/wireless/services/trx_access/trx_access.o
 .debug_macro   0x00022235      0x747 src/main.o
 .debug_macro   0x0002297c       0x23 src/main.o

.debug_line     0x00000000    0x16c94
 .debug_line    0x00000000      0xe9c src/button.o
 .debug_line    0x00000e9c      0xa15 src/console.o
 .debug_line    0x000018b1     0x1280 src/framework/driver/drv_miwi_at86rf212.o
 .debug_line    0x00002b31     0x1184 src/framework/miwi/miwi_p2p_star.o
 .debug_line    0x00003cb5      0xbb8 src/security/security.o
 .debug_line    0x0000486d      0xe58 src/timer.o
 .debug_line    0x000056c5      0x9ca src/ASF/common2/services/delay/sam0/systick_counter.o
 .debug_line    0x0000608f      0x8dd src/ASF/common/utils/interrupt/interrupt_sam_nvic.o
 .debug_line    0x0000696c      0x9c1 src/ASF/sam0/boards/samr30_xplained_pro/board_init.o
 .debug_line    0x0000732d      0x9d2 src/ASF/sam0/drivers/extint/extint_callback.o
 .debug_line    0x00007cff      0xc54 src/ASF/sam0/drivers/extint/extint_sam_l_c/extint.o
 .debug_line    0x00008953      0x909 src/ASF/sam0/drivers/port/port.o
 .debug_line    0x0000925c      0xbce src/ASF/sam0/drivers/sercom/sercom.o
 .debug_line    0x00009e2a      0xb73 src/ASF/sam0/drivers/sercom/sercom_interrupt.o
 .debug_line    0x0000a99d      0xfee src/ASF/sam0/drivers/sercom/spi/spi.o
 .debug_line    0x0000b98b      0xd05 src/ASF/sam0/drivers/sercom/usart/usart.o
 .debug_line    0x0000c690      0xc91 src/ASF/sam0/drivers/sercom/usart/usart_interrupt.o
 .debug_line    0x0000d321      0xcbf src/ASF/sam0/drivers/system/clock/clock_samr30/clock.o
 .debug_line    0x0000dfe0      0xc2c src/ASF/sam0/drivers/system/clock/clock_samr30/gclk.o
 .debug_line    0x0000ec0c      0x948 src/ASF/sam0/drivers/system/pinmux/pinmux.o
 .debug_line    0x0000f554      0x9ed src/ASF/sam0/drivers/system/system.o
 .debug_line    0x0000ff41      0xa7e src/ASF/sam0/drivers/tc/tc_interrupt.o
 .debug_line    0x000109bf      0xd91 src/ASF/sam0/drivers/tc/tc_sam_l_c/tc.o
 .debug_line    0x00011750      0x685 src/ASF/sam0/utils/cmsis/samr30/source/gcc/startup_samr30.o
 .debug_line    0x00011dd5      0x8bb src/ASF/sam0/utils/stdio/read.o
 .debug_line    0x00012690      0x8b1 src/ASF/sam0/utils/stdio/write.o
 .debug_line    0x00012f41      0x3d0 src/ASF/sam0/utils/syscalls/gcc/syscalls.o
 .debug_line    0x00013311      0xf9e src/ASF/thirdparty/wireless/addons/sio2host/uart/sio2host.o
 .debug_line    0x000142af     0x1a8e src/ASF/thirdparty/wireless/services/trx_access/trx_access.o
 .debug_line    0x00015d3d      0xf57 src/main.o

.debug_str      0x00000000    0x99030
 .debug_str     0x00000000    0x901b4 src/button.o
                              0x9065a (size before relaxing)
 .debug_str     0x000901b4      0x171 src/console.o
                              0x8bf01 (size before relaxing)
 .debug_str     0x00090325      0xb1d src/framework/driver/drv_miwi_at86rf212.o
                              0x8fdba (size before relaxing)
 .debug_str     0x00090e42      0x37e src/framework/miwi/miwi_p2p_star.o
                              0x9099f (size before relaxing)
 .debug_str     0x000911c0      0x174 src/security/security.o
                              0x8c2a4 (size before relaxing)
 .debug_str     0x00091334      0x89c src/timer.o
                              0x8ddbe (size before relaxing)
 .debug_str     0x00091bd0       0xa5 src/ASF/common2/services/delay/sam0/systick_counter.o
                              0x88cc9 (size before relaxing)
 .debug_str     0x00091c75       0x94 src/ASF/common/utils/interrupt/interrupt_sam_nvic.o
                              0x88aeb (size before relaxing)
 .debug_str     0x00091d09      0x410 src/ASF/sam0/boards/samr30_xplained_pro/board_init.o
                              0x8c0de (size before relaxing)
 .debug_str     0x00092119      0x520 src/ASF/sam0/drivers/extint/extint_callback.o
                              0x89158 (size before relaxing)
 .debug_str     0x00092639      0x837 src/ASF/sam0/drivers/extint/extint_sam_l_c/extint.o
                              0x89f69 (size before relaxing)
 .debug_str     0x00092e70       0x53 src/ASF/sam0/drivers/port/port.o
                              0x88f68 (size before relaxing)
 .debug_str     0x00092ec3      0xa1f src/ASF/sam0/drivers/sercom/sercom.o
                              0x8a136 (size before relaxing)
 .debug_str     0x000938e2      0x1aa src/ASF/sam0/drivers/sercom/sercom_interrupt.o
                              0x89f55 (size before relaxing)
 .debug_str     0x00093a8c      0x93a src/ASF/sam0/drivers/sercom/spi/spi.o
                              0x8aec1 (size before relaxing)
 .debug_str     0x000943c6      0x68f src/ASF/sam0/drivers/sercom/usart/usart.o
                              0x8af09 (size before relaxing)
 .debug_str     0x00094a55      0x1da src/ASF/sam0/drivers/sercom/usart/usart_interrupt.o
                              0x8a162 (size before relaxing)
 .debug_str     0x00094c2f     0x2bd4 src/ASF/sam0/drivers/system/clock/clock_samr30/clock.o
                              0x8c039 (size before relaxing)
 .debug_str     0x00097803      0x236 src/ASF/sam0/drivers/system/clock/clock_samr30/gclk.o
                              0x89740 (size before relaxing)
 .debug_str     0x00097a39      0x1b5 src/ASF/sam0/drivers/system/pinmux/pinmux.o
                              0x88feb (size before relaxing)
 .debug_str     0x00097bee       0x47 src/ASF/sam0/drivers/system/system.o
                              0x88b7b (size before relaxing)
 .debug_str     0x00097c35       0xf3 src/ASF/sam0/drivers/tc/tc_interrupt.o
                              0x899fd (size before relaxing)
 .debug_str     0x00097d28      0x130 src/ASF/sam0/drivers/tc/tc_sam_l_c/tc.o
                              0x8a240 (size before relaxing)
 .debug_str     0x00097e58      0x395 src/ASF/sam0/utils/cmsis/samr30/source/gcc/startup_samr30.o
                              0x7460f (size before relaxing)
 .debug_str     0x000981ed       0x2a src/ASF/sam0/utils/stdio/read.o
                              0x88a98 (size before relaxing)
 .debug_str     0x00098217       0x24 src/ASF/sam0/utils/stdio/write.o
                              0x88a9a (size before relaxing)
 .debug_str     0x0009823b      0x72a src/ASF/sam0/utils/syscalls/gcc/syscalls.o
                               0x695f (size before relaxing)
 .debug_str     0x00098965      0x440 src/ASF/thirdparty/wireless/addons/sio2host/uart/sio2host.o
                              0x8e968 (size before relaxing)
 .debug_str     0x00098da5      0x21f src/ASF/thirdparty/wireless/services/trx_access/trx_access.o
                              0x91ae4 (size before relaxing)
 .debug_str     0x00098fc4       0x6c src/main.o
                              0x906e7 (size before relaxing)

.debug_frame    0x00000000     0x1cb8
 .debug_frame   0x00000000       0x28 src/button.o
 .debug_frame   0x00000028       0x7c src/console.o
 .debug_frame   0x000000a4      0x334 src/framework/driver/drv_miwi_at86rf212.o
 .debug_frame   0x000003d8      0x1f4 src/framework/miwi/miwi_p2p_star.o
 .debug_frame   0x000005cc       0xa8 src/security/security.o
 .debug_frame   0x00000674       0x74 src/timer.o
 .debug_frame   0x000006e8       0x64 src/ASF/common2/services/delay/sam0/systick_counter.o
 .debug_frame   0x0000074c       0x30 src/ASF/common/utils/interrupt/interrupt_sam_nvic.o
 .debug_frame   0x0000077c       0x38 src/ASF/sam0/boards/samr30_xplained_pro/board_init.o
 .debug_frame   0x000007b4       0x7c src/ASF/sam0/drivers/extint/extint_callback.o
 .debug_frame   0x00000830       0xc8 src/ASF/sam0/drivers/extint/extint_sam_l_c/extint.o
 .debug_frame   0x000008f8       0x44 src/ASF/sam0/drivers/port/port.o
 .debug_frame   0x0000093c       0x9c src/ASF/sam0/drivers/sercom/sercom.o