Archive member included to satisfy reference by file (symbol)

../src/ASF/thirdparty/wireless/services/common_hw_timer/sam0/lib\libsam0_lib_hw_timer.a(common_hw_timer.o)
                              src/ASF/thirdparty/wireless/miwi/source/sys/sysTimer.o (common_tc_delay)
../src/ASF/thirdparty/wireless/miwi/source/miwi_mesh/sam0/gcc\libsam0_miwi_mesh_panc.a(miwi_mesh.o)
                              src/wsndemo.o (MiApp_ProtocolInit)
../src/ASF/thirdparty/wireless/miwi/source/miwi_mesh/sam0/gcc\libsam0_miwi_mesh_panc.a(miwi_mesh_commissioning.o)
                              ../src/ASF/thirdparty/wireless/miwi/source/miwi_mesh/sam0/gcc\libsam0_miwi_mesh_panc.a(miwi_mesh.o) (bloomFilterAutoJoin)
../src/ASF/thirdparty/wireless/miwi/source/miwi_mesh/sam0/gcc\libsam0_miwi_mesh_panc.a(miwi_mesh_frame.o)
                              src/wsndemo.o (MiApp_SubscribeDataIndicationCallback)
../src/ASF/thirdparty/wireless/miwi/source/miwi_mesh/sam0/gcc\libsam0_miwi_mesh_panc.a(miwi_mesh_join.o)
                              ../src/ASF/thirdparty/wireless/miwi/source/miwi_mesh/sam0/gcc\libsam0_miwi_mesh_panc.a(miwi_mesh.o) (myShortAddress)
../src/ASF/thirdparty/wireless/miwi/source/miwi_mesh/sam0/gcc\libsam0_miwi_mesh_panc.a(miwi_mesh_routing.o)
                              ../src/ASF/thirdparty/wireless/miwi/source/miwi_mesh/sam0/gcc\libsam0_miwi_mesh_panc.a(miwi_mesh.o) (initRouteTable)
c:/program files (x86)/atmel/studio/7.0/toolchain/arm/arm-gnu-toolchain/bin/../lib/gcc/arm-none-eabi/6.3.1/../../../../arm-none-eabi/lib/thumb/v6-m\libm.a(lib_a-s_floor.o)
                              src/cJSON/cJSON.o (floor)
c:/program files (x86)/atmel/studio/7.0/toolchain/arm/arm-gnu-toolchain/bin/../lib/gcc/arm-none-eabi/6.3.1/../../../../arm-none-eabi/lib/thumb/v6-m\libm.a(lib_a-w_pow.o)
                              src/cJSON/cJSON.o (pow)
c:/program files (x86)/atmel/studio/7.0/toolchain/arm/arm-gnu-toolchain/bin/../lib/gcc/arm-none-eabi/6.3.1/../../../../arm-none-eabi/lib/thumb/v6-m\libm.a(lib_a-e_pow.o)
                              c:/program files (x86)/atmel/studio/7.0/toolchain/arm/arm-gnu-toolchain/bin/../lib/gcc/arm-none-eabi/6.3.1/../../../../arm-none-eabi/lib/thumb/v6-m\libm.a(lib_a-w_pow.o) (__ieee754_pow)
c:/program files (x86)/atmel/studio/7.0/toolchain/arm/arm-gnu-toolchain/bin/../lib/gcc/arm-none-eabi/6.3.1/../../../../arm-none-eabi/lib/thumb/v6-m\libm.a(lib_a-e_sqrt.o)
                              c:/program files (x86)/atmel/studio/7.0/toolchain/arm/arm-gnu-toolchain/bin/../lib/gcc/arm-none-eabi/6.3.1/../../../../arm-none-eabi/lib/thumb/v6-m\libm.a(lib_a-e_pow.o) (__ieee754_sqrt)
c:/program files (x86)/atmel/studio/7.0/toolchain/arm/arm-gnu-toolchain/bin/../lib/gcc/arm-none-eabi/6.3.1/../../../../arm-none-eabi/lib/thumb/v6-m\libm.a(lib_a-s_fabs.o)
                              c:/program files (x86)/atmel/studio/7.0/toolchain/arm/arm-gnu-toolchain/bin/../lib/gcc/arm-none-eabi/6.3.1/../../../../arm-none-eabi/lib/thumb/v6-m\libm.a(lib_a-e_pow.o) (fabs)
c:/program files (x86)/atmel/studio/7.0/toolchain/arm/arm-gnu-toolchain/bin/../lib/gcc/arm-none-eabi/6.3.1/../../../../arm-none-eabi/lib/thumb/v6-m\libm.a(lib_a-s_finite.o)
                              c:/program files (x86)/atmel/studio/7.0/toolchain/arm/arm-gnu-toolchain/bin/../lib/gcc/arm-none-eabi/6.3.1/../../../../arm-none-eabi/lib/thumb/v6-m\libm.a(lib_a-w_pow.o) (finite)
c:/program files (x86)/atmel/studio/7.0/toolchain/arm/arm-gnu-toolchain/bin/../lib/gcc/arm-none-eabi/6.3.1/../../../../arm-none-eabi/lib/thumb/v6-m\libm.a(lib_a-s_lib_ver.o)
                              c:/program files (x86)/atmel/studio/7.0/toolchain/arm/arm-gnu-toolchain/bin/../lib/gcc/arm-none-eabi/6.3.1/../../../../arm-none-eabi/lib/thumb/v6-m\libm.a(lib_a-w_pow.o) (__fdlib_version)
c:/program files (x86)/atmel/studio/7.0/toolchain/arm/arm-gnu-toolchain/bin/../lib/gcc/arm-none-eabi/6.3.1/../../../../arm-none-eabi/lib/thumb/v6-m\libm.a(lib_a-s_matherr.o)
                              c:/program files (x86)/atmel/studio/7.0/toolchain/arm/arm-gnu-toolchain/bin/../lib/gcc/arm-none-eabi/6.3.1/../../../../arm-none-eabi/lib/thumb/v6-m\libm.a(lib_a-w_pow.o) (matherr)
c:/program files (x86)/atmel/studio/7.0/toolchain/arm/arm-gnu-toolchain/bin/../lib/gcc/arm-none-eabi/6.3.1/../../../../arm-none-eabi/lib/thumb/v6-m\libm.a(lib_a-s_nan.o)
                              c:/program files (x86)/atmel/studio/7.0/toolchain/arm/arm-gnu-toolchain/bin/../lib/gcc/arm-none-eabi/6.3.1/../../../../arm-none-eabi/lib/thumb/v6-m\libm.a(lib_a-e_pow.o) (nan)
c:/program files (x86)/atmel/studio/7.0/toolchain/arm/arm-gnu-toolchain/bin/../lib/gcc/arm-none-eabi/6.3.1/../../../../arm-none-eabi/lib/thumb/v6-m\libm.a(lib_a-s_rint.o)
                              c:/program files (x86)/atmel/studio/7.0/toolchain/arm/arm-gnu-toolchain/bin/../lib/gcc/arm-none-eabi/6.3.1/../../../../arm-none-eabi/lib/thumb/v6-m\libm.a(lib_a-w_pow.o) (rint)
[...]
Memory Configuration

Name             Origin             Length             Attributes
rom              0x00000000         0x00040000         xr
ram              0x20000000         0x00008000         xrw
lpram            0x30000000         0x00002000         xrw
*default*        0x00000000         0xffffffff

Linker script and memory map

LOAD c:/program files (x86)/atmel/studio/7.0/toolchain/arm/arm-gnu-toolchain/bin/../lib/gcc/arm-none-eabi/6.3.1/thumb/v6-m/crti.o
LOAD c:/program files (x86)/atmel/studio/7.0/toolchain/arm/arm-gnu-toolchain/bin/../lib/gcc/arm-none-eabi/6.3.1/thumb/v6-m/crtbegin.o
LOAD c:/program files (x86)/atmel/studio/7.0/toolchain/arm/arm-gnu-toolchain/bin/../lib/gcc/arm-none-eabi/6.3.1/../../../../arm-none-eabi/lib/thumb/v6-m/crt0.o
LOAD src/ASF/common/components/wifi/winc1500/bsp/source/nm_bsp_samr21.o
LOAD src/ASF/common/components/wifi/winc1500/bus_wrapper/source/nm_bus_wrapper_samr21.o
LOAD src/ASF/common/components/wifi/winc1500/common/source/nm_common.o
LOAD src/ASF/common/components/wifi/winc1500/driver/source/m2m_ate_mode.o
LOAD src/ASF/common/components/wifi/winc1500/driver/source/m2m_crypto.o
LOAD src/ASF/common/components/wifi/winc1500/driver/source/m2m_hif.o
LOAD src/ASF/common/components/wifi/winc1500/driver/source/m2m_ota.o
LOAD src/ASF/common/components/wifi/winc1500/driver/source/m2m_periph.o
LOAD src/ASF/common/components/wifi/winc1500/driver/source/m2m_ssl.o
LOAD src/ASF/common/components/wifi/winc1500/driver/source/m2m_wifi.o
LOAD src/ASF/common/components/wifi/winc1500/driver/source/nmasic.o
LOAD src/ASF/common/components/wifi/winc1500/driver/source/nmbus.o
LOAD src/ASF/common/components/wifi/winc1500/driver/source/nmdrv.o
LOAD src/ASF/common/components/wifi/winc1500/driver/source/nmi2c.o
LOAD src/ASF/common/components/wifi/winc1500/driver/source/nmspi.o
LOAD src/ASF/common/components/wifi/winc1500/driver/source/nmuart.o
LOAD src/ASF/common/components/wifi/winc1500/socket/source/socket.o
LOAD src/ASF/common/components/wifi/winc1500/spi_flash/source/spi_flash.o
LOAD src/ASF/thirdparty/AWS_SDK/AWS_SDK/aws_iot_src/protocol/mqtt/aws_iot_embedded_client_wrapper/aws_iot_mqtt_embedded_client_wrapper.o
LOAD src/ASF/thirdparty/AWS_SDK/AWS_SDK/aws_iot_src/protocol/mqtt/aws_iot_embedded_client_wrapper/platform_samd21/common/timer.o
LOAD src/ASF/thirdparty/AWS_SDK/AWS_SDK/aws_iot_src/protocol/mqtt/aws_iot_embedded_client_wrapper/platform_samd21/network_winc1500tls_wrapper.o
LOAD src/ASF/thirdparty/AWS_SDK/AWS_SDK/aws_iot_src/shadow/aws_iot_shadow.o
LOAD src/ASF/thirdparty/AWS_SDK/AWS_SDK/aws_iot_src/shadow/aws_iot_shadow_actions.o
LOAD src/ASF/thirdparty/AWS_SDK/AWS_SDK/aws_iot_src/shadow/aws_iot_shadow_json.o
LOAD src/ASF/thirdparty/AWS_SDK/AWS_SDK/aws_iot_src/shadow/aws_iot_shadow_records.o
LOAD src/ASF/thirdparty/AWS_SDK/AWS_SDK/aws_iot_src/utils/aws_iot_json_utils.o
LOAD src/ASF/thirdparty/AWS_SDK/AWS_SDK/aws_iot_src/utils/jsmn.o
LOAD src/ASF/thirdparty/AWS_SDK/AWS_SDK/aws_mqtt_embedded_client_lib/MQTTClient-C/src/MQTTClient.o
LOAD src/ASF/thirdparty/AWS_SDK/AWS_SDK/aws_mqtt_embedded_client_lib/MQTTPacket/src/MQTTConnectClient.o
LOAD src/ASF/thirdparty/AWS_SDK/AWS_SDK/aws_mqtt_embedded_client_lib/MQTTPacket/src/MQTTDeserializePublish.o
LOAD src/ASF/thirdparty/AWS_SDK/AWS_SDK/aws_mqtt_embedded_client_lib/MQTTPacket/src/MQTTPacket.o
LOAD src/ASF/thirdparty/AWS_SDK/AWS_SDK/aws_mqtt_embedded_client_lib/MQTTPacket/src/MQTTSerializePublish.o
LOAD src/ASF/thirdparty/AWS_SDK/AWS_SDK/aws_mqtt_embedded_client_lib/MQTTPacket/src/MQTTSubscribeClient.o
LOAD src/ASF/thirdparty/AWS_SDK/AWS_SDK/aws_mqtt_embedded_client_lib/MQTTPacket/src/MQTTUnsubscribeClient.o
LOAD src/cJSON/cJSON.o
LOAD src/cloud_wrapper.o
LOAD src/CryptoAuth/lib/atcacert/atcacert_client.o
LOAD src/CryptoAuth/lib/atcacert/atcacert_date.o
LOAD src/CryptoAuth/lib/atcacert/atcacert_def.o
LOAD src/CryptoAuth/lib/atcacert/atcacert_der.o
LOAD src/CryptoAuth/lib/atcacert/atcacert_host_hw.o
LOAD src/CryptoAuth/lib/atcacert/atcacert_host_sw.o
LOAD src/CryptoAuth/lib/atca_cfgs.o
LOAD src/CryptoAuth/lib/atca_command.o
LOAD src/CryptoAuth/lib/atca_device.o
LOAD src/CryptoAuth/lib/atca_iface.o
LOAD src/CryptoAuth/lib/basic/atca_basic.o
LOAD src/CryptoAuth/lib/basic/atca_helpers.o
LOAD src/CryptoAuth/lib/crypto/atca_crypto_sw_ecdsa.o
LOAD src/CryptoAuth/lib/crypto/atca_crypto_sw_rand.o
LOAD src/CryptoAuth/lib/crypto/atca_crypto_sw_sha1.o
LOAD src/CryptoAuth/lib/crypto/atca_crypto_sw_sha2.o
LOAD src/CryptoAuth/lib/crypto/hashes/sha1_routines.o
LOAD src/CryptoAuth/lib/crypto/hashes/sha2_routines.o
LOAD src/CryptoAuth/lib/hal/atca_hal.o
LOAD src/CryptoAuth/lib/hal/hal_samd21_i2c_asf.o
LOAD src/CryptoAuth/lib/hal/hal_samd21_timer_asf.o
LOAD src/CryptoAuth/lib/host/atca_host.o
LOAD src/CryptoAuth/lib/tls/atcatls.o
LOAD src/CryptoAuth/lib/tls/atcatls_cfg.o
LOAD src/gateway_prov.o
LOAD src/iot_message.o
LOAD src/ASF/common2/services/delay/sam0/systick_counter.o
LOAD src/ASF/common/utils/interrupt/interrupt_sam_nvic.o
LOAD src/ASF/sam0/boards/samr30_xplained_pro/board_init.o
LOAD src/ASF/sam0/drivers/extint/extint_callback.o
LOAD src/ASF/sam0/drivers/extint/extint_sam_l_c/extint.o
LOAD src/ASF/sam0/drivers/port/port.o
LOAD src/ASF/sam0/drivers/sercom/i2c/i2c_sam0/i2c_master.o
LOAD src/ASF/sam0/drivers/sercom/sercom.o
LOAD src/ASF/sam0/drivers/sercom/sercom_interrupt.o
LOAD src/ASF/sam0/drivers/sercom/spi/spi.o
LOAD src/ASF/sam0/drivers/sercom/usart/usart.o
LOAD src/ASF/sam0/drivers/sercom/usart/usart_interrupt.o
LOAD src/ASF/sam0/drivers/system/clock/clock_samr30/clock.o
LOAD src/ASF/sam0/drivers/system/clock/clock_samr30/gclk.o
LOAD src/ASF/sam0/drivers/system/interrupt/system_interrupt.o
LOAD src/ASF/sam0/drivers/system/pinmux/pinmux.o
LOAD src/ASF/sam0/drivers/system/system.o
LOAD src/ASF/sam0/drivers/tc/tc_interrupt.o
LOAD src/ASF/sam0/drivers/tc/tc_sam_l_c/tc.o
LOAD src/ASF/sam0/utils/cmsis/samr30/source/gcc/startup_samr30.o
LOAD src/ASF/sam0/utils/cmsis/samr30/source/system_samr30.o
LOAD src/ASF/sam0/utils/stdio/read.o
LOAD src/ASF/sam0/utils/stdio/write.o
LOAD src/ASF/sam0/utils/syscalls/gcc/syscalls.o
LOAD src/ASF/thirdparty/wireless/addons/sio2host/uart/sio2host.o
LOAD src/ASF/thirdparty/wireless/miwi/source/mimac/mimac_at86rf.o
LOAD src/ASF/thirdparty/wireless/miwi/source/mimac/phy/at86rf212b/phy.o
LOAD src/ASF/thirdparty/wireless/miwi/source/miwi_mesh/miwi_mesh_app.o
LOAD src/ASF/thirdparty/wireless/miwi/source/stb/src/stb.o
LOAD src/ASF/thirdparty/wireless/miwi/source/stb/src/stb_armcrypto.o
LOAD src/ASF/thirdparty/wireless/miwi/source/stb/src/stb_help.o
LOAD src/ASF/thirdparty/wireless/miwi/source/sys/mimem.o
LOAD src/ASF/thirdparty/wireless/miwi/source/sys/miqueue.o
LOAD src/ASF/thirdparty/wireless/miwi/source/sys/sysTimer.o
LOAD src/ASF/thirdparty/wireless/services/common_hw_timer/sam0/hw_timer.o
LOAD src/ASF/thirdparty/wireless/services/edbg_eui/edbg-eui.o
LOAD src/ASF/thirdparty/wireless/services/sal/at86rf2xx/src/sal.o
LOAD src/ASF/thirdparty/wireless/services/trx_access/trx_access.o
LOAD src/commands.o
LOAD src/main.o
LOAD src/winc15x0.o
LOAD src/wsndemo.o
START GROUP
LOAD ../src/ASF/thirdparty/wireless/services/common_hw_timer/sam0/lib\libsam0_lib_hw_timer.a
LOAD ../src/ASF/thirdparty/CMSIS/Lib/GCC\libarm_cortexM0l_math.a
LOAD ../src/ASF/thirdparty/wireless/miwi/source/miwi_mesh/sam0/gcc\libsam0_miwi_mesh_panc.a
LOAD c:/program files (x86)/atmel/studio/7.0/toolchain/arm/arm-gnu-toolchain/bin/../lib/gcc/arm-none-eabi/6.3.1/../../../../arm-none-eabi/lib/thumb/v6-m\libm.a
END GROUP
START GROUP
LOAD c:/program files (x86)/atmel/studio/7.0/toolchain/arm/arm-gnu-toolchain/bin/../lib/gcc/arm-none-eabi/6.3.1/thumb/v6-m\libgcc.a
LOAD c:/program files (x86)/atmel/studio/7.0/toolchain/arm/arm-gnu-toolchain/bin/../lib/gcc/arm-none-eabi/6.3.1/../../../../arm-none-eabi/lib/thumb/v6-m\libc_nano.a
END GROUP
START GROUP
LOAD c:/program files (x86)/atmel/studio/7.0/toolchain/arm/arm-gnu-toolchain/bin/../lib/gcc/arm-none-eabi/6.3.1/thumb/v6-m\libgcc.a
LOAD c:/program files (x86)/atmel/studio/7.0/toolchain/arm/arm-gnu-toolchain/bin/../lib/gcc/arm-none-eabi/6.3.1/../../../../arm-none-eabi/lib/thumb/v6-m\libc_nano.a
END GROUP
LOAD c:/program files (x86)/atmel/studio/7.0/toolchain/arm/arm-gnu-toolchain/bin/../lib/gcc/arm-none-eabi/6.3.1/thumb/v6-m/crtend.o
LOAD c:/program files (x86)/atmel/studio/7.0/toolchain/arm/arm-gnu-toolchain/bin/../lib/gcc/arm-none-eabi/6.3.1/thumb/v6-m/crtn.o
                0x00002000                STACK_SIZE = DEFINED (STACK_SIZE)?STACK_SIZE:DEFINED (__stack_size__)?__stack_size__:0x2000

.text           0x00000000     0xf998
                0x00000000                . = ALIGN (0x4)
                0x00000000                _sfixed = .
 *(.vectors .vectors.*)
 .vectors       0x00000000       0xb4 src/ASF/sam0/utils/cmsis/samr30/source/gcc/startup_samr30.o
                0x00000000                exception_table
 *(.text .text.* .gnu.linkonce.t.*)
 .text          0x000000b4       0x60 c:/program files (x86)/atmel/studio/7.0/toolchain/arm/arm-gnu-toolchain/bin/../lib/gcc/arm-none-eabi/6.3.1/thumb/v6-m/crtbegin.o
 .text.chip_isr
                0x00000114       0x14 src/ASF/common/components/wifi/winc1500/bsp/source/nm_bsp_samr21.o
 .text.nm_bsp_init
                0x00000128       0x94 src/ASF/common/components/wifi/winc1500/bsp/source/nm_bsp_samr21.o
                0x00000128                nm_bsp_init
 .text.nm_bsp_reset
                0x000001bc       0x50 src/ASF/common/components/wifi/winc1500/bsp/source/nm_bsp_samr21.o
                0x000001bc                nm_bsp_reset
 .text.nm_bsp_sleep
                0x0000020c       0x18 src/ASF/common/components/wifi/winc1500/bsp/source/nm_bsp_samr21.o
                0x0000020c                nm_bsp_sleep
 .text.nm_bsp_register_isr
                0x00000224       0x5c src/ASF/common/components/wifi/winc1500/bsp/source/nm_bsp_samr21.o
                0x00000224                nm_bsp_register_isr
 .text.nm_bsp_interrupt_ctrl
                0x00000280       0x20 src/ASF/common/components/wifi/winc1500/bsp/source/nm_bsp_samr21.o
                0x00000280                nm_bsp_interrupt_ctrl
 .text.nm_bus_init
                0x000002a0       0xec src/ASF/common/components/wifi/winc1500/bus_wrapper/source/nm_bus_wrapper_samr21.o
                0x000002a0                nm_bus_init
 .text.nm_bus_ioctl
                0x0000038c      0x12c src/ASF/common/components/wifi/winc1500/bus_wrapper/source/nm_bus_wrapper_samr21.o
                0x0000038c                nm_bus_ioctl
 .text.nm_bus_deinit
                0x000004b8       0x20 src/ASF/common/components/wifi/winc1500/bus_wrapper/source/nm_bus_wrapper_samr21.o
                0x000004b8                nm_bus_deinit
 .text.m2m_memcpy
                0x000004d8       0x78 src/ASF/common/components/wifi/winc1500/common/source/nm_common.o
                0x000004d8                m2m_memcpy
 .text.m2m_memset
                0x00000550       0x10 src/ASF/common/components/wifi/winc1500/common/source/nm_common.o
                0x00000550                m2m_memset
 .text.m2m_strlen
                0x00000560       0x18 src/ASF/common/components/wifi/winc1500/common/source/nm_common.o
                0x00000560                m2m_strlen
 .text.isr      0x00000578       0x10 src/ASF/common/components/wifi/winc1500/driver/source/m2m_hif.o
 .text.m2m_hif_cb
                0x00000588        0x4 src/ASF/common/components/wifi/winc1500/driver/source/m2m_hif.o
 .text.hif_init
                0x0000058c       0x30 src/ASF/common/components/wifi/winc1500/driver/source/m2m_hif.o
                0x0000058c                hif_init
 .text.hif_send
                0x000005bc      0x2b0 src/ASF/common/components/wifi/winc1500/driver/source/m2m_hif.o
                0x000005bc                hif_send
 .text.hif_handle_isr
                0x0000086c      0x388 src/ASF/common/components/wifi/winc1500/driver/source/m2m_hif.o
                0x0000086c                hif_handle_isr
 .text.hif_receive
                0x00000bf4       0xf8 src/ASF/common/components/wifi/winc1500/driver/source/m2m_hif.o
                0x00000bf4                hif_receive
 .text.hif_register_cb
                0x00000cec       0x84 src/ASF/common/components/wifi/winc1500/driver/source/m2m_hif.o
                0x00000cec                hif_register_cb
 .text.m2m_ssl_cb
                0x00000d70       0x94 src/ASF/common/components/wifi/winc1500/driver/source/m2m_ssl.o
 .text.m2m_ssl_handshake_rsp
                0x00000e04       0x20 src/ASF/common/components/wifi/winc1500/driver/source/m2m_ssl.o
                0x00000e04                m2m_ssl_handshake_rsp
 .text.m2m_ssl_retrieve_cert
                0x00000e24      0x110 src/ASF/common/components/wifi/winc1500/driver/source/m2m_ssl.o
                0x00000e24                m2m_ssl_retrieve_cert
 .text.m2m_ssl_retrieve_hash
                0x00000f34       0x34 src/ASF/common/components/wifi/winc1500/driver/source/m2m_ssl.o
                0x00000f34                m2m_ssl_retrieve_hash
 .text.m2m_ssl_ecc_process_done
                0x00000f68        0xc src/ASF/common/components/wifi/winc1500/driver/source/m2m_ssl.o
                0x00000f68                m2m_ssl_ecc_process_done
 .text.m2m_ssl_set_active_ciphersuites
                0x00000f74       0x24 src/ASF/common/components/wifi/winc1500/driver/source/m2m_ssl.o
                0x00000f74                m2m_ssl_set_active_ciphersuites
 .text.m2m_ssl_init
                0x00000f98       0x58 src/ASF/common/components/wifi/winc1500/driver/source/m2m_ssl.o
                0x00000f98                m2m_ssl_init
 .text.m2m_wifi_cb
                0x00000ff0      0x2ac src/ASF/common/components/wifi/winc1500/driver/source/m2m_wifi.o
 .text.m2m_wifi_init
                0x0000129c      0x138 src/ASF/common/components/wifi/winc1500/driver/source/m2m_wifi.o
                0x0000129c                m2m_wifi_init
 .text.m2m_wifi_handle_events
                0x000013d4        0xc src/ASF/common/components/wifi/winc1500/driver/source/m2m_wifi.o
                0x000013d4                m2m_wifi_handle_events
 .text.m2m_wifi_connect
                0x000013e0      0x204 src/ASF/common/components/wifi/winc1500/driver/source/m2m_wifi.o
                0x000013e0                m2m_wifi_connect
 .text.m2m_wifi_request_dhcp_client
                0x000015e4        0x4 src/ASF/common/components/wifi/winc1500/driver/source/m2m_wifi.o
                0x000015e4                m2m_wifi_request_dhcp_client
 .text.m2m_wifi_get_sytem_time
                0x000015e8       0x20 src/ASF/common/components/wifi/winc1500/driver/source/m2m_wifi.o
                0x000015e8                m2m_wifi_get_sytem_time
 .text.enable_interrupts
                0x00001608       0x58 src/ASF/common/components/wifi/winc1500/driver/source/nmasic.o
                0x00001608                enable_interrupts
 .text.nmi_get_chipid
                0x00001660       0xc4 src/ASF/common/components/wifi/winc1500/driver/source/nmasic.o
                0x00001660                nmi_get_chipid
 .text.chip_sleep
                0x00001724       0x64 src/ASF/common/components/wifi/winc1500/driver/source/nmasic.o
                0x00001724                chip_sleep
 .text.chip_wake
                0x00001788       0xe8 src/ASF/common/components/wifi/winc1500/driver/source/nmasic.o
                0x00001788                chip_wake
 .text.wait_for_bootrom
                0x00001870      0x14c src/ASF/common/components/wifi/winc1500/driver/source/nmasic.o
                0x00001870                wait_for_bootrom
 .text.wait_for_firmware_start
                0x000019bc       0x78 src/ASF/common/components/wifi/winc1500/driver/source/nmasic.o
                0x000019bc                wait_for_firmware_start
 .text.chip_deinit
                0x00001a34       0x78 src/ASF/common/components/wifi/winc1500/driver/source/nmasic.o
                0x00001a34                chip_deinit
 .text.nm_bus_iface_init
                0x00001aac        0xc src/ASF/common/components/wifi/winc1500/driver/source/nmbus.o
                0x00001aac                nm_bus_iface_init
 .text.nm_bus_iface_deinit
                0x00001ab8        0xc src/ASF/common/components/wifi/winc1500/driver/source/nmbus.o
                0x00001ab8                nm_bus_iface_deinit
 .text.nm_bus_reset
                0x00001ac4        0xc src/ASF/common/components/wifi/winc1500/driver/source/nmbus.o
                0x00001ac4                nm_bus_reset
 .text.nm_read_reg
                0x00001ad0        0xc src/ASF/common/components/wifi/winc1500/driver/source/nmbus.o
                0x00001ad0                nm_read_reg
 .text.nm_read_reg_with_ret
                0x00001adc        0xc src/ASF/common/components/wifi/winc1500/driver/source/nmbus.o
                0x00001adc                nm_read_reg_with_ret
 .text.nm_write_reg
                0x00001ae8        0xc src/ASF/common/components/wifi/winc1500/driver/source/nmbus.o
                0x00001ae8                nm_write_reg
 .text.nm_read_block
                0x00001af4       0x64 src/ASF/common/components/wifi/winc1500/driver/source/nmbus.o
                0x00001af4                nm_read_block
 .text.nm_write_block
                0x00001b58       0x64 src/ASF/common/components/wifi/winc1500/driver/source/nmbus.o
                0x00001b58                nm_write_block
 .text.nm_get_firmware_full_info
                0x00001bbc       0xc8 src/ASF/common/components/wifi/winc1500/driver/source/nmdrv.o
                0x00001bbc                nm_get_firmware_full_info
 .text.nm_drv_init
                0x00001c84       0xdc src/ASF/common/components/wifi/winc1500/driver/source/nmdrv.o
                0x00001c84                nm_drv_init
 .text.nm_drv_deinit
                0x00001d60       0x90 src/ASF/common/components/wifi/winc1500/driver/source/nmdrv.o
                0x00001d60                nm_drv_deinit
 .text.spi_cmd_rsp.constprop.3
                0x00001df0       0xec src/ASF/common/components/wifi/winc1500/driver/source/nmspi.o
 .text.spi_cmd  0x00001edc      0x18c src/ASF/common/components/wifi/winc1500/driver/source/nmspi.o
                0x00001edc                spi_cmd
 .text.spi_cmd_rsp
                0x00002068      0x104 src/ASF/common/components/wifi/winc1500/driver/source/nmspi.o
                0x00002068                spi_cmd_rsp
 .text.spi_data_read
                0x0000216c      0x16c src/ASF/common/components/wifi/winc1500/driver/source/nmspi.o
                0x0000216c                spi_data_read
 .text.spi_data_write
                0x000022d8      0x138 src/ASF/common/components/wifi/winc1500/driver/source/nmspi.o
                0x000022d8                spi_data_write
 .text.spi_write_reg
                0x00002410      0x168 src/ASF/common/components/wifi/winc1500/driver/source/nmspi.o
                0x00002410                spi_write_reg
 .text.nm_spi_write
                0x00002578      0x354 src/ASF/common/components/wifi/winc1500/driver/source/nmspi.o
                0x00002578                nm_spi_write
 .text.spi_read_reg
                0x000028cc      0x1a8 src/ASF/common/components/wifi/winc1500/driver/source/nmspi.o
                0x000028cc                spi_read_reg
 .text.nm_spi_read
                0x00002a74      0x2c4 src/ASF/common/components/wifi/winc1500/driver/source/nmspi.o
                0x00002a74                nm_spi_read
 .text.nm_spi_read_reg
                0x00002d38       0x14 src/ASF/common/components/wifi/winc1500/driver/source/nmspi.o
                0x00002d38                nm_spi_read_reg
 .text.nm_spi_reset
                0x00002d4c       0x98 src/ASF/common/components/wifi/winc1500/driver/source/nmspi.o
                0x00002d4c                nm_spi_reset
 .text.nm_spi_init
                0x00002de4      0x134 src/ASF/common/components/wifi/winc1500/driver/source/nmspi.o
                0x00002de4                nm_spi_init
 .text.nm_spi_deinit
                0x00002f18       0x10 src/ASF/common/components/wifi/winc1500/driver/source/nmspi.o
                0x00002f18                nm_spi_deinit
 .text.nm_spi_read_reg_with_ret
                0x00002f28       0x18 src/ASF/common/components/wifi/winc1500/driver/source/nmspi.o
                0x00002f28                nm_spi_read_reg_with_ret
 .text.nm_spi_write_reg
                0x00002f40       0x18 src/ASF/common/components/wifi/winc1500/driver/source/nmspi.o
                0x00002f40                nm_spi_write_reg
 .text.nm_spi_read_block
                0x00002f58       0x18 src/ASF/common/components/wifi/winc1500/driver/source/nmspi.o
                0x00002f58                nm_spi_read_block
 .text.nm_spi_write_block
                0x00002f70       0x18 src/ASF/common/components/wifi/winc1500/driver/source/nmspi.o
                0x00002f70                nm_spi_write_block
 .text.m2m_ip_cb
                0x00002f88      0x3a4 src/ASF/common/components/wifi/winc1500/socket/source/socket.o
 .text.socketInit
                0x0000332c       0x40 src/ASF/common/components/wifi/winc1500/socket/source/socket.o
                0x0000332c                socketInit
 .text.registerSocketCallback
                0x0000336c       0x14 src/ASF/common/components/wifi/winc1500/socket/source/socket.o
                0x0000336c                registerSocketCallback
 .text.socket   0x00003380      0x224 src/ASF/common/components/wifi/winc1500/socket/source/socket.o
                0x00003380                socket
 .text.bind     0x000035a4       0x6c src/ASF/common/components/wifi/winc1500/socket/source/socket.o
                0x000035a4                bind
 .text.accept   0x00003610       0x20 src/ASF/common/components/wifi/winc1500/socket/source/socket.o
                0x00003610                accept
 .text.connect  0x00003630       0x74 src/ASF/common/components/wifi/winc1500/socket/source/socket.o
                0x00003630                connect
 .text.send     0x000036a4       0x7c src/ASF/common/components/wifi/winc1500/socket/source/socket.o
                0x000036a4                send
 .text.recv     0x00003720       0x78 src/ASF/common/components/wifi/winc1500/socket/source/socket.o
                0x00003720                recv
 .text.close    0x00003798       0x90 src/ASF/common/components/wifi/winc1500/socket/source/socket.o
                0x00003798                close
 .text.gethostbyname
                0x00003828       0x3c src/ASF/common/components/wifi/winc1500/socket/source/socket.o
                0x00003828                gethostbyname
 .text.spi_flash_enable
                0x00003864       0xd8 src/ASF/common/components/wifi/winc1500/spi_flash/source/spi_flash.o
                0x00003864                spi_flash_enable
 .text.pahoDisconnectHandler
                0x0000393c       0x14 src/ASF/thirdparty/AWS_SDK/AWS_SDK/aws_iot_src/protocol/mqtt/aws_iot_embedded_client_wrapper/aws_iot_mqtt_embedded_client_wrapper.o
                0x0000393c                pahoDisconnectHandler
 .text.aws_iot_mqtt_connect
                0x00003950      0x130 src/ASF/thirdparty/AWS_SDK/AWS_SDK/aws_iot_src/protocol/mqtt/aws_iot_embedded_client_wrapper/aws_iot_mqtt_embedded_client_wrapper.o
                0x00003950                aws_iot_mqtt_connect
 .text.aws_iot_mqtt_attempt_reconnect
                0x00003a80       0x48 src/ASF/thirdparty/AWS_SDK/AWS_SDK/aws_iot_src/protocol/mqtt/aws_iot_embedded_client_wrapper/aws_iot_mqtt_embedded_client_wrapper.o
                0x00003a80                aws_iot_mqtt_attempt_reconnect
 .text.aws_iot_mqtt_autoreconnect_set_status
                0x00003ac8       0x20 src/ASF/thirdparty/AWS_SDK/AWS_SDK/aws_iot_src/protocol/mqtt/aws_iot_embedded_client_wrapper/aws_iot_mqtt_embedded_client_wrapper.o
                0x00003ac8                aws_iot_mqtt_autoreconnect_set_status
 .text.aws_iot_is_autoreconnect_enabled
                0x00003ae8       0x18 src/ASF/thirdparty/AWS_SDK/AWS_SDK/aws_iot_src/protocol/mqtt/aws_iot_embedded_client_wrapper/aws_iot_mqtt_embedded_client_wrapper.o
                0x00003ae8                aws_iot_is_autoreconnect_enabled
 .text.expired  0x00003b00       0x20 src/ASF/thirdparty/AWS_SDK/AWS_SDK/aws_iot_src/protocol/mqtt/aws_iot_embedded_client_wrapper/platform_samd21/common/timer.o
                0x00003b00                expired
 .text.countdown_ms
                0x00003b20       0x1c src/ASF/thirdparty/AWS_SDK/AWS_SDK/aws_iot_src/protocol/mqtt/aws_iot_embedded_client_wrapper/platform_samd21/common/timer.o
                0x00003b20                countdown_ms
 .text.countdown
                0x00003b3c       0x24 src/ASF/thirdparty/AWS_SDK/AWS_SDK/aws_iot_src/protocol/mqtt/aws_iot_embedded_client_wrapper/platform_samd21/common/timer.o
                0x00003b3c                countdown
 .text.left_ms  0x00003b60       0x18 src/ASF/thirdparty/AWS_SDK/AWS_SDK/aws_iot_src/protocol/mqtt/aws_iot_embedded_client_wrapper/platform_samd21/common/timer.o
                0x00003b60                left_ms
 .text.InitTimer
                0x00003b78        0x8 src/ASF/thirdparty/AWS_SDK/AWS_SDK/aws_iot_src/protocol/mqtt/aws_iot_embedded_client_wrapper/platform_samd21/common/timer.o
                0x00003b78                InitTimer
 .text.iot_tls_is_connected
                0x00003b80        0x4 src/ASF/thirdparty/AWS_SDK/AWS_SDK/aws_iot_src/protocol/mqtt/aws_iot_embedded_client_wrapper/platform_samd21/network_winc1500tls_wrapper.o
                0x00003b80                iot_tls_is_connected
 .text.iot_tls_destroy
                0x00003b84       0x18 src/ASF/thirdparty/AWS_SDK/AWS_SDK/aws_iot_src/protocol/mqtt/aws_iot_embedded_client_wrapper/platform_samd21/network_winc1500tls_wrapper.o
                0x00003b84                iot_tls_destroy
 .text.resolve_cb
                0x00003b9c       0x48 src/ASF/thirdparty/AWS_SDK/AWS_SDK/aws_iot_src/protocol/mqtt/aws_iot_embedded_client_wrapper/platform_samd21/network_winc1500tls_wrapper.o
 .text.iot_tls_disconnect
                0x00003be4       0x18 src/ASF/thirdparty/AWS_SDK/AWS_SDK/aws_iot_src/protocol/mqtt/aws_iot_embedded_client_wrapper/platform_samd21/network_winc1500tls_wrapper.o
                0x00003be4                iot_tls_disconnect
 .text.iot_tls_connect
                0x00003bfc       0xb8 src/ASF/thirdparty/AWS_SDK/AWS_SDK/aws_iot_src/protocol/mqtt/aws_iot_embedded_client_wrapper/platform_samd21/network_winc1500tls_wrapper.o
                0x00003bfc                iot_tls_connect
 .text.iot_tls_read
                0x00003cb4       0xd8 src/ASF/thirdparty/AWS_SDK/AWS_SDK/aws_iot_src/protocol/mqtt/aws_iot_embedded_client_wrapper/platform_samd21/network_winc1500tls_wrapper.o
                0x00003cb4                iot_tls_read
 .text.socket_cb
                0x00003d8c       0xb4 src/ASF/thirdparty/AWS_SDK/AWS_SDK/aws_iot_src/protocol/mqtt/aws_iot_embedded_client_wrapper/platform_samd21/network_winc1500tls_wrapper.o
 .text.iot_tls_write
                0x00003e40       0x68 src/ASF/thirdparty/AWS_SDK/AWS_SDK/aws_iot_src/protocol/mqtt/aws_iot_embedded_client_wrapper/platform_samd21/network_winc1500tls_wrapper.o
                0x00003e40                iot_tls_write
 .text.iot_tls_init
                0x00003ea8       0x64 src/ASF/thirdparty/AWS_SDK/AWS_SDK/aws_iot_src/protocol/mqtt/aws_iot_embedded_client_wrapper/platform_samd21/network_winc1500tls_wrapper.o
                0x00003ea8                iot_tls_init
 .text.MQTTClient
                0x00003f0c      0x10c src/ASF/thirdparty/AWS_SDK/AWS_SDK/aws_mqtt_embedded_client_lib/MQTTClient-C/src/MQTTClient.o
                0x00003f0c                MQTTClient
 .text.deliverMessage
                0x00004018      0x148 src/ASF/thirdparty/AWS_SDK/AWS_SDK/aws_mqtt_embedded_client_lib/MQTTClient-C/src/MQTTClient.o
                0x00004018                deliverMessage
 .text.handlePublish
                0x00004160      0x124 src/ASF/thirdparty/AWS_SDK/AWS_SDK/aws_mqtt_embedded_client_lib/MQTTClient-C/src/MQTTClient.o
                0x00004160                handlePublish
 .text.waitfor  0x00004284      0x2ac src/ASF/thirdparty/AWS_SDK/AWS_SDK/aws_mqtt_embedded_client_lib/MQTTClient-C/src/MQTTClient.o
                0x00004284                waitfor
 .text.MQTTConnect
                0x00004530      0x198 src/ASF/thirdparty/AWS_SDK/AWS_SDK/aws_mqtt_embedded_client_lib/MQTTClient-C/src/MQTTClient.o
                0x00004530                MQTTConnect
 .text.MQTTResubscribe
                0x000046c8      0x1a4 src/ASF/thirdparty/AWS_SDK/AWS_SDK/aws_mqtt_embedded_client_lib/MQTTClient-C/src/MQTTClient.o
                0x000046c8                MQTTResubscribe
 .text.MQTTAttemptReconnect
                0x0000486c      0x164 src/ASF/thirdparty/AWS_SDK/AWS_SDK/aws_mqtt_embedded_client_lib/MQTTClient-C/src/MQTTClient.o
                0x0000486c                MQTTAttemptReconnect
 .text.MQTTIsAutoReconnectEnabled
                0x000049d0        0xc src/ASF/thirdparty/AWS_SDK/AWS_SDK/aws_mqtt_embedded_client_lib/MQTTClient-C/src/MQTTClient.o
                0x000049d0                MQTTIsAutoReconnectEnabled
 .text.setDisconnectHandler
                0x000049dc       0x18 src/ASF/thirdparty/AWS_SDK/AWS_SDK/aws_mqtt_embedded_client_lib/MQTTClient-C/src/MQTTClient.o
                0x000049dc                setDisconnectHandler
 .text.setAutoReconnectEnabled
                0x000049f4       0x10 src/ASF/thirdparty/AWS_SDK/AWS_SDK/aws_mqtt_embedded_client_lib/MQTTClient-C/src/MQTTClient.o
                0x000049f4                setAutoReconnectEnabled
 .text.MQTTSerialize_GetConnectLength
                0x00004a04       0x80 src/ASF/thirdparty/AWS_SDK/AWS_SDK/aws_mqtt_embedded_client_lib/MQTTPacket/src/MQTTConnectClient.o
                0x00004a04                MQTTSerialize_GetConnectLength
 .text.MQTTSerialize_connect
                0x00004a84      0x19c src/ASF/thirdparty/AWS_SDK/AWS_SDK/aws_mqtt_embedded_client_lib/MQTTPacket/src/MQTTConnectClient.o
                0x00004a84                MQTTSerialize_connect
 .text.MQTTDeserialize_connack
                0x00004c20       0xb4 src/ASF/thirdparty/AWS_SDK/AWS_SDK/aws_mqtt_embedded_client_lib/MQTTPacket/src/MQTTConnectClient.o
                0x00004c20                MQTTDeserialize_connack
 .text.MQTTDeserialize_publish
                0x00004cd4       0xc0 src/ASF/thirdparty/AWS_SDK/AWS_SDK/aws_mqtt_embedded_client_lib/MQTTPacket/src/MQTTDeserializePublish.o
                0x00004cd4                MQTTDeserialize_publish
 .text.MQTTDeserialize_ack
                0x00004d94       0x84 src/ASF/thirdparty/AWS_SDK/AWS_SDK/aws_mqtt_embedded_client_lib/MQTTPacket/src/MQTTDeserializePublish.o
                0x00004d94                MQTTDeserialize_ack
 .text.MQTTPacket_encode
                0x00004e18       0x34 src/ASF/thirdparty/AWS_SDK/AWS_SDK/aws_mqtt_embedded_client_lib/MQTTPacket/src/MQTTPacket.o
                0x00004e18                MQTTPacket_encode
 .text.MQTTPacket_len
                0x00004e4c       0x2c src/ASF/thirdparty/AWS_SDK/AWS_SDK/aws_mqtt_embedded_client_lib/MQTTPacket/src/MQTTPacket.o
                0x00004e4c                MQTTPacket_len
 .text.MQTTPacket_decodeBuf
                0x00004e78       0x9c src/ASF/thirdparty/AWS_SDK/AWS_SDK/aws_mqtt_embedded_client_lib/MQTTPacket/src/MQTTPacket.o
                0x00004e78                MQTTPacket_decodeBuf
 .text.readPacketId
                0x00004f14       0x14 src/ASF/thirdparty/AWS_SDK/AWS_SDK/aws_mqtt_embedded_client_lib/MQTTPacket/src/MQTTPacket.o
                0x00004f14                readPacketId
 .text.readChar
                0x00004f28        0xc src/ASF/thirdparty/AWS_SDK/AWS_SDK/aws_mqtt_embedded_client_lib/MQTTPacket/src/MQTTPacket.o
                0x00004f28                readChar
 .text.writeChar
                0x00004f34        0xc src/ASF/thirdparty/AWS_SDK/AWS_SDK/aws_mqtt_embedded_client_lib/MQTTPacket/src/MQTTPacket.o
                0x00004f34                writeChar
 .text.writePacketId
                0x00004f40       0x18 src/ASF/thirdparty/AWS_SDK/AWS_SDK/aws_mqtt_embedded_client_lib/MQTTPacket/src/MQTTPacket.o
                0x00004f40                writePacketId
 .text.writeInt
                0x00004f58       0x2c src/ASF/thirdparty/AWS_SDK/AWS_SDK/aws_mqtt_embedded_client_lib/MQTTPacket/src/MQTTPacket.o
                0x00004f58                writeInt
 .text.writeCString
                0x00004f84       0x3c src/ASF/thirdparty/AWS_SDK/AWS_SDK/aws_mqtt_embedded_client_lib/MQTTPacket/src/MQTTPacket.o
                0x00004f84                writeCString
 .text.writeMQTTString
                0x00004fc0       0x88 src/ASF/thirdparty/AWS_SDK/AWS_SDK/aws_mqtt_embedded_client_lib/MQTTPacket/src/MQTTPacket.o
                0x00004fc0                writeMQTTString
 .text.readMQTTLenString
                0x00005048       0x3c src/ASF/thirdparty/AWS_SDK/AWS_SDK/aws_mqtt_embedded_client_lib/MQTTPacket/src/MQTTPacket.o
                0x00005048                readMQTTLenString
 .text.MQTTstrlen
                0x00005084       0x1c src/ASF/thirdparty/AWS_SDK/AWS_SDK/aws_mqtt_embedded_client_lib/MQTTPacket/src/MQTTPacket.o
                0x00005084                MQTTstrlen
 .text.MQTTPacket_equals
                0x000050a0       0x44 src/ASF/thirdparty/AWS_SDK/AWS_SDK/aws_mqtt_embedded_client_lib/MQTTPacket/src/MQTTPacket.o
                0x000050a0                MQTTPacket_equals
 .text.MQTTPacket_InitHeader
                0x000050e4      0x148 src/ASF/thirdparty/AWS_SDK/AWS_SDK/aws_mqtt_embedded_client_lib/MQTTPacket/src/MQTTPacket.o
                0x000050e4                MQTTPacket_InitHeader
 .text.MQTTSerialize_ack
                0x0000522c       0x84 src/ASF/thirdparty/AWS_SDK/AWS_SDK/aws_mqtt_embedded_client_lib/MQTTPacket/src/MQTTSerializePublish.o
                0x0000522c                MQTTSerialize_ack
 .text.MQTTSerialize_subscribe
                0x000052b0      0x100 src/ASF/thirdparty/AWS_SDK/AWS_SDK/aws_mqtt_embedded_client_lib/MQTTPacket/src/MQTTSubscribeClient.o
                0x000052b0                MQTTSerialize_subscribe
 .text.MQTTDeserialize_suback
                0x000053b0       0xc4 src/ASF/thirdparty/AWS_SDK/AWS_SDK/aws_mqtt_embedded_client_lib/MQTTPacket/src/MQTTSubscribeClient.o
                0x000053b0                MQTTDeserialize_suback
 .text.disconnectCallbackHandler
                0x00005474       0x50 src/cloud_wrapper.o
 .text.cloud_connect
                0x000054c4      0x114 src/cloud_wrapper.o
                0x000054c4                cloud_connect
 .text.cloud_create_topic
                0x000055d8       0x20 src/cloud_wrapper.o
                0x000055d8                cloud_create_topic
 .text.newATCACommand
                0x000055f8       0x38 src/CryptoAuth/lib/atca_command.o
                0x000055f8                newATCACommand
 .text.atECDH   0x00005630      0x118 src/CryptoAuth/lib/atca_command.o
                0x00005630                atECDH
 .text.atGenKey
                0x00005748      0x14c src/CryptoAuth/lib/atca_command.o
                0x00005748                atGenKey
 .text.atInfo   0x00005894      0x3c4 src/CryptoAuth/lib/atca_command.o
                0x00005894                atInfo
 .text.atNonce  0x00005c58      0x14c src/CryptoAuth/lib/atca_command.o
                0x00005c58                atNonce
 .text.atRandom
                0x00005da4      0x3c8 src/CryptoAuth/lib/atca_command.o
                0x00005da4                atRandom
 .text.atRead   0x0000616c      0x420 src/CryptoAuth/lib/atca_command.o
                0x0000616c                atRead
 .text.atSign   0x0000658c      0x3c8 src/CryptoAuth/lib/atca_command.o
                0x0000658c                atSign
 .text.atVerify
                0x00006954      0x134 src/CryptoAuth/lib/atca_command.o
                0x00006954                atVerify
 .text.deleteATCACommand
                0x00006a88       0x18 src/CryptoAuth/lib/atca_command.o
                0x00006a88                deleteATCACommand
 .text.atGetExecTime
                0x00006aa0        0x8 src/CryptoAuth/lib/atca_command.o
                0x00006aa0                atGetExecTime
 .text.atCheckCrc
                0x00006aa8      0x138 src/CryptoAuth/lib/atca_command.o
                0x00006aa8                atCheckCrc
 .text.isATCAError
                0x00006be0       0x5c src/CryptoAuth/lib/atca_command.o
                0x00006be0                isATCAError
 .text.newATCADevice
                0x00006c3c       0x4c src/CryptoAuth/lib/atca_device.o
                0x00006c3c                newATCADevice
 .text.atGetCommands
                0x00006c88        0x4 src/CryptoAuth/lib/atca_device.o
                0x00006c88                atGetCommands
 .text.atGetIFace
                0x00006c8c        0x4 src/CryptoAuth/lib/atca_device.o
                0x00006c8c                atGetIFace
 .text.deleteATCADevice
                0x00006c90       0x30 src/CryptoAuth/lib/atca_device.o
                0x00006c90                deleteATCADevice
 .text.newATCAIface
                0x00006cc0       0x74 src/CryptoAuth/lib/atca_iface.o
                0x00006cc0                newATCAIface
 .text.atsend   0x00006d34        0x8 src/CryptoAuth/lib/atca_iface.o
                0x00006d34                atsend
 .text.atreceive
                0x00006d3c        0x8 src/CryptoAuth/lib/atca_iface.o
                0x00006d3c                atreceive
 .text.atwake   0x00006d44        0x8 src/CryptoAuth/lib/atca_iface.o
                0x00006d44                atwake
 .text.atidle   0x00006d4c       0x18 src/CryptoAuth/lib/atca_iface.o
                0x00006d4c                atidle
 .text.atsleep  0x00006d64       0x18 src/CryptoAuth/lib/atca_iface.o
                0x00006d64                atsleep
 .text.atgetifacecfg
                0x00006d7c        0x4 src/CryptoAuth/lib/atca_iface.o
                0x00006d7c                atgetifacecfg
 .text.deleteATCAIface
                0x00006d80       0x28 src/CryptoAuth/lib/atca_iface.o
                0x00006d80                deleteATCAIface
 .text.atcab_verify.part.3
                0x00006da8      0x104 src/CryptoAuth/lib/basic/atca_basic.o
 .text.atcab_init
                0x00006eac       0x60 src/CryptoAuth/lib/basic/atca_basic.o
                0x00006eac                atcab_init
 .text.atcab_wakeup
                0x00006f0c       0x24 src/CryptoAuth/lib/basic/atca_basic.o
                0x00006f0c                atcab_wakeup
 .text.atcab_sleep
                0x00006f30       0x24 src/CryptoAuth/lib/basic/atca_basic.o
                0x00006f30                atcab_sleep
 .text.atcab_info
                0x00006f54      0x108 src/CryptoAuth/lib/basic/atca_basic.o
                0x00006f54                atcab_info
 .text.atcab_genkey
                0x0000705c       0xf4 src/CryptoAuth/lib/basic/atca_basic.o
                0x0000705c                atcab_genkey
 .text.atcab_challenge
                0x00007150       0xe8 src/CryptoAuth/lib/basic/atca_basic.o
                0x00007150                atcab_challenge
 .text.atcab_read_serial_number
                0x00007238      0x114 src/CryptoAuth/lib/basic/atca_basic.o
                0x00007238                atcab_read_serial_number
 .text.atcab_verify_extern
                0x0000734c      0x16c src/CryptoAuth/lib/basic/atca_basic.o
                0x0000734c                atcab_verify_extern
 .text.atcab_ecdh
                0x000074b8      0x11c src/CryptoAuth/lib/basic/atca_basic.o
                0x000074b8                atcab_ecdh
 .text.atcab_is_locked
                0x000075d4      0x12c src/CryptoAuth/lib/basic/atca_basic.o
                0x000075d4                atcab_is_locked
 .text.atcab_sign
                0x00007700      0x1ec src/CryptoAuth/lib/basic/atca_basic.o
                0x00007700                atcab_sign
 .text.hal_iface_init
                0x000078ec       0x50 src/CryptoAuth/lib/hal/atca_hal.o
                0x000078ec                hal_iface_init
 .text.hal_iface_release
                0x0000793c       0x18 src/CryptoAuth/lib/hal/atca_hal.o
                0x0000793c                hal_iface_release
 .text.hal_i2c_idle
                0x00007954       0x50 src/CryptoAuth/lib/hal/hal_samd21_i2c_asf.o
                0x00007954                hal_i2c_idle
 .text.hal_i2c_sleep
                0x000079a4       0x50 src/CryptoAuth/lib/hal/hal_samd21_i2c_asf.o
                0x000079a4                hal_i2c_sleep
 .text.hal_i2c_release
                0x000079f4       0x54 src/CryptoAuth/lib/hal/hal_samd21_i2c_asf.o
                0x000079f4                hal_i2c_release
 .text.hal_i2c_init
                0x00007a48      0x17c src/CryptoAuth/lib/hal/hal_samd21_i2c_asf.o
                0x00007a48                hal_i2c_init
 .text.hal_i2c_post_init
                0x00007bc4        0x4 src/CryptoAuth/lib/hal/hal_samd21_i2c_asf.o
                0x00007bc4                hal_i2c_post_init
 .text.hal_i2c_send
                0x00007bc8       0x50 src/CryptoAuth/lib/hal/hal_samd21_i2c_asf.o
                0x00007bc8                hal_i2c_send
 .text.hal_i2c_receive
                0x00007c18       0x74 src/CryptoAuth/lib/hal/hal_samd21_i2c_asf.o
                0x00007c18                hal_i2c_receive
 .text.change_i2c_speed
                0x00007c8c       0xe0 src/CryptoAuth/lib/hal/hal_samd21_i2c_asf.o
                0x00007c8c                change_i2c_speed
 .text.hal_i2c_wake
                0x00007d6c       0xec src/CryptoAuth/lib/hal/hal_samd21_i2c_asf.o
                0x00007d6c                hal_i2c_wake
 .text.atca_delay_ms
                0x00007e58       0x1c src/CryptoAuth/lib/hal/hal_samd21_timer_asf.o
                0x00007e58                atca_delay_ms
 .text.atcatls_sign
                0x00007e74       0x1c src/CryptoAuth/lib/tls/atcatls.o
                0x00007e74                atcatls_sign
 .text.atcatls_verify
                0x00007e90       0x24 src/CryptoAuth/lib/tls/atcatls.o
                0x00007e90                atcatls_verify
 .text.atcatls_create_key
                0x00007eb4       0x18 src/CryptoAuth/lib/tls/atcatls.o
                0x00007eb4                atcatls_create_key
 .text.delay_init
                0x00007ecc       0x40 src/ASF/common2/services/delay/sam0/systick_counter.o
                0x00007ecc                delay_init
 .text.delay_cycles_us
                0x00007f0c       0x30 src/ASF/common2/services/delay/sam0/systick_counter.o
                0x00007f0c                delay_cycles_us
 .text.delay_cycles_ms
                0x00007f3c       0x30 src/ASF/common2/services/delay/sam0/systick_counter.o
                0x00007f3c                delay_cycles_ms
 .text.cpu_irq_enter_critical
                0x00007f6c       0x3c src/ASF/common/utils/interrupt/interrupt_sam_nvic.o
                0x00007f6c                cpu_irq_enter_critical
 .text.cpu_irq_leave_critical
                0x00007fa8       0x30 src/ASF/common/utils/interrupt/interrupt_sam_nvic.o
                0x00007fa8                cpu_irq_leave_critical
 .text.system_board_init
                0x00007fd8       0xd8 src/ASF/sam0/boards/samr30_xplained_pro/board_init.o
                0x00007fd8                board_init
                0x00007fd8                system_board_init
 .text.extint_register_callback
                0x000080b0       0x28 src/ASF/sam0/drivers/extint/extint_callback.o
                0x000080b0                extint_register_callback
 .text.extint_chan_enable_callback
                0x000080d8       0x24 src/ASF/sam0/drivers/extint/extint_callback.o
                0x000080d8                extint_chan_enable_callback
 .text.extint_chan_disable_callback
                0x000080fc       0x24 src/ASF/sam0/drivers/extint/extint_callback.o
                0x000080fc                extint_chan_disable_callback
 .text.EIC_Handler
                0x00008120       0x40 src/ASF/sam0/drivers/extint/extint_callback.o
                0x00008120                EIC_Handler
 .text._system_extint_init
                0x00008160       0x90 src/ASF/sam0/drivers/extint/extint_sam_l_c/extint.o
                0x00008160                _system_extint_init
 .text.extint_chan_get_config_defaults
                0x000081f0       0x14 src/ASF/sam0/drivers/extint/extint_sam_l_c/extint.o
                0x000081f0                extint_chan_get_config_defaults
 .text.extint_chan_set_config
                0x00008204       0xa8 src/ASF/sam0/drivers/extint/extint_sam_l_c/extint.o
                0x00008204                extint_chan_set_config
 .text.port_pin_set_config
                0x000082ac       0x24 src/ASF/sam0/drivers/port/port.o
                0x000082ac                port_pin_set_config
 .text._i2c_master_write_packet
                0x000082d0      0x184 src/ASF/sam0/drivers/sercom/i2c/i2c_sam0/i2c_master.o
 .text._i2c_master_read_packet
                0x00008454      0x2a4 src/ASF/sam0/drivers/sercom/i2c/i2c_sam0/i2c_master.o
 .text.i2c_master_init
                0x000086f8      0x2f0 src/ASF/sam0/drivers/sercom/i2c/i2c_sam0/i2c_master.o
                0x000086f8                i2c_master_init
 .text.i2c_master_reset
                0x000089e8       0x30 src/ASF/sam0/drivers/sercom/i2c/i2c_sam0/i2c_master.o
                0x000089e8                i2c_master_reset
 .text.i2c_master_read_packet_wait
                0x00008a18       0x14 src/ASF/sam0/drivers/sercom/i2c/i2c_sam0/i2c_master.o
                0x00008a18                i2c_master_read_packet_wait
 .text.i2c_master_write_packet_wait
                0x00008a2c       0x14 src/ASF/sam0/drivers/sercom/i2c/i2c_sam0/i2c_master.o
                0x00008a2c                i2c_master_write_packet_wait
 .text._sercom_get_sync_baud_val
                0x00008a40       0x28 src/ASF/sam0/drivers/sercom/sercom.o
                0x00008a40                _sercom_get_sync_baud_val
 .text._sercom_get_async_baud_val
                0x00008a68      0x268 src/ASF/sam0/drivers/sercom/sercom.o
                0x00008a68                _sercom_get_async_baud_val
 .text.sercom_set_gclk_generator
                0x00008cd0       0x48 src/ASF/sam0/drivers/sercom/sercom.o
                0x00008cd0                sercom_set_gclk_generator
 .text._sercom_get_default_pad
                0x00008d18      0x15c src/ASF/sam0/drivers/sercom/sercom.o
                0x00008d18                _sercom_get_default_pad
 .text._sercom_get_sercom_inst_index
                0x00008e74       0x64 src/ASF/sam0/drivers/sercom/sercom.o
                0x00008e74                _sercom_get_sercom_inst_index
 .text._sercom_default_handler
                0x00008ed8        0x4 src/ASF/sam0/drivers/sercom/sercom_interrupt.o
 .text._sercom_set_handler
                0x00008edc       0x48 src/ASF/sam0/drivers/sercom/sercom_interrupt.o
                0x00008edc                _sercom_set_handler
 .text._sercom_get_interrupt_vector
                0x00008f24       0x30 src/ASF/sam0/drivers/sercom/sercom_interrupt.o
                0x00008f24                _sercom_get_interrupt_vector
 .text.SERCOM0_Handler
                0x00008f54       0x10 src/ASF/sam0/drivers/sercom/sercom_interrupt.o
                0x00008f54                SERCOM0_Handler
 .text.SERCOM1_Handler
                0x00008f64       0x10 src/ASF/sam0/drivers/sercom/sercom_interrupt.o
                0x00008f64                SERCOM1_Handler
 .text.SERCOM2_Handler
                0x00008f74       0x10 src/ASF/sam0/drivers/sercom/sercom_interrupt.o
                0x00008f74                SERCOM2_Handler
 .text.SERCOM3_Handler
                0x00008f84       0x10 src/ASF/sam0/drivers/sercom/sercom_interrupt.o
                0x00008f84                SERCOM3_Handler
 .text.SERCOM4_Handler
                0x00008f94       0x10 src/ASF/sam0/drivers/sercom/sercom_interrupt.o
                0x00008f94                SERCOM4_Handler
 .text.SERCOM5_Handler
                0x00008fa4       0x10 src/ASF/sam0/drivers/sercom/sercom_interrupt.o
                0x00008fa4                SERCOM5_Handler
 .text.spi_init
                0x00008fb4      0x42c src/ASF/sam0/drivers/sercom/spi/spi.o
                0x00008fb4                spi_init
 .text.spi_select_slave
                0x000093e0       0xd4 src/ASF/sam0/drivers/sercom/spi/spi.o
                0x000093e0                spi_select_slave
 .text.usart_init
                0x000094b4      0x32c src/ASF/sam0/drivers/sercom/usart/usart.o
                0x000094b4                usart_init
 .text.usart_write_wait
                0x000097e0       0x2c src/ASF/sam0/drivers/sercom/usart/usart.o
                0x000097e0                usart_write_wait
 .text.usart_read_wait
                0x0000980c       0x70 src/ASF/sam0/drivers/sercom/usart/usart.o
                0x0000980c                usart_read_wait
 .text.usart_read_buffer_wait
                0x0000987c      0x10c src/ASF/sam0/drivers/sercom/usart/usart.o
                0x0000987c                usart_read_buffer_wait
 .text._usart_interrupt_handler
                0x00009988      0x190 src/ASF/sam0/drivers/sercom/usart/usart_interrupt.o
                0x00009988                _usart_interrupt_handler
 .text.system_clock_source_get_hz
                0x00009b18       0x94 src/ASF/sam0/drivers/system/clock/clock_samr30/clock.o
                0x00009b18                system_clock_source_get_hz
 .text.system_clock_source_dfll_set_config
                0x00009bac       0x80 src/ASF/sam0/drivers/system/clock/clock_samr30/clock.o
                0x00009bac                system_clock_source_dfll_set_config
 .text.system_clock_init
                0x00009c2c      0x250 src/ASF/sam0/drivers/system/clock/clock_samr30/clock.o
                0x00009c2c                system_clock_init
 .text.system_gclk_init
                0x00009e7c       0x24 src/ASF/sam0/drivers/system/clock/clock_samr30/gclk.o
                0x00009e7c                system_gclk_init
 .text.system_gclk_gen_set_config
                0x00009ea0       0xac src/ASF/sam0/drivers/system/clock/clock_samr30/gclk.o
                0x00009ea0                system_gclk_gen_set_config
 .text.system_gclk_gen_enable
                0x00009f4c       0x40 src/ASF/sam0/drivers/system/clock/clock_samr30/gclk.o
                0x00009f4c                system_gclk_gen_enable
 .text.system_gclk_gen_get_hz
                0x00009f8c       0x6c src/ASF/sam0/drivers/system/clock/clock_samr30/gclk.o
                0x00009f8c                system_gclk_gen_get_hz
 .text.system_gclk_chan_set_config
                0x00009ff8       0x40 src/ASF/sam0/drivers/system/clock/clock_samr30/gclk.o
                0x00009ff8                system_gclk_chan_set_config
 .text.system_gclk_chan_enable
                0x0000a038       0x38 src/ASF/sam0/drivers/system/clock/clock_samr30/gclk.o
                0x0000a038                system_gclk_chan_enable
 .text.system_gclk_chan_get_hz
                0x0000a070       0x84 src/ASF/sam0/drivers/system/clock/clock_samr30/gclk.o
                0x0000a070                system_gclk_chan_get_hz
 .text.system_pinmux_pin_set_config
                0x0000a0f4       0xd0 src/ASF/sam0/drivers/system/pinmux/pinmux.o
                0x0000a0f4                system_pinmux_pin_set_config
 .text._system_dummy_init
                0x0000a1c4        0x4 src/ASF/sam0/drivers/system/system.o
                0x0000a1c4                _system_events_init
                0x0000a1c4                _system_dummy_init
                0x0000a1c4                _system_divas_init
 .text.system_init
                0x0000a1c8       0x2c src/ASF/sam0/drivers/system/system.o
                0x0000a1c8                system_init
 .text.TC0_Handler
                0x0000a1f4       0x60 src/ASF/sam0/drivers/tc/tc_interrupt.o
                0x0000a1f4                TC0_Handler
 .text.TC1_Handler
                0x0000a254       0x60 src/ASF/sam0/drivers/tc/tc_interrupt.o
                0x0000a254                TC1_Handler
 .text.TC4_Handler
                0x0000a2b4       0x60 src/ASF/sam0/drivers/tc/tc_interrupt.o
                0x0000a2b4                TC4_Handler
 .text.Dummy_Handler
                0x0000a314        0x4 src/ASF/sam0/utils/cmsis/samr30/source/gcc/startup_samr30.o
                0x0000a314                DMAC_Handler
                0x0000a314                HardFault_Handler
                0x0000a314                AC_Handler
                0x0000a314                SysTick_Handler
                0x0000a314                PendSV_Handler
                0x0000a314                NMI_Handler
                0x0000a314                ADC_Handler
                0x0000a314                TCC1_Handler
                0x0000a314                TCC0_Handler
                0x0000a314                RTC_Handler
                0x0000a314                WDT_Handler
                0x0000a314                USB_Handler
                0x0000a314                Dummy_Handler
                0x0000a314                SVC_Handler
                0x0000a314                TCC2_Handler
                0x0000a314                EVSYS_Handler
                0x0000a314                NVMCTRL_Handler
                0x0000a314                SYSTEM_Handler
                0x0000a314                PTC_Handler
 .text.Reset_Handler
                0x0000a318       0x84 src/ASF/sam0/utils/cmsis/samr30/source/gcc/startup_samr30.o
                0x0000a318                Reset_Handler
 .text._read    0x0000a39c       0x44 src/ASF/sam0/utils/stdio/read.o
                0x0000a39c                _read
 .text._write   0x0000a3e0       0x48 src/ASF/sam0/utils/stdio/write.o
                0x0000a3e0                _write
 .text._sbrk    0x0000a428       0x1c src/ASF/sam0/utils/syscalls/gcc/syscalls.o
                0x0000a428                _sbrk
 .text._close   0x0000a444        0x8 src/ASF/sam0/utils/syscalls/gcc/syscalls.o
                0x0000a444                _close
 .text._fstat   0x0000a44c        0xc src/ASF/sam0/utils/syscalls/gcc/syscalls.o
                0x0000a44c                _fstat
 .text._isatty  0x0000a458        0x4 src/ASF/sam0/utils/syscalls/gcc/syscalls.o
                0x0000a458                _isatty
 .text._lseek   0x0000a45c        0x4 src/ASF/sam0/utils/syscalls/gcc/syscalls.o
                0x0000a45c                _lseek
 .text.usart_serial_getchar
                0x0000a460       0x28 src/ASF/thirdparty/wireless/addons/sio2host/uart/sio2host.o
 .text.usart_serial_putchar
                0x0000a488       0x18 src/ASF/thirdparty/wireless/addons/sio2host/uart/sio2host.o
 .text.USART_HOST_ISR_VECT
                0x0000a4a0       0x58 src/ASF/thirdparty/wireless/addons/sio2host/uart/sio2host.o
                0x0000a4a0                USART_HOST_ISR_VECT
 .text.sio2host_init
                0x0000a4f8      0x13c src/ASF/thirdparty/wireless/addons/sio2host/uart/sio2host.o
                0x0000a4f8                sio2host_init
 .text.startup.main
                0x0000a634       0xdc src/main.o
                0x0000a634                main
 .text.eccProcessREQ
                0x0000a710      0x234 src/winc15x0.o
 .text.ssl_cb   0x0000a944       0x3c src/winc15x0.o
 .text.wifi_cb  0x0000a980      0x190 src/winc15x0.o
 .text.wifiCryptoInit
                0x0000ab10      0x34c src/winc15x0.o
                0x0000ab10                wifiCryptoInit
 .text          0x0000ae5c      0x114 c:/program files (x86)/atmel/studio/7.0/toolchain/arm/arm-gnu-toolchain/bin/../lib/gcc/arm-none-eabi/6.3.1/thumb/v6-m\libgcc.a(_udivsi3.o)
                0x0000ae5c                __aeabi_uidiv
                0x0000ae5c                __udivsi3
                0x0000af68                __aeabi_uidivmod
 .text          0x0000af70      0x1d4 c:/program files (x86)/atmel/studio/7.0/toolchain/arm/arm-gnu-toolchain/bin/../lib/gcc/arm-none-eabi/6.3.1/thumb/v6-m\libgcc.a(_divsi3.o)
                0x0000af70                __divsi3
                0x0000af70                __aeabi_idiv
                0x0000b13c                __aeabi_idivmod
 .text          0x0000b144        0x4 c:/program files (x86)/atmel/studio/7.0/toolchain/arm/arm-gnu-toolchain/bin/../lib/gcc/arm-none-eabi/6.3.1/thumb/v6-m\libgcc.a(_dvmd_tls.o)
                0x0000b144                __aeabi_idiv0
                0x0000b144                __aeabi_ldiv0
 .text          0x0000b148       0x54 c:/program files (x86)/atmel/studio/7.0/toolchain/arm/arm-gnu-toolchain/bin/../lib/gcc/arm-none-eabi/6.3.1/thumb/v6-m\libgcc.a(_muldi3.o)
                0x0000b148                __muldi3
                0x0000b148                __aeabi_lmul
 .text          0x0000b19c      0x620 c:/program files (x86)/atmel/studio/7.0/toolchain/arm/arm-gnu-toolchain/bin/../lib/gcc/arm-none-eabi/6.3.1/thumb/v6-m\libgcc.a(adddf3.o)
                0x0000b19c                __aeabi_dadd
 .text          0x0000b7bc      0x668 c:/program files (x86)/atmel/studio/7.0/toolchain/arm/arm-gnu-toolchain/bin/../lib/gcc/arm-none-eabi/6.3.1/thumb/v6-m\libgcc.a(divdf3.o)
                0x0000b7bc                __aeabi_ddiv
 .text          0x0000be24      0x500 c:/program files (x86)/atmel/studio/7.0/toolchain/arm/arm-gnu-toolchain/bin/../lib/gcc/arm-none-eabi/6.3.1/thumb/v6-m\libgcc.a(muldf3.o)
                0x0000be24                __aeabi_dmul
 .text          0x0000c324      0x62c c:/program files (x86)/atmel/studio/7.0/toolchain/arm/arm-gnu-toolchain/bin/../lib/gcc/arm-none-eabi/6.3.1/thumb/v6-m\libgcc.a(subdf3.o)
                0x0000c324                __aeabi_dsub
 .text          0x0000c950       0x68 c:/program files (x86)/atmel/studio/7.0/toolchain/arm/arm-gnu-toolchain/bin/../lib/gcc/arm-none-eabi/6.3.1/thumb/v6-m\libgcc.a(fixdfsi.o)
                0x0000c950                __aeabi_d2iz
 .text          0x0000c9b8       0x70 c:/program files (x86)/atmel/studio/7.0/toolchain/arm/arm-gnu-toolchain/bin/../lib/gcc/arm-none-eabi/6.3.1/thumb/v6-m\libgcc.a(floatunsidf.o)
                0x0000c9b8                __aeabi_ui2d
 .text          0x0000ca28       0x3c c:/program files (x86)/atmel/studio/7.0/toolchain/arm/arm-gnu-toolchain/bin/../lib/gcc/arm-none-eabi/6.3.1/thumb/v6-m\libgcc.a(_clzsi2.o)
                0x0000ca28                __clzsi2
 .text.__libc_init_array
                0x0000ca64       0x48 c:/program files (x86)/atmel/studio/7.0/toolchain/arm/arm-gnu-toolchain/bin/../lib/gcc/arm-none-eabi/6.3.1/../../../../arm-none-eabi/lib/thumb/v6-m\libc_nano.a(lib_a-init.o)
                0x0000ca64                __libc_init_array
 .text.malloc   0x0000caac       0x14 c:/program files (x86)/atmel/studio/7.0/toolchain/arm/arm-gnu-toolchain/bin/../lib/gcc/arm-none-eabi/6.3.1/../../../../arm-none-eabi/lib/thumb/v6-m\libc_nano.a(lib_a-malloc.o)
                0x0000caac                malloc
 .text.free     0x0000cac0       0x14 c:/program files (x86)/atmel/studio/7.0/toolchain/arm/arm-gnu-toolchain/bin/../lib/gcc/arm-none-eabi/6.3.1/../../../../arm-none-eabi/lib/thumb/v6-m\libc_nano.a(lib_a-malloc.o)
                0x0000cac0                free
 .text.memcmp   0x0000cad4       0x1e c:/program files (x86)/atmel/studio/7.0/toolchain/arm/arm-gnu-toolchain/bin/../lib/gcc/arm-none-eabi/6.3.1/../../../../arm-none-eabi/lib/thumb/v6-m\libc_nano.a(lib_a-memcmp.o)
                0x0000cad4                memcmp
 .text.memcpy   0x0000caf2       0x12 c:/program files (x86)/atmel/studio/7.0/toolchain/arm/arm-gnu-toolchain/bin/../lib/gcc/arm-none-eabi/6.3.1/../../../../arm-none-eabi/lib/thumb/v6-m\libc_nano.a(lib_a-memcpy-stub.o)
                0x0000caf2                memcpy
 .text.memmove  0x0000cb04       0x24 c:/program files (x86)/atmel/studio/7.0/toolchain/arm/arm-gnu-toolchain/bin/../lib/gcc/arm-none-eabi/6.3.1/../../../../arm-none-eabi/lib/thumb/v6-m\libc_nano.a(lib_a-memmove.o)
                0x0000cb04                memmove
 .text.memset   0x0000cb28       0x10 c:/program files (x86)/atmel/studio/7.0/toolchain/arm/arm-gnu-toolchain/bin/../lib/gcc/arm-none-eabi/6.3.1/../../../../arm-none-eabi/lib/thumb/v6-m\libc_nano.a(lib_a-memset.o)
                0x0000cb28                memset
 .text._free_r  0x0000cb38       0x94 c:/program files (x86)/atmel/studio/7.0/toolchain/arm/arm-gnu-toolchain/bin/../lib/gcc/arm-none-eabi/6.3.1/../../../../arm-none-eabi/lib/thumb/v6-m\libc_nano.a(lib_a-nano-freer.o)
                0x0000cb38                _free_r
 .text._malloc_r
                0x0000cbcc       0xbc c:/program files (x86)/atmel/studio/7.0/toolchain/arm/arm-gnu-toolchain/bin/../lib/gcc/arm-none-eabi/6.3.1/../../../../arm-none-eabi/lib/thumb/v6-m\libc_nano.a(lib_a-nano-mallocr.o)
                0x0000cbcc                _malloc_r
 .text.printf   0x0000cc88       0x34 c:/program files (x86)/atmel/studio/7.0/toolchain/arm/arm-gnu-toolchain/bin/../lib/gcc/arm-none-eabi/6.3.1/../../../../arm-none-eabi/lib/thumb/v6-m\libc_nano.a(lib_a-printf.o)
                0x0000cc88                iprintf
                0x0000cc88                printf
 .text.putchar  0x0000ccbc       0x28 c:/program files (x86)/atmel/studio/7.0/toolchain/arm/arm-gnu-toolchain/bin/../lib/gcc/arm-none-eabi/6.3.1/../../../../arm-none-eabi/lib/thumb/v6-m\libc_nano.a(lib_a-putchar.o)
                0x0000ccbc                putchar
 .text._puts_r  0x0000cce4       0xc0 c:/program files (x86)/atmel/studio/7.0/toolchain/arm/arm-gnu-toolchain/bin/../lib/gcc/arm-none-eabi/6.3.1/../../../../arm-none-eabi/lib/thumb/v6-m\libc_nano.a(lib_a-puts.o)
                0x0000cce4                _puts_r
 .text.puts     0x0000cda4       0x14 c:/program files (x86)/atmel/studio/7.0/toolchain/arm/arm-gnu-toolchain/bin/../lib/gcc/arm-none-eabi/6.3.1/../../../../arm-none-eabi/lib/thumb/v6-m\libc_nano.a(lib_a-puts.o)
                0x0000cda4                puts
 .text._sbrk_r  0x0000cdb8       0x24 c:/program files (x86)/atmel/studio/7.0/toolchain/arm/arm-gnu-toolchain/bin/../lib/gcc/arm-none-eabi/6.3.1/../../../../arm-none-eabi/lib/thumb/v6-m\libc_nano.a(lib_a-sbrkr.o)
                0x0000cdb8                _sbrk_r
 .text.setbuf   0x0000cddc       0x12 c:/program files (x86)/atmel/studio/7.0/toolchain/arm/arm-gnu-toolchain/bin/../lib/gcc/arm-none-eabi/6.3.1/../../../../arm-none-eabi/lib/thumb/v6-m\libc_nano.a(lib_a-setbuf.o)
                0x0000cddc                setbuf
 *fill*         0x0000cdee        0x2 
 .text.setvbuf  0x0000cdf0      0x158 c:/program files (x86)/atmel/studio/7.0/toolchain/arm/arm-gnu-toolchain/bin/../lib/gcc/arm-none-eabi/6.3.1/../../../../arm-none-eabi/lib/thumb/v6-m\libc_nano.a(lib_a-setvbuf.o)
                0x0000cdf0                setvbuf
 .text.sprintf  0x0000cf48       0x44 c:/program files (x86)/atmel/studio/7.0/toolchain/arm/arm-gnu-toolchain/bin/../lib/gcc/arm-none-eabi/6.3.1/../../../../arm-none-eabi/lib/thumb/v6-m\libc_nano.a(lib_a-sprintf.o)
                0x0000cf48                siprintf
                0x0000cf48                sprintf
 .text.__sread  0x0000cf8c       0x28 c:/program files (x86)/atmel/studio/7.0/toolchain/arm/arm-gnu-toolchain/bin/../lib/gcc/arm-none-eabi/6.3.1/../../../../arm-none-eabi/lib/thumb/v6-m\libc_nano.a(lib_a-stdio.o)
                0x0000cf8c                __sread
 .text.__swrite
                0x0000cfb4       0x38 c:/program files (x86)/atmel/studio/7.0/toolchain/arm/arm-gnu-toolchain/bin/../lib/gcc/arm-none-eabi/6.3.1/../../../../arm-none-eabi/lib/thumb/v6-m\libc_nano.a(lib_a-stdio.o)
                0x0000cfb4                __swrite
 .text.__sseek  0x0000cfec       0x2c c:/program files (x86)/atmel/studio/7.0/toolchain/arm/arm-gnu-toolchain/bin/../lib/gcc/arm-none-eabi/6.3.1/../../../../arm-none-eabi/lib/thumb/v6-m\libc_nano.a(lib_a-stdio.o)
                0x0000cfec                __sseek
 .text.__sclose
                0x0000d018        0xc c:/program files (x86)/atmel/studio/7.0/toolchain/arm/arm-gnu-toolchain/bin/../lib/gcc/arm-none-eabi/6.3.1/../../../../arm-none-eabi/lib/thumb/v6-m\libc_nano.a(lib_a-stdio.o)
                0x0000d018                __sclose
 .text          0x0000d024        0xe c:/program files (x86)/atmel/studio/7.0/toolchain/arm/arm-gnu-toolchain/bin/../lib/gcc/arm-none-eabi/6.3.1/../../../../arm-none-eabi/lib/thumb/v6-m\libc_nano.a(lib_a-strlen.o)
                0x0000d024                strlen
 .text.strncmp  0x0000d032       0x22 c:/program files (x86)/atmel/studio/7.0/toolchain/arm/arm-gnu-toolchain/bin/../lib/gcc/arm-none-eabi/6.3.1/../../../../arm-none-eabi/lib/thumb/v6-m\libc_nano.a(lib_a-strncmp.o)
                0x0000d032                strncmp
 .text.__swbuf_r
                0x0000d054       0xac c:/program files (x86)/atmel/studio/7.0/toolchain/arm/arm-gnu-toolchain/bin/../lib/gcc/arm-none-eabi/6.3.1/../../../../arm-none-eabi/lib/thumb/v6-m\libc_nano.a(lib_a-wbuf.o)
                0x0000d054                __swbuf_r
 .text._write_r
                0x0000d100       0x28 c:/program files (x86)/atmel/studio/7.0/toolchain/arm/arm-gnu-toolchain/bin/../lib/gcc/arm-none-eabi/6.3.1/../../../../arm-none-eabi/lib/thumb/v6-m\libc_nano.a(lib_a-writer.o)
                0x0000d100                _write_r
 .text.__swsetup_r
                0x0000d128       0xec c:/program files (x86)/atmel/studio/7.0/toolchain/arm/arm-gnu-toolchain/bin/../lib/gcc/arm-none-eabi/6.3.1/../../../../arm-none-eabi/lib/thumb/v6-m\libc_nano.a(lib_a-wsetup.o)
                0x0000d128                __swsetup_r
 .text._close_r
                0x0000d214       0x24 c:/program files (x86)/atmel/studio/7.0/toolchain/arm/arm-gnu-toolchain/bin/../lib/gcc/arm-none-eabi/6.3.1/../../../../arm-none-eabi/lib/thumb/v6-m\libc_nano.a(lib_a-closer.o)
                0x0000d214                _close_r
 .text.__sflush_r
                0x0000d238      0x114 c:/program files (x86)/atmel/studio/7.0/toolchain/arm/arm-gnu-toolchain/bin/../lib/gcc/arm-none-eabi/6.3.1/../../../../arm-none-eabi/lib/thumb/v6-m\libc_nano.a(lib_a-fflush.o)
                0x0000d238                __sflush_r
 .text._fflush_r
                0x0000d34c       0x58 c:/program files (x86)/atmel/studio/7.0/toolchain/arm/arm-gnu-toolchain/bin/../lib/gcc/arm-none-eabi/6.3.1/../../../../arm-none-eabi/lib/thumb/v6-m\libc_nano.a(lib_a-fflush.o)
                0x0000d34c                _fflush_r
 .text._cleanup_r
                0x0000d3a4       0x10 c:/program files (x86)/atmel/studio/7.0/toolchain/arm/arm-gnu-toolchain/bin/../lib/gcc/arm-none-eabi/6.3.1/../../../../arm-none-eabi/lib/thumb/v6-m\libc_nano.a(lib_a-findfp.o)
                0x0000d3a4                _cleanup_r
 .text.std.isra.0
                0x0000d3b4       0x48 c:/program files (x86)/atmel/studio/7.0/toolchain/arm/arm-gnu-toolchain/bin/../lib/gcc/arm-none-eabi/6.3.1/../../../../arm-none-eabi/lib/thumb/v6-m\libc_nano.a(lib_a-findfp.o)
 .text.__sfmoreglue
                0x0000d3fc       0x2c c:/program files (x86)/atmel/studio/7.0/toolchain/arm/arm-gnu-toolchain/bin/../lib/gcc/arm-none-eabi/6.3.1/../../../../arm-none-eabi/lib/thumb/v6-m\libc_nano.a(lib_a-findfp.o)
                0x0000d3fc                __sfmoreglue
 .text.__sinit  0x0000d428       0x68 c:/program files (x86)/atmel/studio/7.0/toolchain/arm/arm-gnu-toolchain/bin/../lib/gcc/arm-none-eabi/6.3.1/../../../../arm-none-eabi/lib/thumb/v6-m\libc_nano.a(lib_a-findfp.o)
                0x0000d428                __sinit
 .text.__sfp    0x0000d490       0x80 c:/program files (x86)/atmel/studio/7.0/toolchain/arm/arm-gnu-toolchain/bin/../lib/gcc/arm-none-eabi/6.3.1/../../../../arm-none-eabi/lib/thumb/v6-m\libc_nano.a(lib_a-findfp.o)
                0x0000d490                __sfp
 .text._fwalk_reent
                0x0000d510       0x42 c:/program files (x86)/atmel/studio/7.0/toolchain/arm/arm-gnu-toolchain/bin/../lib/gcc/arm-none-eabi/6.3.1/../../../../arm-none-eabi/lib/thumb/v6-m\libc_nano.a(lib_a-fwalk.o)
                0x0000d510                _fwalk_reent
 *fill*         0x0000d552        0x2 
 .text._lseek_r
                0x0000d554       0x28 c:/program files (x86)/atmel/studio/7.0/toolchain/arm/arm-gnu-toolchain/bin/../lib/gcc/arm-none-eabi/6.3.1/../../../../arm-none-eabi/lib/thumb/v6-m\libc_nano.a(lib_a-lseekr.o)
                0x0000d554                _lseek_r
 .text.__swhatbuf_r
                0x0000d57c       0x50 c:/program files (x86)/atmel/studio/7.0/toolchain/arm/arm-gnu-toolchain/bin/../lib/gcc/arm-none-eabi/6.3.1/../../../../arm-none-eabi/lib/thumb/v6-m\libc_nano.a(lib_a-makebuf.o)
                0x0000d57c                __swhatbuf_r
 .text.__smakebuf_r
                0x0000d5cc       0x88 c:/program files (x86)/atmel/studio/7.0/toolchain/arm/arm-gnu-toolchain/bin/../lib/gcc/arm-none-eabi/6.3.1/../../../../arm-none-eabi/lib/thumb/v6-m\libc_nano.a(lib_a-makebuf.o)
                0x0000d5cc                __smakebuf_r
 .text.__malloc_lock
                0x0000d654        0x2 c:/program files (x86)/atmel/studio/7.0/toolchain/arm/arm-gnu-toolchain/bin/../lib/gcc/arm-none-eabi/6.3.1/../../../../arm-none-eabi/lib/thumb/v6-m\libc_nano.a(lib_a-mlock.o)
                0x0000d654                __malloc_lock
 .text.__malloc_unlock
                0x0000d656        0x2 c:/program files (x86)/atmel/studio/7.0/toolchain/arm/arm-gnu-toolchain/bin/../lib/gcc/arm-none-eabi/6.3.1/../../../../arm-none-eabi/lib/thumb/v6-m\libc_nano.a(lib_a-mlock.o)
                0x0000d656                __malloc_unlock
 .text.__ssputs_r
                0x0000d658       0xc4 c:/program files (x86)/atmel/studio/7.0/toolchain/arm/arm-gnu-toolchain/bin/../lib/gcc/arm-none-eabi/6.3.1/../../../../arm-none-eabi/lib/thumb/v6-m\libc_nano.a(lib_a-nano-svfprintf.o)
                0x0000d658                __ssputs_r
 .text._svfprintf_r
                0x0000d71c      0x208 c:/program files (x86)/atmel/studio/7.0/toolchain/arm/arm-gnu-toolchain/bin/../lib/gcc/arm-none-eabi/6.3.1/../../../../arm-none-eabi/lib/thumb/v6-m\libc_nano.a(lib_a-nano-svfprintf.o)
                0x0000d71c                _svfiprintf_r
                0x0000d71c                _svfprintf_r
 .text.__sfputc_r
                0x0000d924       0x2a c:/program files (x86)/atmel/studio/7.0/toolchain/arm/arm-gnu-toolchain/bin/../lib/gcc/arm-none-eabi/6.3.1/../../../../arm-none-eabi/lib/thumb/v6-m\libc_nano.a(lib_a-nano-vfprintf.o)
 .text.__sfputs_r
                0x0000d94e       0x24 c:/program files (x86)/atmel/studio/7.0/toolchain/arm/arm-gnu-toolchain/bin/../lib/gcc/arm-none-eabi/6.3.1/../../../../arm-none-eabi/lib/thumb/v6-m\libc_nano.a(lib_a-nano-vfprintf.o)
                0x0000d94e                __sfputs_r
 *fill*         0x0000d972        0x2 
 .text._vfprintf_r
                0x0000d974      0x238 c:/program files (x86)/atmel/studio/7.0/toolchain/arm/arm-gnu-toolchain/bin/../lib/gcc/arm-none-eabi/6.3.1/../../../../arm-none-eabi/lib/thumb/v6-m\libc_nano.a(lib_a-nano-vfprintf.o)
                0x0000d974                _vfprintf_r
                0x0000d974                _vfiprintf_r
 .text._printf_common
                0x0000dbac       0xda c:/program files (x86)/atmel/studio/7.0/toolchain/arm/arm-gnu-toolchain/bin/../lib/gcc/arm-none-eabi/6.3.1/../../../../arm-none-eabi/lib/thumb/v6-m\libc_nano.a(lib_a-nano-vfprintf_i.o)
                0x0000dbac                _printf_common
 *fill*         0x0000dc86        0x2 
 .text._printf_i
                0x0000dc88      0x234 c:/program files (x86)/atmel/studio/7.0/toolchain/arm/arm-gnu-toolchain/bin/../lib/gcc/arm-none-eabi/6.3.1/../../../../arm-none-eabi/lib/thumb/v6-m\libc_nano.a(lib_a-nano-vfprintf_i.o)
                0x0000dc88                _printf_i
 .text._putc_r  0x0000debc       0x6c c:/program files (x86)/atmel/studio/7.0/toolchain/arm/arm-gnu-toolchain/bin/../lib/gcc/arm-none-eabi/6.3.1/../../../../arm-none-eabi/lib/thumb/v6-m\libc_nano.a(lib_a-putc.o)
                0x0000debc                _putc_r
 .text._read_r  0x0000df28       0x28 c:/program files (x86)/atmel/studio/7.0/toolchain/arm/arm-gnu-toolchain/bin/../lib/gcc/arm-none-eabi/6.3.1/../../../../arm-none-eabi/lib/thumb/v6-m\libc_nano.a(lib_a-readr.o)
                0x0000df28                _read_r
 .text._fstat_r
                0x0000df50       0x24 c:/program files (x86)/atmel/studio/7.0/toolchain/arm/arm-gnu-toolchain/bin/../lib/gcc/arm-none-eabi/6.3.1/../../../../arm-none-eabi/lib/thumb/v6-m\libc_nano.a(lib_a-fstatr.o)
                0x0000df50                _fstat_r
 .text._isatty_r
                0x0000df74       0x24 c:/program files (x86)/atmel/studio/7.0/toolchain/arm/arm-gnu-toolchain/bin/../lib/gcc/arm-none-eabi/6.3.1/../../../../arm-none-eabi/lib/thumb/v6-m\libc_nano.a(lib_a-isattyr.o)
                0x0000df74                _isatty_r
 .text.memchr   0x0000df98       0x16 c:/program files (x86)/atmel/studio/7.0/toolchain/arm/arm-gnu-toolchain/bin/../lib/gcc/arm-none-eabi/6.3.1/../../../../arm-none-eabi/lib/thumb/v6-m\libc_nano.a(lib_a-memchr-stub.o)
                0x0000df98                memchr
 .text._realloc_r
                0x0000dfae       0x4c c:/program files (x86)/atmel/studio/7.0/toolchain/arm/arm-gnu-toolchain/bin/../lib/gcc/arm-none-eabi/6.3.1/../../../../arm-none-eabi/lib/thumb/v6-m\libc_nano.a(lib_a-nano-reallocr.o)
                0x0000dfae                _realloc_r
 .text._malloc_usable_size_r
                0x0000dffa       0x10 c:/program files (x86)/atmel/studio/7.0/toolchain/arm/arm-gnu-toolchain/bin/../lib/gcc/arm-none-eabi/6.3.1/../../../../arm-none-eabi/lib/thumb/v6-m\libc_nano.a(lib_a-nano-msizer.o)
                0x0000dffa                _malloc_usable_size_r
 *(.glue_7t)
 .glue_7t       0x0000e00a        0x0 linker stubs
 *(.glue_7)
 .glue_7        0x0000e00a        0x0 linker stubs
 *(.rodata .rodata* .gnu.linkonce.r.*)
 *fill*         0x0000e00a        0x2 
 .rodata.__FUNCTION__.14452
                0x0000e00c        0xd src/ASF/common/components/wifi/winc1500/bus_wrapper/source/nm_bus_wrapper_samr21.o
 *fill*         0x0000e019        0x3 
 .rodata.nm_bus_ioctl.str1.4
                0x0000e01c       0x27 src/ASF/common/components/wifi/winc1500/bus_wrapper/source/nm_bus_wrapper_samr21.o
 *fill*         0x0000e043        0x1 
 .rodata.hif_register_cb
                0x0000e044       0x20 src/ASF/common/components/wifi/winc1500/driver/source/m2m_hif.o
 .rodata.__FUNCTION__.13353
                0x0000e064        0x9 src/ASF/common/components/wifi/winc1500/driver/source/m2m_hif.o
 *fill*         0x0000e06d        0x3 
 .rodata.__FUNCTION__.13363
                0x0000e070        0x8 src/ASF/common/components/wifi/winc1500/driver/source/m2m_hif.o
 .rodata.__FUNCTION__.13369
                0x0000e078        0xf src/ASF/common/components/wifi/winc1500/driver/source/m2m_hif.o
 *fill*         0x0000e087        0x1 
 .rodata.__FUNCTION__.13381
                0x0000e088        0xc src/ASF/common/components/wifi/winc1500/driver/source/m2m_hif.o
 .rodata.__FUNCTION__.13397
                0x0000e094       0x10 src/ASF/common/components/wifi/winc1500/driver/source/m2m_hif.o
 .rodata.hif_handle_isr.str1.4
                0x0000e0a4      0x1ef src/ASF/common/components/wifi/winc1500/driver/source/m2m_hif.o
 *fill*         0x0000e293        0x1 
 .rodata.hif_receive.str1.4
                0x0000e294       0xab src/ASF/common/components/wifi/winc1500/driver/source/m2m_hif.o
 *fill*         0x0000e33f        0x1 
 .rodata.hif_register_cb.str1.4
                0x0000e340        0xa src/ASF/common/components/wifi/winc1500/driver/source/m2m_hif.o
 *fill*         0x0000e34a        0x2 
 .rodata.hif_send.str1.4
                0x0000e34c       0x38 src/ASF/common/components/wifi/winc1500/driver/source/m2m_hif.o
                                 0x4c (size before relaxing)
 .rodata.__FUNCTION__.13368
                0x0000e384        0xb src/ASF/common/components/wifi/winc1500/driver/source/m2m_ssl.o
 *fill*         0x0000e38f        0x1 
 .rodata.__FUNCTION__.13414
                0x0000e390        0xd src/ASF/common/components/wifi/winc1500/driver/source/m2m_ssl.o
 *fill*         0x0000e39d        0x3 
 .rodata.m2m_ssl_cb.str1.4
                0x0000e3a0       0x21 src/ASF/common/components/wifi/winc1500/driver/source/m2m_ssl.o
                                 0x35 (size before relaxing)
 *fill*         0x0000e3c1        0x3 
 .rodata.m2m_ssl_init.str1.4
                0x0000e3c4       0x25 src/ASF/common/components/wifi/winc1500/driver/source/m2m_ssl.o
 *fill*         0x0000e3e9        0x3 
 .rodata.__FUNCTION__.13332
                0x0000e3ec        0xc src/ASF/common/components/wifi/winc1500/driver/source/m2m_wifi.o
 .rodata.__FUNCTION__.13361
                0x0000e3f8        0xe src/ASF/common/components/wifi/winc1500/driver/source/m2m_wifi.o
 *fill*         0x0000e406        0x2 
 .rodata.__FUNCTION__.13389
                0x0000e408       0x14 src/ASF/common/components/wifi/winc1500/driver/source/m2m_wifi.o
 .rodata.m2m_wifi_cb.str1.4
                0x0000e41c       0x34 src/ASF/common/components/wifi/winc1500/driver/source/m2m_wifi.o
                                 0x54 (size before relaxing)
 .rodata.m2m_wifi_connect.str1.4
                0x0000e450       0xa7 src/ASF/common/components/wifi/winc1500/driver/source/m2m_wifi.o
 *fill*         0x0000e4f7        0x1 
 .rodata.m2m_wifi_init.str1.4
                0x0000e4f8       0xca src/ASF/common/components/wifi/winc1500/driver/source/m2m_wifi.o
 *fill*         0x0000e5c2        0x2 
 .rodata.__FUNCTION__.13195
                0x0000e5c4        0xa src/ASF/common/components/wifi/winc1500/driver/source/nmasic.o
 *fill*         0x0000e5ce        0x2 
 .rodata.__FUNCTION__.13244
                0x0000e5d0        0xc src/ASF/common/components/wifi/winc1500/driver/source/nmasic.o
 .rodata.chip_deinit.str1.4
                0x0000e5dc       0x18 src/ASF/common/components/wifi/winc1500/driver/source/nmasic.o
 .rodata.chip_wake.str1.4
                0x0000e5f4       0x31 src/ASF/common/components/wifi/winc1500/driver/source/nmasic.o
                                 0x45 (size before relaxing)
 *fill*         0x0000e625        0x3 
 .rodata.wait_for_bootrom.str1.4
                0x0000e628       0x18 src/ASF/common/components/wifi/winc1500/driver/source/nmasic.o
                                 0x24 (size before relaxing)
 .rodata.__FUNCTION__.13242
                0x0000e640        0xc src/ASF/common/components/wifi/winc1500/driver/source/nmdrv.o
 .rodata.__FUNCTION__.13249
                0x0000e64c        0xe src/ASF/common/components/wifi/winc1500/driver/source/nmdrv.o
 *fill*         0x0000e65a        0x2 
 .rodata.nm_drv_deinit.str1.4
                0x0000e65c       0x5e src/ASF/common/components/wifi/winc1500/driver/source/nmdrv.o
 *fill*         0x0000e6ba        0x2 
 .rodata.nm_drv_init.str1.4
                0x0000e6bc       0x1e src/ASF/common/components/wifi/winc1500/driver/source/nmdrv.o
 *fill*         0x0000e6da        0x2 
 .rodata.nm_drv_init_download_mode.str1.4
                0x0000e6dc       0x29 src/ASF/common/components/wifi/winc1500/driver/source/nmdrv.o
                                 0x49 (size before relaxing)
 *fill*         0x0000e705        0x3 
 .rodata.spi_cmd
                0x0000e708       0x3c src/ASF/common/components/wifi/winc1500/driver/source/nmspi.o
 .rodata.spi_data_read.cst2
                0x0000e744        0x2 src/ASF/common/components/wifi/winc1500/driver/source/nmspi.o
 .rodata.spi_data_write.cst2
                0x0000e746        0x2 src/ASF/common/components/wifi/winc1500/driver/source/nmspi.o
 .rodata.spi_write_reg.cst1
                0x0000e746        0x2 src/ASF/common/components/wifi/winc1500/driver/source/nmspi.o
 .rodata.spi_read_reg.cst1
                0x0000e748        0x2 src/ASF/common/components/wifi/winc1500/driver/source/nmspi.o
 *fill*         0x0000e74a        0x2 
 .rodata.__FUNCTION__.12543
                0x0000e74c        0x8 src/ASF/common/components/wifi/winc1500/driver/source/nmspi.o
 .rodata.__FUNCTION__.12550
                0x0000e754        0xd src/ASF/common/components/wifi/winc1500/driver/source/nmspi.o
 *fill*         0x0000e761        0x3 
 .rodata.__FUNCTION__.12559
                0x0000e764        0xc src/ASF/common/components/wifi/winc1500/driver/source/nmspi.o
 .rodata.__FUNCTION__.12575
                0x0000e770        0xe src/ASF/common/components/wifi/winc1500/driver/source/nmspi.o
 *fill*         0x0000e77e        0x2 
 .rodata.__FUNCTION__.12590
                0x0000e780        0xf src/ASF/common/components/wifi/winc1500/driver/source/nmspi.o
 *fill*         0x0000e78f        0x1 
 .rodata.__FUNCTION__.12602
                0x0000e790        0xe src/ASF/common/components/wifi/winc1500/driver/source/nmspi.o
 *fill*         0x0000e79e        0x2 
 .rodata.__FUNCTION__.12613
                0x0000e7a0        0xd src/ASF/common/components/wifi/winc1500/driver/source/nmspi.o
 *fill*         0x0000e7ad        0x3 
 .rodata.__FUNCTION__.12625
                0x0000e7b0        0xd src/ASF/common/components/wifi/winc1500/driver/source/nmspi.o
 *fill*         0x0000e7bd        0x3 
 .rodata.__FUNCTION__.12638
                0x0000e7c0        0xc src/ASF/common/components/wifi/winc1500/driver/source/nmspi.o
 .rodata.__FUNCTION__.12663
                0x0000e7cc        0xc src/ASF/common/components/wifi/winc1500/driver/source/nmspi.o
 .rodata.crc7_syndrome_table
                0x0000e7d8      0x100 src/ASF/common/components/wifi/winc1500/driver/source/nmspi.o
 .rodata.nm_spi_init.str1.4
                0x0000e8d8       0xd4 src/ASF/common/components/wifi/winc1500/driver/source/nmspi.o
 .rodata.nm_spi_read.str1.4
                0x0000e9ac       0x8e src/ASF/common/components/wifi/winc1500/driver/source/nmspi.o
 *fill*         0x0000ea3a        0x2 
 .rodata.nm_spi_write.str1.4
                0x0000ea3c       0xac src/ASF/common/components/wifi/winc1500/driver/source/nmspi.o
 .rodata.spi_cmd.str1.4
                0x0000eae8       0x2a src/ASF/common/components/wifi/winc1500/driver/source/nmspi.o
 *fill*         0x0000eb12        0x2 
 .rodata.spi_cmd_rsp.constprop.3.str1.4
                0x0000eb14       0x32 src/ASF/common/components/wifi/winc1500/driver/source/nmspi.o
                                 0x46 (size before relaxing)
 *fill*         0x0000eb46        0x2 
 .rodata.spi_data_read.str1.4
                0x0000eb48       0xc8 src/ASF/common/components/wifi/winc1500/driver/source/nmspi.o
 .rodata.spi_data_rsp.str1.4
                0x0000ec10       0x50 src/ASF/common/components/wifi/winc1500/driver/source/nmspi.o
 .rodata.spi_data_write.str1.4
                0x0000ec60       0xa1 src/ASF/common/components/wifi/winc1500/driver/source/nmspi.o
 *fill*         0x0000ed01        0x3 
 .rodata.spi_read_reg.str1.4
                0x0000ed04       0x98 src/ASF/common/components/wifi/winc1500/driver/source/nmspi.o
 .rodata.spi_write_reg.str1.4
                0x0000ed9c       0x80 src/ASF/common/components/wifi/winc1500/driver/source/nmspi.o
 .rodata.close.str1.4
                0x0000ee1c       0x15 src/ASF/common/components/wifi/winc1500/socket/source/socket.o
 *fill*         0x0000ee31        0x3 
 .rodata.m2m_ip_cb.str1.4
                0x0000ee34       0x14 src/ASF/common/components/wifi/winc1500/socket/source/socket.o
                                 0x20 (size before relaxing)
 .rodata.socket.str1.4
                0x0000ee48       0x1c src/ASF/common/components/wifi/winc1500/socket/source/socket.o
 .rodata        0x0000ee64       0x54 src/ASF/thirdparty/AWS_SDK/AWS_SDK/aws_iot_src/protocol/mqtt/aws_iot_embedded_client_wrapper/aws_iot_mqtt_embedded_client_wrapper.o
 .rodata.MQTTConnectParamsDefault
                0x0000eeb8       0x48 src/ASF/thirdparty/AWS_SDK/AWS_SDK/aws_iot_src/protocol/mqtt/aws_iot_embedded_client_wrapper/aws_iot_mqtt_embedded_client_wrapper.o
                0x0000eeb8                MQTTConnectParamsDefault
 .rodata.MQTTMessageParamsDefault
                0x0000ef00       0x10 src/ASF/thirdparty/AWS_SDK/AWS_SDK/aws_iot_src/protocol/mqtt/aws_iot_embedded_client_wrapper/aws_iot_mqtt_embedded_client_wrapper.o
                0x0000ef00                MQTTMessageParamsDefault
 .rodata.MQTTPublishParamsDefault
                0x0000ef10       0x14 src/ASF/thirdparty/AWS_SDK/AWS_SDK/aws_iot_src/protocol/mqtt/aws_iot_embedded_client_wrapper/aws_iot_mqtt_embedded_client_wrapper.o
                0x0000ef10                MQTTPublishParamsDefault
 .rodata.MQTTSubscribeParamsDefault
                0x0000ef24        0xc src/ASF/thirdparty/AWS_SDK/AWS_SDK/aws_iot_src/protocol/mqtt/aws_iot_embedded_client_wrapper/aws_iot_mqtt_embedded_client_wrapper.o
                0x0000ef24                MQTTSubscribeParamsDefault
 .rodata.str1.4
                0x0000ef30       0x2b src/ASF/thirdparty/AWS_SDK/AWS_SDK/aws_iot_src/protocol/mqtt/aws_iot_embedded_client_wrapper/aws_iot_mqtt_embedded_client_wrapper.o
 *fill*         0x0000ef5b        0x1 
 .rodata.resolve_cb.str1.4
                0x0000ef5c       0x2e src/ASF/thirdparty/AWS_SDK/AWS_SDK/aws_iot_src/protocol/mqtt/aws_iot_embedded_client_wrapper/platform_samd21/network_winc1500tls_wrapper.o
 *fill*         0x0000ef8a        0x2 
 .rodata.socket_cb.str1.4
                0x0000ef8c       0x4f src/ASF/thirdparty/AWS_SDK/AWS_SDK/aws_iot_src/protocol/mqtt/aws_iot_embedded_client_wrapper/platform_samd21/network_winc1500tls_wrapper.o
 *fill*         0x0000efdb        0x1 
 .rodata.waitfor
                0x0000efdc       0x38 src/ASF/thirdparty/AWS_SDK/AWS_SDK/aws_mqtt_embedded_client_lib/MQTTClient-C/src/MQTTClient.o
 .rodata.MQTTDeserialize_connack
                0x0000f014       0x18 src/ASF/thirdparty/AWS_SDK/AWS_SDK/aws_mqtt_embedded_client_lib/MQTTPacket/src/MQTTConnectClient.o
 .rodata.MQTTSerialize_connect.str1.4
                0x0000f02c        0xf src/ASF/thirdparty/AWS_SDK/AWS_SDK/aws_mqtt_embedded_client_lib/MQTTPacket/src/MQTTConnectClient.o
 *fill*         0x0000f03b        0x1 
 .rodata.MQTTPacket_InitHeader
                0x0000f03c       0x3c src/ASF/thirdparty/AWS_SDK/AWS_SDK/aws_mqtt_embedded_client_lib/MQTTPacket/src/MQTTPacket.o
 .rodata        0x0000f078       0x1f src/cloud_wrapper.o
 *fill*         0x0000f097        0x1 
 .rodata.cloud_connect.str1.4
                0x0000f098       0x5a src/cloud_wrapper.o
 *fill*         0x0000f0f2        0x2 
 .rodata.disconnectCallbackHandler.str1.4
                0x0000f0f4       0xc5 src/cloud_wrapper.o
 *fill*         0x0000f1b9        0x1 
 .rodata.atInfo.cst2
                0x0000f1ba        0x2 src/CryptoAuth/lib/atca_command.o
 .rodata.atRandom.cst2
                0x0000f1bc        0x2 src/CryptoAuth/lib/atca_command.o
 .rodata.atRead.cst2
                0x0000f1bc        0x2 src/CryptoAuth/lib/atca_command.o
 .rodata.atSign.cst2
                0x0000f1be        0x2 src/CryptoAuth/lib/atca_command.o
 *fill*         0x0000f1be        0x2 
 .rodata.atVerify
                0x0000f1c0       0x20 src/CryptoAuth/lib/atca_command.o
 .rodata        0x0000f1e0        0x4 src/CryptoAuth/lib/atca_command.o
 .rodata.hal_i2c_init
                0x0000f1e4       0x18 src/CryptoAuth/lib/hal/hal_samd21_i2c_asf.o
 .rodata.change_i2c_speed
                0x0000f1fc       0x18 src/CryptoAuth/lib/hal/hal_samd21_i2c_asf.o
 .rodata        0x0000f214       0x14 src/CryptoAuth/lib/hal/hal_samd21_i2c_asf.o
 .rodata.hal_i2c_init.str1.4
                0x0000f228        0x8 src/CryptoAuth/lib/hal/hal_samd21_i2c_asf.o
 .rodata        0x0000f230       0x18 src/ASF/sam0/drivers/sercom/sercom.o
 .rodata.system_clock_source_get_hz
                0x0000f248       0x24 src/ASF/sam0/drivers/system/clock/clock_samr30/clock.o
 .rodata.main.str1.4
                0x0000f26c       0xc7 src/main.o
                                 0xcb (size before relaxing)
 *fill*         0x0000f333        0x1 
 .rodata.eccProcessREQ
                0x0000f334       0x18 src/winc15x0.o
 .rodata.EnvSensorCallbackHandler.str1.4
                0x0000f34c       0x28 src/winc15x0.o
 .rodata.MQTTSubscribeCBCallbackHandler.str1.4
                0x0000f374       0x7d src/winc15x0.o
                                 0x81 (size before relaxing)
 *fill*         0x0000f3f1        0x3 
 .rodata.__FUNCTION__.17235
                0x0000f3f4       0x22 src/winc15x0.o
 *fill*         0x0000f416        0x2 
 .rodata.__FUNCTION__.17247
                0x0000f418       0x1f src/winc15x0.o
 *fill*         0x0000f437        0x1 
 .rodata.cryptoauthlib_init.str1.4
                0x0000f438       0x97 src/winc15x0.o
 *fill*         0x0000f4cf        0x1 
 .rodata.eccProcessREQ.str1.4
                0x0000f4d0       0x6f src/winc15x0.o
                                 0x8f (size before relaxing)
 *fill*         0x0000f53f        0x1 
 .rodata.hex.17193
                0x0000f540       0x11 src/winc15x0.o
 *fill*         0x0000f551        0x3 
 .rodata.ssl_cb.str1.4
                0x0000f554       0x16 src/winc15x0.o
 *fill*         0x0000f56a        0x2 
 .rodata.wifiCryptoInit.str1.4
                0x0000f56c      0x1ac src/winc15x0.o
 .rodata.wifi_cb.str1.4
                0x0000f718      0x148 src/winc15x0.o
                                0x147 (size before relaxing)
 .rodata        0x0000f860       0x40 c:/program files (x86)/atmel/studio/7.0/toolchain/arm/arm-gnu-toolchain/bin/../lib/gcc/arm-none-eabi/6.3.1/thumb/v6-m\libgcc.a(divdf3.o)
 .rodata        0x0000f8a0       0x40 c:/program files (x86)/atmel/studio/7.0/toolchain/arm/arm-gnu-toolchain/bin/../lib/gcc/arm-none-eabi/6.3.1/thumb/v6-m\libgcc.a(muldf3.o)
 .rodata._global_impure_ptr
                0x0000f8e0        0x4 c:/program files (x86)/atmel/studio/7.0/toolchain/arm/arm-gnu-toolchain/bin/../lib/gcc/arm-none-eabi/6.3.1/../../../../arm-none-eabi/lib/thumb/v6-m\libc_nano.a(lib_a-impure.o)
                0x0000f8e0                _global_impure_ptr
 .rodata.__sf_fake_stderr
                0x0000f8e4       0x20 c:/program files (x86)/atmel/studio/7.0/toolchain/arm/arm-gnu-toolchain/bin/../lib/gcc/arm-none-eabi/6.3.1/../../../../arm-none-eabi/lib/thumb/v6-m\libc_nano.a(lib_a-findfp.o)
                0x0000f8e4                __sf_fake_stderr
 .rodata.__sf_fake_stdin
                0x0000f904       0x20 c:/program files (x86)/atmel/studio/7.0/toolchain/arm/arm-gnu-toolchain/bin/../lib/gcc/arm-none-eabi/6.3.1/../../../../arm-none-eabi/lib/thumb/v6-m\libc_nano.a(lib_a-findfp.o)
                0x0000f904                __sf_fake_stdin
 .rodata.__sf_fake_stdout
                0x0000f924       0x20 c:/program files (x86)/atmel/studio/7.0/toolchain/arm/arm-gnu-toolchain/bin/../lib/gcc/arm-none-eabi/6.3.1/../../../../arm-none-eabi/lib/thumb/v6-m\libc_nano.a(lib_a-findfp.o)
                0x0000f924                __sf_fake_stdout
 .rodata._svfprintf_r.str1.1
                0x0000f944       0x11 c:/program files (x86)/atmel/studio/7.0/toolchain/arm/arm-gnu-toolchain/bin/../lib/gcc/arm-none-eabi/6.3.1/../../../../arm-none-eabi/lib/thumb/v6-m\libc_nano.a(lib_a-nano-svfprintf.o)
 .rodata._vfprintf_r.str1.1
                0x0000f955       0x11 c:/program files (x86)/atmel/studio/7.0/toolchain/arm/arm-gnu-toolchain/bin/../lib/gcc/arm-none-eabi/6.3.1/../../../../arm-none-eabi/lib/thumb/v6-m\libc_nano.a(lib_a-nano-vfprintf.o)
 .rodata._printf_i.str1.1
                0x0000f955       0x22 c:/program files (x86)/atmel/studio/7.0/toolchain/arm/arm-gnu-toolchain/bin/../lib/gcc/arm-none-eabi/6.3.1/../../../../arm-none-eabi/lib/thumb/v6-m\libc_nano.a(lib_a-nano-vfprintf_i.o)
 *(.ARM.extab* .gnu.linkonce.armextab.*)
                0x0000f978                . = ALIGN (0x4)
 *fill*         0x0000f977        0x1 
 *(.init)
 .init          0x0000f978        0x4 c:/program files (x86)/atmel/studio/7.0/toolchain/arm/arm-gnu-toolchain/bin/../lib/gcc/arm-none-eabi/6.3.1/thumb/v6-m/crti.o
                0x0000f978                _init
 .init          0x0000f97c        0x8 c:/program files (x86)/atmel/studio/7.0/toolchain/arm/arm-gnu-toolchain/bin/../lib/gcc/arm-none-eabi/6.3.1/thumb/v6-m/crtn.o
                0x0000f984                . = ALIGN (0x4)
                0x0000f984                __preinit_array_start = .
 *(.preinit_array)
                0x0000f984                __preinit_array_end = .
                0x0000f984                . = ALIGN (0x4)
                0x0000f984                __init_array_start = .
 *(SORT(.init_array.*))
 *(.init_array)
 .init_array    0x0000f984        0x4 c:/program files (x86)/atmel/studio/7.0/toolchain/arm/arm-gnu-toolchain/bin/../lib/gcc/arm-none-eabi/6.3.1/thumb/v6-m/crtbegin.o
                0x0000f988                __init_array_end = .
                0x0000f988                . = ALIGN (0x4)
 *crtbegin.o(.ctors)
 *(EXCLUDE_FILE(*crtend.o) .ctors)
 *(SORT(.ctors.*))
 *crtend.o(.ctors)
                0x0000f988                . = ALIGN (0x4)
 *(.fini)
 .fini          0x0000f988        0x4 c:/program files (x86)/atmel/studio/7.0/toolchain/arm/arm-gnu-toolchain/bin/../lib/gcc/arm-none-eabi/6.3.1/thumb/v6-m/crti.o
                0x0000f988                _fini
 .fini          0x0000f98c        0x8 c:/program files (x86)/atmel/studio/7.0/toolchain/arm/arm-gnu-toolchain/bin/../lib/gcc/arm-none-eabi/6.3.1/thumb/v6-m/crtn.o
                0x0000f994                . = ALIGN (0x4)
                0x0000f994                __fini_array_start = .
 *(.fini_array)
 .fini_array    0x0000f994        0x4 c:/program files (x86)/atmel/studio/7.0/toolchain/arm/arm-gnu-toolchain/bin/../lib/gcc/arm-none-eabi/6.3.1/thumb/v6-m/crtbegin.o
 *(SORT(.fini_array.*))
                0x0000f998                __fini_array_end = .
 *crtbegin.o(.dtors)
 *(EXCLUDE_FILE(*crtend.o) .dtors)
 *(SORT(.dtors.*))
 *crtend.o(.dtors)
                0x0000f998                . = ALIGN (0x4)
                0x0000f998                _efixed = .
                [!provide]                PROVIDE (__exidx_start, .)

.vfp11_veneer   0x0000f998        0x0
 .vfp11_veneer  0x0000f998        0x0 linker stubs

.v4_bx          0x0000f998        0x0
 .v4_bx         0x0000f998        0x0 linker stubs

.iplt           0x0000f998        0x0
 .iplt          0x0000f998        0x0 c:/program files (x86)/atmel/studio/7.0/toolchain/arm/arm-gnu-toolchain/bin/../lib/gcc/arm-none-eabi/6.3.1/thumb/v6-m/crtbegin.o

.eh_frame       0x0000f998        0x0
 .eh_frame      0x0000f998        0x0 c:/program files (x86)/atmel/studio/7.0/toolchain/arm/arm-gnu-toolchain/bin/../lib/gcc/arm-none-eabi/6.3.1/thumb/v6-m/crtbegin.o

.rel.dyn        0x0000f998        0x0
 .rel.iplt      0x0000f998        0x0 c:/program files (x86)/atmel/studio/7.0/toolchain/arm/arm-gnu-toolchain/bin/../lib/gcc/arm-none-eabi/6.3.1/thumb/v6-m/crtbegin.o
